Component: Arm Compiler for Embedded 6.18 Tool: armlink [5e4cc100]

==============================================================================

Section Cross References

    startup_stm32h503xx.o(RESET) refers to startup_stm32h503xx.o(STACK) for __initial_sp
    startup_stm32h503xx.o(RESET) refers to startup_stm32h503xx.o(.text) for Reset_Handler
    startup_stm32h503xx.o(RESET) refers to stm32h5xx_it.o(.text.NMI_Handler) for NMI_Handler
    startup_stm32h503xx.o(RESET) refers to stm32h5xx_it.o(.text.HardFault_Handler) for HardFault_Handler
    startup_stm32h503xx.o(RESET) refers to stm32h5xx_it.o(.text.MemManage_Handler) for MemManage_Handler
    startup_stm32h503xx.o(RESET) refers to stm32h5xx_it.o(.text.BusFault_Handler) for BusFault_Handler
    startup_stm32h503xx.o(RESET) refers to stm32h5xx_it.o(.text.UsageFault_Handler) for UsageFault_Handler
    startup_stm32h503xx.o(RESET) refers to stm32h5xx_it.o(.text.SVC_Handler) for SVC_Handler
    startup_stm32h503xx.o(RESET) refers to stm32h5xx_it.o(.text.DebugMon_Handler) for DebugMon_Handler
    startup_stm32h503xx.o(RESET) refers to stm32h5xx_it.o(.text.PendSV_Handler) for PendSV_Handler
    startup_stm32h503xx.o(RESET) refers to stm32h5xx_it.o(.text.SysTick_Handler) for SysTick_Handler
    startup_stm32h503xx.o(.text) refers to system_stm32h5xx.o(.text.SystemInit) for SystemInit
    startup_stm32h503xx.o(.text) refers to entry.o(.ARM.Collect$$$$00000000) for __main
    main.o(.text.main) refers to stm32h5xx_hal.o(.text.HAL_Init) for HAL_Init
    main.o(.text.main) refers to main.o(.text.SystemClock_Config) for SystemClock_Config
    main.o(.text.main) refers to gpio.o(.text.MX_GPIO_Init) for MX_GPIO_Init
    main.o(.text.main) refers to icache.o(.text.MX_ICACHE_Init) for MX_ICACHE_Init
    main.o(.text.main) refers to app_tof.o(.text.MX_TOF_Init) for MX_TOF_Init
    main.o(.text.main) refers to custom_ranging_sensor.o(.bss..L_MergedGlobals) for CUSTOM_RANGING_CompObj
    main.o(.text.main) refers to main.o(.bss..L_MergedGlobals) for .L_MergedGlobals
    main.o(.text.main) refers to vl53l8cx_api.o(.text.vl53l8cx_set_resolution) for vl53l8cx_set_resolution
    main.o(.text.main) refers to vl53l8cx_api.o(.text.vl53l8cx_set_ranging_mode) for vl53l8cx_set_ranging_mode
    main.o(.text.main) refers to vl53l8cx_api.o(.text.vl53l8cx_set_integration_time_ms) for vl53l8cx_set_integration_time_ms
    main.o(.text.main) refers to vl53l8cx_api.o(.text.vl53l8cx_set_ranging_frequency_hz) for vl53l8cx_set_ranging_frequency_hz
    main.o(.text.main) refers to puts.o(i.puts) for puts
    main.o(.text.main) refers to vl53l8cx_api.o(.text.vl53l8cx_start_ranging) for vl53l8cx_start_ranging
    main.o(.text.main) refers to main.o(.bss.Result) for Result
    main.o(.text.main) refers to main.o(.rodata.str1.1) for .L.str.11
    main.o(.text.main) refers to stm32h5xx_hal_gpio.o(.text.HAL_GPIO_ReadPin) for HAL_GPIO_ReadPin
    main.o(.text.main) refers to vl53l8cx_api.o(.text.vl53l8cx_check_data_ready) for vl53l8cx_check_data_ready
    main.o(.text.main) refers to main.o(.bss.main.data) for main.data
    main.o(.text.main) refers to vl53l8cx_api.o(.text.vl53l8cx_get_ranging_data) for vl53l8cx_get_ranging_data
    main.o(.text.main) refers to vl53l8cx_api.o(.text.vl53l8cx_get_resolution) for vl53l8cx_get_resolution
    main.o(.text.main) refers to printf6.o(i.__0printf$6) for __2printf
    main.o(.text.main) refers to putchar.o(i.putchar) for putchar
    main.o(.ARM.exidx.text.main) refers to main.o(.text.main) for [Anonymous Symbol]
    main.o(.text.SystemClock_Config) refers to memseta.o(.text) for __aeabi_memclr4
    main.o(.text.SystemClock_Config) refers to stm32h5xx_hal_rcc.o(.text.HAL_RCC_OscConfig) for HAL_RCC_OscConfig
    main.o(.text.SystemClock_Config) refers to stm32h5xx_hal_rcc.o(.text.HAL_RCC_ClockConfig) for HAL_RCC_ClockConfig
    main.o(.ARM.exidx.text.SystemClock_Config) refers to main.o(.text.SystemClock_Config) for [Anonymous Symbol]
    main.o(.ARM.exidx.text.Error_Handler) refers to main.o(.text.Error_Handler) for [Anonymous Symbol]
    gpio.o(.text.MX_GPIO_Init) refers to stm32h5xx_hal_gpio.o(.text.HAL_GPIO_WritePin) for HAL_GPIO_WritePin
    gpio.o(.text.MX_GPIO_Init) refers to stm32h5xx_hal_gpio.o(.text.HAL_GPIO_Init) for HAL_GPIO_Init
    gpio.o(.ARM.exidx.text.MX_GPIO_Init) refers to gpio.o(.text.MX_GPIO_Init) for [Anonymous Symbol]
    icache.o(.text.MX_ICACHE_Init) refers to stm32h5xx_hal_icache.o(.text.HAL_ICACHE_ConfigAssociativityMode) for HAL_ICACHE_ConfigAssociativityMode
    icache.o(.text.MX_ICACHE_Init) refers to main.o(.text.Error_Handler) for Error_Handler
    icache.o(.text.MX_ICACHE_Init) refers to stm32h5xx_hal_icache.o(.text.HAL_ICACHE_Enable) for HAL_ICACHE_Enable
    icache.o(.ARM.exidx.text.MX_ICACHE_Init) refers to icache.o(.text.MX_ICACHE_Init) for [Anonymous Symbol]
    custom_bus.o(.text.BSP_I2C1_Init) refers to custom_bus.o(.bss..L_MergedGlobals) for .L_MergedGlobals
[...]

Image Symbol Table

    Local Symbols

    Symbol Name                              Value     Ov Type        Size  Object(Section)

    ../clib/division.s                       0x00000000   Number         0  aeabi_sdiv.o ABSOLUTE
    ../clib/microlib/division.c              0x00000000   Number         0  uldiv.o ABSOLUTE
    ../clib/microlib/division.c              0x00000000   Number         0  uidiv.o ABSOLUTE
    ../clib/microlib/init/entry.s            0x00000000   Number         0  entry.o ABSOLUTE
    ../clib/microlib/init/entry.s            0x00000000   Number         0  entry2.o ABSOLUTE
    ../clib/microlib/init/entry.s            0x00000000   Number         0  entry5.o ABSOLUTE
    ../clib/microlib/init/entry.s            0x00000000   Number         0  entry7a.o ABSOLUTE
    ../clib/microlib/init/entry.s            0x00000000   Number         0  entry7b.o ABSOLUTE
    ../clib/microlib/init/entry.s            0x00000000   Number         0  entry8a.o ABSOLUTE
    ../clib/microlib/init/entry.s            0x00000000   Number         0  entry8b.o ABSOLUTE
    ../clib/microlib/init/entry.s            0x00000000   Number         0  entry9a.o ABSOLUTE
    ../clib/microlib/init/entry.s            0x00000000   Number         0  entry9b.o ABSOLUTE
    ../clib/microlib/init/entry.s            0x00000000   Number         0  entry10a.o ABSOLUTE
    ../clib/microlib/init/entry.s            0x00000000   Number         0  entry10b.o ABSOLUTE
    ../clib/microlib/init/entry.s            0x00000000   Number         0  entry11a.o ABSOLUTE
    ../clib/microlib/init/entry.s            0x00000000   Number         0  entry11b.o ABSOLUTE
    ../clib/microlib/longlong.c              0x00000000   Number         0  llshl.o ABSOLUTE
    ../clib/microlib/longlong.c              0x00000000   Number         0  llushr.o ABSOLUTE
    ../clib/microlib/longlong.c              0x00000000   Number         0  llsshr.o ABSOLUTE
    ../clib/microlib/printf/printf.c         0x00000000   Number         0  printfb.o ABSOLUTE
    ../clib/microlib/printf/printf.c         0x00000000   Number         0  printf0.o ABSOLUTE
    ../clib/microlib/printf/printf.c         0x00000000   Number         0  printf1.o ABSOLUTE
    ../clib/microlib/printf/printf.c         0x00000000   Number         0  printf2.o ABSOLUTE
    ../clib/microlib/printf/printf.c         0x00000000   Number         0  printf3.o ABSOLUTE
    ../clib/microlib/printf/printf.c         0x00000000   Number         0  printf4.o ABSOLUTE
    ../clib/microlib/printf/printf.c         0x00000000   Number         0  printf5.o ABSOLUTE
    ../clib/microlib/printf/printf.c         0x00000000   Number         0  printf6.o ABSOLUTE
    ../clib/microlib/printf/printf.c         0x00000000   Number         0  printf7.o ABSOLUTE
    ../clib/microlib/printf/printf.c         0x00000000   Number         0  printf8.o ABSOLUTE
    ../clib/microlib/printf/printf.c         0x00000000   Number         0  printfa.o ABSOLUTE
    ../clib/microlib/printf/stubs.s          0x00000000   Number         0  printfstubs.o ABSOLUTE
    ../clib/microlib/stdio/putchar.c         0x00000000   Number         0  putchar.o ABSOLUTE
    ../clib/microlib/stdio/puts.c            0x00000000   Number         0  puts.o ABSOLUTE
    ../clib/microlib/stdio/puts.c            0x00000000   Number         0  puts_e.o ABSOLUTE
    ../clib/microlib/stdio/streams.c         0x00000000   Number         0  stdout.o ABSOLUTE
    ../clib/microlib/string/memcpy.c         0x00000000   Number         0  memcpya.o ABSOLUTE
    ../clib/microlib/string/memcpy.c         0x00000000   Number         0  memmovea.o ABSOLUTE
    ../clib/microlib/string/memcpy.c         0x00000000   Number         0  memcpyb.o ABSOLUTE
    ../clib/microlib/string/memcpy.c         0x00000000   Number         0  memmoveb.o ABSOLUTE
    ../clib/microlib/string/memset.c         0x00000000   Number         0  memseta.o ABSOLUTE
    ../clib/microlib/stubs.s                 0x00000000   Number         0  iusefp.o ABSOLUTE
    ../fplib/microlib/fpadd.c                0x00000000   Number         0  dadd.o ABSOLUTE
    ../fplib/microlib/fpdiv.c                0x00000000   Number         0  ddiv.o ABSOLUTE
    ../fplib/microlib/fpepilogue.c           0x00000000   Number         0  depilogue.o ABSOLUTE
    ../fplib/microlib/fpfix.c                0x00000000   Number         0  dfixul.o ABSOLUTE
    ../fplib/microlib/fpmul.c                0x00000000   Number         0  dmul.o ABSOLUTE
    app_tof.c                                0x00000000   Number         0  app_tof.o ABSOLUTE
    bsp.c                                    0x00000000   Number         0  bsp.o ABSOLUTE
    cdrcmple.s                               0x00000000   Number         0  cdrcmple.o ABSOLUTE
    custom.c                                 0x00000000   Number         0  custom.o ABSOLUTE
    custom_bus.c                             0x00000000   Number         0  custom_bus.o ABSOLUTE
    custom_ranging_sensor.c                  0x00000000   Number         0  custom_ranging_sensor.o ABSOLUTE
    dc.s                                     0x00000000   Number         0  dc.o ABSOLUTE
    gpio.c                                   0x00000000   Number         0  gpio.o ABSOLUTE
    handlers.s                               0x00000000   Number         0  handlers.o ABSOLUTE
    icache.c                                 0x00000000   Number         0  icache.o ABSOLUTE
    init.s                                   0x00000000   Number         0  init.o ABSOLUTE
    main.c                                   0x00000000   Number         0  main.o ABSOLUTE
    memorymap.c                              0x00000000   Number         0  memorymap.o ABSOLUTE
    platform.c                               0x00000000   Number         0  platform.o ABSOLUTE
    startup_stm32h503xx.s                    0x00000000   Number         0  startup_stm32h503xx.o ABSOLUTE
    stm32h5xx_hal.c                          0x00000000   Number         0  stm32h5xx_hal.o ABSOLUTE
    stm32h5xx_hal_cortex.c                   0x00000000   Number         0  stm32h5xx_hal_cortex.o ABSOLUTE
    stm32h5xx_hal_dma.c                      0x00000000   Number         0  stm32h5xx_hal_dma.o ABSOLUTE
    stm32h5xx_hal_dma_ex.c                   0x00000000   Number         0  stm32h5xx_hal_dma_ex.o ABSOLUTE
    stm32h5xx_hal_exti.c                     0x00000000   Number         0  stm32h5xx_hal_exti.o ABSOLUTE
    stm32h5xx_hal_flash.c                    0x00000000   Number         0  stm32h5xx_hal_flash.o ABSOLUTE
    stm32h5xx_hal_flash_ex.c                 0x00000000   Number         0  stm32h5xx_hal_flash_ex.o ABSOLUTE
    stm32h5xx_hal_gpio.c                     0x00000000   Number         0  stm32h5xx_hal_gpio.o ABSOLUTE
    stm32h5xx_hal_i2c.c                      0x00000000   Number         0  stm32h5xx_hal_i2c.o ABSOLUTE
    stm32h5xx_hal_i2c_ex.c                   0x00000000   Number         0  stm32h5xx_hal_i2c_ex.o ABSOLUTE
    stm32h5xx_hal_icache.c                   0x00000000   Number         0  stm32h5xx_hal_icache.o ABSOLUTE
    stm32h5xx_hal_msp.c                      0x00000000   Number         0  stm32h5xx_hal_msp.o ABSOLUTE
    stm32h5xx_hal_pwr.c                      0x00000000   Number         0  stm32h5xx_hal_pwr.o ABSOLUTE
    stm32h5xx_hal_pwr_ex.c                   0x00000000   Number         0  stm32h5xx_hal_pwr_ex.o ABSOLUTE
    stm32h5xx_hal_rcc.c                      0x00000000   Number         0  stm32h5xx_hal_rcc.o ABSOLUTE
    stm32h5xx_hal_rcc_ex.c                   0x00000000   Number         0  stm32h5xx_hal_rcc_ex.o ABSOLUTE
    stm32h5xx_hal_tim.c                      0x00000000   Number         0  stm32h5xx_hal_tim.o ABSOLUTE
    stm32h5xx_hal_tim_ex.c                   0x00000000   Number         0  stm32h5xx_hal_tim_ex.o ABSOLUTE
    stm32h5xx_hal_uart.c                     0x00000000   Number         0  stm32h5xx_hal_uart.o ABSOLUTE
    stm32h5xx_hal_uart_ex.c                  0x00000000   Number         0  stm32h5xx_hal_uart_ex.o ABSOLUTE
    stm32h5xx_it.c                           0x00000000   Number         0  stm32h5xx_it.o ABSOLUTE
    system_stm32h5xx.c                       0x00000000   Number         0  system_stm32h5xx.o ABSOLUTE
    vl53l8cx.c                               0x00000000   Number         0  vl53l8cx.o ABSOLUTE
    vl53l8cx_api.c                           0x00000000   Number         0  vl53l8cx_api.o ABSOLUTE
    vl53l8cx_plugin_detection_thresholds.c   0x00000000   Number         0  vl53l8cx_plugin_detection_thresholds.o ABSOLUTE
    vl53l8cx_plugin_motion_indicator.c       0x00000000   Number         0  vl53l8cx_plugin_motion_indicator.o ABSOLUTE
    vl53l8cx_plugin_xtalk.c                  0x00000000   Number         0  vl53l8cx_plugin_xtalk.o ABSOLUTE
    RESET                                    0x08000000   Section      600  startup_stm32h503xx.o(RESET)
    .ARM.Collect$$$$00000000                 0x08000258   Section        0  entry.o(.ARM.Collect$$$$00000000)
    .ARM.Collect$$$$00000001                 0x08000258   Section        4  entry2.o(.ARM.Collect$$$$00000001)
    .ARM.Collect$$$$00000004                 0x0800025c   Section        4  entry5.o(.ARM.Collect$$$$00000004)
    .ARM.Collect$$$$00000008                 0x08000260   Section        0  entry7b.o(.ARM.Collect$$$$00000008)
    .ARM.Collect$$$$0000000A                 0x08000260   Section        0  entry8b.o(.ARM.Collect$$$$0000000A)
    .ARM.Collect$$$$0000000B                 0x08000260   Section        8  entry9a.o(.ARM.Collect$$$$0000000B)
    __lit__00000000                          0x08000268   Data           4  entry2.o(.ARM.Collect$$$$00002712)
    .ARM.Collect$$$$0000000D                 0x08000268   Section        0  entry10a.o(.ARM.Collect$$$$0000000D)
    .ARM.Collect$$$$0000000F                 0x08000268   Section        0  entry11a.o(.ARM.Collect$$$$0000000F)
    .ARM.Collect$$$$00002712                 0x08000268   Section        4  entry2.o(.ARM.Collect$$$$00002712)
    $v0                                      0x0800026c   Number         0  startup_stm32h503xx.o(.text)
    .text                                    0x0800026c   Section       40  startup_stm32h503xx.o(.text)
    .text                                    0x08000294   Section        0  uldiv.o(.text)
    .text                                    0x080002f6   Section        0  memmovea.o(.text)
    .text                                    0x08000336   Section        0  memseta.o(.text)
    .text                                    0x0800035a   Section        0  uidiv.o(.text)
    .text                                    0x08000386   Section        0  llshl.o(.text)
    .text                                    0x080003a4   Section        0  llushr.o(.text)
    .text                                    0x080003c4   Section       36  init.o(.text)
    [Anonymous Symbol]                       0x080003e8   Section        0  custom.o(.text.BSP_COM_Init)
    [Anonymous Symbol]                       0x080004ac   Section        0  custom_bus.o(.text.BSP_GetTick)
    [Anonymous Symbol]                       0x080004b0   Section        0  custom_bus.o(.text.BSP_I2C1_DeInit)
    [Anonymous Symbol]                       0x08000500   Section        0  custom_bus.o(.text.BSP_I2C1_Init)
    [Anonymous Symbol]                       0x080005f4   Section        0  custom_bus.o(.text.BSP_I2C1_ReadReg16)
    [Anonymous Symbol]                       0x08000640   Section        0  custom_bus.o(.text.BSP_I2C1_WriteReg16)
    [Anonymous Symbol]                       0x0800068c   Section        0  stm32h5xx_it.o(.text.BusFault_Handler)
    [Anonymous Symbol]                       0x08000690   Section        0  custom_ranging_sensor.o(.text.CUSTOM_RANGING_SENSOR_Init)
    [Anonymous Symbol]                       0x08000764   Section        0  stm32h5xx_it.o(.text.DebugMon_Handler)
    [Anonymous Symbol]                       0x08000768   Section        0  main.o(.text.Error_Handler)
    [Anonymous Symbol]                       0x08000770   Section        0  stm32h5xx_hal.o(.text.HAL_Delay)
    [Anonymous Symbol]                       0x08000798   Section        0  stm32h5xx_hal_gpio.o(.text.HAL_GPIO_DeInit)
    [Anonymous Symbol]                       0x08000894   Section        0  stm32h5xx_hal_gpio.o(.text.HAL_GPIO_Init)
    [Anonymous Symbol]                       0x08000a30   Section        0  stm32h5xx_hal_gpio.o(.text.HAL_GPIO_ReadPin)
    [Anonymous Symbol]                       0x08000a3c   Section        0  stm32h5xx_hal_gpio.o(.text.HAL_GPIO_WritePin)
    [Anonymous Symbol]                       0x08000a48   Section        0  stm32h5xx_hal.o(.text.HAL_GetTick)
    [Anonymous Symbol]                       0x08000a54   Section        0  stm32h5xx_hal_i2c_ex.o(.text.HAL_I2CEx_ConfigAnalogFilter)
    [Anonymous Symbol]                       0x08000aa0   Section        0  stm32h5xx_hal_i2c_ex.o(.text.HAL_I2CEx_ConfigDigitalFilter)
    [Anonymous Symbol]                       0x08000ae8   Section        0  stm32h5xx_hal_i2c.o(.text.HAL_I2C_DeInit)
    [Anonymous Symbol]                       0x08000b20   Section        0  stm32h5xx_hal_i2c.o(.text.HAL_I2C_GetError)
    [Anonymous Symbol]                       0x08000b24   Section        0  stm32h5xx_hal_i2c.o(.text.HAL_I2C_GetState)
    [Anonymous Symbol]                       0x08000b2c   Section        0  stm32h5xx_hal_i2c.o(.text.HAL_I2C_Init)
    [Anonymous Symbol]                       0x08000bd8   Section        0  stm32h5xx_hal_i2c.o(.text.HAL_I2C_Mem_Read)
    [Anonymous Symbol]                       0x08000e18   Section        0  stm32h5xx_hal_i2c.o(.text.HAL_I2C_Mem_Write)
    [Anonymous Symbol]                       0x08001050   Section        0  stm32h5xx_hal_i2c.o(.text.HAL_I2C_MspDeInit)
    [Anonymous Symbol]                       0x08001054   Section        0  stm32h5xx_hal_i2c.o(.text.HAL_I2C_MspInit)
    [Anonymous Symbol]                       0x08001058   Section        0  stm32h5xx_hal_icache.o(.text.HAL_ICACHE_ConfigAssociativityMode)
    [Anonymous Symbol]                       0x08001078   Section        0  stm32h5xx_hal_icache.o(.text.HAL_ICACHE_Enable)
    [Anonymous Symbol]                       0x0800108c   Section        0  stm32h5xx_hal.o(.text.HAL_IncTick)
    [Anonymous Symbol]                       0x080010a8   Section        0  stm32h5xx_hal.o(.text.HAL_Init)
    [Anonymous Symbol]                       0x080010f4   Section        0  stm32h5xx_hal.o(.text.HAL_InitTick)
    [Anonymous Symbol]                       0x080011a0   Section        0  stm32h5xx_hal_msp.o(.text.HAL_MspInit)
    [Anonymous Symbol]                       0x080011a4   Section        0  stm32h5xx_hal_cortex.o(.text.HAL_NVIC_SetPriority)
    [Anonymous Symbol]                       0x080011fc   Section        0  stm32h5xx_hal_cortex.o(.text.HAL_NVIC_SetPriorityGrouping)
    [Anonymous Symbol]                       0x0800121c   Section        0  stm32h5xx_hal_rcc_ex.o(.text.HAL_RCCEx_GetPLL1ClockFreq)
    [Anonymous Symbol]                       0x080013d0   Section        0  stm32h5xx_hal_rcc_ex.o(.text.HAL_RCCEx_GetPLL2ClockFreq)
    [Anonymous Symbol]                       0x08001584   Section        0  stm32h5xx_hal_rcc_ex.o(.text.HAL_RCCEx_GetPeriphCLKFreq)
    [Anonymous Symbol]                       0x08001d04   Section        0  stm32h5xx_hal_rcc_ex.o(.text.HAL_RCCEx_PeriphCLKConfig)
    [Anonymous Symbol]                       0x080023c8   Section        0  stm32h5xx_hal_rcc.o(.text.HAL_RCC_ClockConfig)
    [Anonymous Symbol]                       0x08002638   Section        0  stm32h5xx_hal_rcc.o(.text.HAL_RCC_GetHCLKFreq)
    [Anonymous Symbol]                       0x08002668   Section        0  stm32h5xx_hal_rcc.o(.text.HAL_RCC_GetPCLK1Freq)
    [Anonymous Symbol]                       0x080026b0   Section        0  stm32h5xx_hal_rcc.o(.text.HAL_RCC_GetPCLK2Freq)
    [Anonymous Symbol]                       0x080026f8   Section        0  stm32h5xx_hal_rcc.o(.text.HAL_RCC_GetPCLK3Freq)
    [Anonymous Symbol]                       0x08002740   Section        0  stm32h5xx_hal_rcc.o(.text.HAL_RCC_GetSysClockFreq)
    [Anonymous Symbol]                       0x0800286c   Section        0  stm32h5xx_hal_rcc.o(.text.HAL_RCC_OscConfig)
    [Anonymous Symbol]                       0x08002eb8   Section        0  stm32h5xx_hal_cortex.o(.text.HAL_SYSTICK_CLKSourceConfig)
    [Anonymous Symbol]                       0x08002f48   Section        0  stm32h5xx_hal_cortex.o(.text.HAL_SYSTICK_Config)
    [Anonymous Symbol]                       0x08002f6c   Section        0  stm32h5xx_hal_cortex.o(.text.HAL_SYSTICK_GetCLKSourceConfig)
    [Anonymous Symbol]                       0x08002f9c   Section        0  stm32h5xx_hal_uart_ex.o(.text.HAL_UARTEx_DisableFifoMode)
    [Anonymous Symbol]                       0x08002fd4   Section        0  stm32h5xx_hal_uart_ex.o(.text.HAL_UARTEx_SetRxFifoThreshold)
    [Anonymous Symbol]                       0x08003060   Section        0  stm32h5xx_hal_uart_ex.o(.text.HAL_UARTEx_SetTxFifoThreshold)
    [Anonymous Symbol]                       0x080030ec   Section        0  stm32h5xx_hal_uart.o(.text.HAL_UART_Init)
    [Anonymous Symbol]                       0x08003154   Section        0  stm32h5xx_hal_uart.o(.text.HAL_UART_MspInit)
    [Anonymous Symbol]                       0x08003158   Section        0  stm32h5xx_hal_uart.o(.text.HAL_UART_Transmit)
    [Anonymous Symbol]                       0x080032f8   Section        0  stm32h5xx_it.o(.text.HardFault_Handler)
    I2C_IsErrorOccurred                      0x080032fd   Thumb Code   352  stm32h5xx_hal_i2c.o(.text.I2C_IsErrorOccurred)
    [Anonymous Symbol]                       0x080032fc   Section        0  stm32h5xx_hal_i2c.o(.text.I2C_IsErrorOccurred)
    I2C_WaitOnFlagUntilTimeout               0x0800345d   Thumb Code   258  stm32h5xx_hal_i2c.o(.text.I2C_WaitOnFlagUntilTimeout)
    [Anonymous Symbol]                       0x0800345c   Section        0  stm32h5xx_hal_i2c.o(.text.I2C_WaitOnFlagUntilTimeout)
    I2C_WaitOnSTOPFlagUntilTimeout           0x08003561   Thumb Code   128  stm32h5xx_hal_i2c.o(.text.I2C_WaitOnSTOPFlagUntilTimeout)
    [Anonymous Symbol]                       0x08003560   Section        0  stm32h5xx_hal_i2c.o(.text.I2C_WaitOnSTOPFlagUntilTimeout)
    I2C_WaitOnTXISFlagUntilTimeout           0x080035e1   Thumb Code   172  stm32h5xx_hal_i2c.o(.text.I2C_WaitOnTXISFlagUntilTimeout)
    [Anonymous Symbol]                       0x080035e0   Section        0  stm32h5xx_hal_i2c.o(.text.I2C_WaitOnTXISFlagUntilTimeout)
    [Anonymous Symbol]                       0x0800368c   Section        0  gpio.o(.text.MX_GPIO_Init)
    [Anonymous Symbol]                       0x080036fc   Section        0  custom_bus.o(.text.MX_I2C1_Init)
    [Anonymous Symbol]                       0x0800374c   Section        0  icache.o(.text.MX_ICACHE_Init)
    [Anonymous Symbol]                       0x08003770   Section        0  app_tof.o(.text.MX_TOF_Init)
    [Anonymous Symbol]                       0x080037e8   Section        0  custom.o(.text.MX_USART1_UART_Init)
    [Anonymous Symbol]                       0x08003844   Section        0  stm32h5xx_it.o(.text.MemManage_Handler)
    [Anonymous Symbol]                       0x08003848   Section        0  stm32h5xx_it.o(.text.NMI_Handler)
    [Anonymous Symbol]                       0x0800384c   Section        0  stm32h5xx_it.o(.text.PendSV_Handler)
    RCCEx_PLL2_Config                        0x08003851   Thumb Code   240  stm32h5xx_hal_rcc_ex.o(.text.RCCEx_PLL2_Config)
    [Anonymous Symbol]                       0x08003850   Section        0  stm32h5xx_hal_rcc_ex.o(.text.RCCEx_PLL2_Config)
    [Anonymous Symbol]                       0x08003940   Section        0  stm32h5xx_it.o(.text.SVC_Handler)
    [Anonymous Symbol]                       0x08003944   Section        0  stm32h5xx_it.o(.text.SysTick_Handler)
    [Anonymous Symbol]                       0x08003948   Section        0  main.o(.text.SystemClock_Config)
    [Anonymous Symbol]                       0x08003a10   Section        0  system_stm32h5xx.o(.text.SystemInit)
    [Anonymous Symbol]                       0x08003ab8   Section        0  stm32h5xx_hal_uart.o(.text.UART_AdvFeatureConfig)
    [Anonymous Symbol]                       0x08003ba0   Section        0  stm32h5xx_hal_uart.o(.text.UART_CheckIdleState)
    [Anonymous Symbol]                       0x08003d10   Section        0  stm32h5xx_hal_uart.o(.text.UART_SetConfig)
    [Anonymous Symbol]                       0x08003ec0   Section        0  stm32h5xx_hal_uart.o(.text.UART_WaitOnFlagUntilTimeout)
    [Anonymous Symbol]                       0x08004210   Section        0  stm32h5xx_it.o(.text.UsageFault_Handler)
    [Anonymous Symbol]                       0x08004214   Section        0  vl53l8cx.o(.text.VL53L8CX_ConfigIT)
    [Anonymous Symbol]                       0x080043a4   Section        0  vl53l8cx.o(.text.VL53L8CX_ConfigProfile)
    [Anonymous Symbol]                       0x08004448   Section        0  vl53l8cx.o(.text.VL53L8CX_ConfigROI)
    [Anonymous Symbol]                       0x08004450   Section        0  vl53l8cx.o(.text.VL53L8CX_DeInit)
    [Anonymous Symbol]                       0x0800447c   Section        0  vl53l8cx.o(.text.VL53L8CX_GetAddress)
    [Anonymous Symbol]                       0x08004494   Section        0  vl53l8cx.o(.text.VL53L8CX_GetCapabilities)
    [Anonymous Symbol]                       0x080044b4   Section        0  vl53l8cx.o(.text.VL53L8CX_GetDistance)
    [Anonymous Symbol]                       0x08004728   Section        0  vl53l8cx.o(.text.VL53L8CX_GetPowerMode)
    [Anonymous Symbol]                       0x08004764   Section        0  vl53l8cx.o(.text.VL53L8CX_Init)
    [Anonymous Symbol]                       0x0800479c   Section        0  platform.o(.text.VL53L8CX_RdByte)
    [Anonymous Symbol]                       0x080047ac   Section        0  platform.o(.text.VL53L8CX_RdMulti)
    [Anonymous Symbol]                       0x080047bc   Section        0  vl53l8cx.o(.text.VL53L8CX_ReadID)
    [Anonymous Symbol]                       0x08004838   Section        0  vl53l8cx.o(.text.VL53L8CX_RegisterBusIO)
    [Anonymous Symbol]                       0x08004888   Section        0  vl53l8cx.o(.text.VL53L8CX_SetAddress)
    [Anonymous Symbol]                       0x080048b0   Section        0  vl53l8cx.o(.text.VL53L8CX_SetPowerMode)
    [Anonymous Symbol]                       0x080048dc   Section        0  vl53l8cx.o(.text.VL53L8CX_Start)
    [Anonymous Symbol]                       0x08004940   Section        0  vl53l8cx.o(.text.VL53L8CX_Stop)
    [Anonymous Symbol]                       0x0800496c   Section        0  platform.o(.text.VL53L8CX_SwapBuffer)
    [Anonymous Symbol]                       0x08004a3c   Section        0  platform.o(.text.VL53L8CX_WaitMs)
    [Anonymous Symbol]                       0x08004a58   Section        0  platform.o(.text.VL53L8CX_WrByte)
    [Anonymous Symbol]                       0x08004a74   Section        0  platform.o(.text.VL53L8CX_WrMulti)
    _vl53l8cx_send_offset_data               0x08004a85   Thumb Code  1392  vl53l8cx_api.o(.text._vl53l8cx_send_offset_data)
    [Anonymous Symbol]                       0x08004a84   Section        0  vl53l8cx_api.o(.text._vl53l8cx_send_offset_data)
    _vl53l8cx_send_xtalk_data                0x08004ff5   Thumb Code   776  vl53l8cx_api.o(.text._vl53l8cx_send_xtalk_data)
    [Anonymous Symbol]                       0x08004ff4   Section        0  vl53l8cx_api.o(.text._vl53l8cx_send_xtalk_data)
    [Anonymous Symbol]                       0x080052fc   Section        0  custom.o(.text.fputc)
    [Anonymous Symbol]                       0x08005330   Section        0  main.o(.text.main)
    __arm_cp.0_9                             0x08005754   Number         4  main.o(.text.main)
    [Anonymous Symbol]                       0x08005f04   Section        0  vl53l8cx_api.o(.text.vl53l8cx_check_data_ready)
    [Anonymous Symbol]                       0x08005f68   Section        0  vl53l8cx_api.o(.text.vl53l8cx_dci_read_data)
    [Anonymous Symbol]                       0x080060bc   Section        0  vl53l8cx_api.o(.text.vl53l8cx_dci_replace_data)
    [Anonymous Symbol]                       0x080060fc   Section        0  vl53l8cx_api.o(.text.vl53l8cx_dci_write_data)
    [Anonymous Symbol]                       0x08006224   Section        0  vl53l8cx_api.o(.text.vl53l8cx_get_power_mode)
    [Anonymous Symbol]                       0x08006290   Section        0  vl53l8cx_api.o(.text.vl53l8cx_get_ranging_data)
    [Anonymous Symbol]                       0x080068e8   Section        0  vl53l8cx_api.o(.text.vl53l8cx_get_resolution)
    [Anonymous Symbol]                       0x0800690c   Section        0  vl53l8cx_api.o(.text.vl53l8cx_init)
    [Anonymous Symbol]                       0x08006f18   Section        0  vl53l8cx_plugin_detection_thresholds.o(.text.vl53l8cx_set_detection_thresholds)
    [Anonymous Symbol]                       0x08007594   Section        0  vl53l8cx_plugin_detection_thresholds.o(.text.vl53l8cx_set_detection_thresholds_enable)
    [Anonymous Symbol]                       0x08007600   Section        0  vl53l8cx_api.o(.text.vl53l8cx_set_i2c_address)
    [Anonymous Symbol]                       0x08007634   Section        0  vl53l8cx_api.o(.text.vl53l8cx_set_integration_time_ms)
    [Anonymous Symbol]                       0x0800767c   Section        0  vl53l8cx_api.o(.text.vl53l8cx_set_power_mode)
    [Anonymous Symbol]                       0x08007874   Section        0  vl53l8cx_api.o(.text.vl53l8cx_set_ranging_frequency_hz)
    [Anonymous Symbol]                       0x080078a8   Section        0  vl53l8cx_api.o(.text.vl53l8cx_set_ranging_mode)
    [Anonymous Symbol]                       0x08007920   Section        0  vl53l8cx_api.o(.text.vl53l8cx_set_resolution)
    [Anonymous Symbol]                       0x08007a0c   Section        0  vl53l8cx_api.o(.text.vl53l8cx_start_ranging)
    [Anonymous Symbol]                       0x08007da8   Section        0  vl53l8cx_api.o(.text.vl53l8cx_stop_ranging)
    i.__0printf$6                            0x08007eb0   Section        0  printf6.o(i.__0printf$6)
    i.__scatterload_copy                     0x08007ed0   Section       14  handlers.o(i.__scatterload_copy)
    i.__scatterload_null                     0x08007ede   Section        2  handlers.o(i.__scatterload_null)
    i.__scatterload_zeroinit                 0x08007ee0   Section       14  handlers.o(i.__scatterload_zeroinit)
    _printf_core                             0x08007ef1   Thumb Code   748  printf6.o(i._printf_core)
    i._printf_core                           0x08007ef0   Section        0  printf6.o(i._printf_core)
    _printf_post_padding                     0x080081e1   Thumb Code    36  printf6.o(i._printf_post_padding)
    i._printf_post_padding                   0x080081e0   Section        0  printf6.o(i._printf_post_padding)
    _printf_pre_padding                      0x08008205   Thumb Code    46  printf6.o(i._printf_pre_padding)
    i._printf_pre_padding                    0x08008204   Section        0  printf6.o(i._printf_pre_padding)
    i.putchar                                0x08008234   Section        0  putchar.o(i.putchar)
    i.puts                                   0x08008240   Section        0  puts.o(i.puts)
    .L__const.vl53l8cx_start_ranging.output  0x08008264   Data          48  vl53l8cx_api.o(.rodata..L__const.vl53l8cx_start_ranging.output)
    .L__const.vl53l8cx_start_ranging.output_bh_enable 0x0801d9c0   Data          16  vl53l8cx_api.o(.rodata.cst16)
    UARTEx_SetNbDataToProcess.numerator      0x0801d9d0   Data           8  stm32h5xx_hal_uart_ex.o(.rodata.cst8)
    [Anonymous Symbol]                       0x0801d9d0   Section        0  stm32h5xx_hal_uart_ex.o(.rodata.cst8)
    UARTEx_SetNbDataToProcess.denominator    0x0801d9d8   Data           8  stm32h5xx_hal_uart_ex.o(.rodata.cst8)
    .Lstr.39                                 0x0801d9e0   Data          42  main.o(.rodata.str1.1)
    [Anonymous Symbol]                       0x0801d9e0   Section        0  main.o(.rodata.str1.1)
    .L.str.4                                 0x0801da0a   Data          28  main.o(.rodata.str1.1)
    .L.str.13                                0x0801da26   Data          19  main.o(.rodata.str1.1)
    .L.str.16                                0x0801da39   Data          31  main.o(.rodata.str1.1)
    .L.str.15                                0x0801da58   Data          30  main.o(.rodata.str1.1)
    .L.str.17                                0x0801da76   Data          15  main.o(.rodata.str1.1)
    .L.str.11                                0x0801da85   Data          19  main.o(.rodata.str1.1)
    .L.str.18                                0x0801da98   Data           2  main.o(.rodata.str1.1)
    .Lstr.38                                 0x0801da9a   Data          13  main.o(.rodata.str1.1)
    .Lstr.43                                 0x0801daa7   Data          20  main.o(.rodata.str1.1)
    .Lstr.40                                 0x0801dabb   Data          46  main.o(.rodata.str1.1)
    .Lstr.37                                 0x0801dae9   Data          41  main.o(.rodata.str1.1)
    .Lstr.41                                 0x0801db12   Data          25  main.o(.rodata.str1.1)
    .Lstr.42                                 0x0801db2b   Data          33  main.o(.rodata.str1.1)
    .Lstr.36                                 0x0801db4c   Data           2  main.o(.rodata.str1.1)
    .data                                    0x20000000   Section        4  stdout.o(.data)
    .L_MergedGlobals                         0x20000004   Data           8  stm32h5xx_hal.o(.data..L_MergedGlobals)
    [Anonymous Symbol]                       0x20000004   Section        0  stm32h5xx_hal.o(.data..L_MergedGlobals)
    .L_MergedGlobals                         0x20000050   Data           8  main.o(.bss..L_MergedGlobals)
    Profile.0                                0x20000050   Data           1  main.o(.bss..L_MergedGlobals)
    [Anonymous Symbol]                       0x20000050   Section        0  main.o(.bss..L_MergedGlobals)
    status                                   0x20000054   Data           4  main.o(.bss..L_MergedGlobals)
    .L_MergedGlobals                         0x20000058   Data          88  custom_bus.o(.bss..L_MergedGlobals)
    I2C1InitCounter                          0x20000058   Data           4  custom_bus.o(.bss..L_MergedGlobals)
    [Anonymous Symbol]                       0x20000058   Section        0  custom_bus.o(.bss..L_MergedGlobals)
    .L_MergedGlobals                         0x200000b0   Data          20  custom_ranging_sensor.o(.bss..L_MergedGlobals)
    [Anonymous Symbol]                       0x200000b0   Section        0  custom_ranging_sensor.o(.bss..L_MergedGlobals)
    RANGING_SENSOR_Cap                       0x200000b4   Data          16  custom_ranging_sensor.o(.bss..L_MergedGlobals)
    COM_ActiveLogPort                        0x200000c4   Data           1  custom.o(.bss.COM_ActiveLogPort)
    [Anonymous Symbol]                       0x200000c4   Section        0  custom.o(.bss.COM_ActiveLogPort)
    Result                                   0x200000c8   Data        1284  main.o(.bss.Result)
    [Anonymous Symbol]                       0x200000c8   Section        0  main.o(.bss.Result)
    VL53L8CX_ConfigIT.thresholds             0x200005cc   Data         768  vl53l8cx.o(.bss.VL53L8CX_ConfigIT.thresholds)
    [Anonymous Symbol]                       0x200005cc   Section        0  vl53l8cx.o(.bss.VL53L8CX_ConfigIT.thresholds)
    VL53L8CX_Probe.VL53L8CXObj               0x200008cc   Data        2784  custom_ranging_sensor.o(.bss.VL53L8CX_Probe.VL53L8CXObj)
    [Anonymous Symbol]                       0x200008cc   Section        0  custom_ranging_sensor.o(.bss.VL53L8CX_Probe.VL53L8CXObj)
    main.data                                0x20001440   Data        1360  main.o(.bss.main.data)
    [Anonymous Symbol]                       0x20001440   Section        0  main.o(.bss.main.data)
    vl53l8cx_get_result.data                 0x20001994   Data        1360  vl53l8cx.o(.bss.vl53l8cx_get_result.data)
    [Anonymous Symbol]                       0x20001994   Section        0  vl53l8cx.o(.bss.vl53l8cx_get_result.data)
    STACK                                    0x20001ee8   Section    16384  startup_stm32h503xx.o(STACK)

    Global Symbols

    Symbol Name                              Value     Ov Type        Size  Object(Section)

    BuildAttributes$$THM_ISAv4$E$P$D$K$B$S$7EM$8M$VFPi5$EXTD16$VFPS$VFMA$PE$A:L22UL41UL21$X:L11$S22US41US21$IEEE1$IW$~IW$USESV6$~STKCKD$USESV7$~SHL$OTIME$ROPI$EBA8$MICROLIB$REQ8$PRES8$EABIv2 0x00000000   Number         0  anon$$obj.o ABSOLUTE
    _printf_a                                0x00000000   Number         0  printfstubs.o ABSOLUTE
    _printf_c                                0x00000000   Number         0  printfstubs.o ABSOLUTE
    _printf_charcount                        0x00000000   Number         0  printfstubs.o ABSOLUTE
    _printf_d                                0x00000000   Number         0  printfstubs.o ABSOLUTE
    _printf_e                                0x00000000   Number         0  printfstubs.o ABSOLUTE
    _printf_f                                0x00000000   Number         0  printfstubs.o ABSOLUTE
    _printf_flags                            0x00000000   Number         0  printfstubs.o ABSOLUTE
    _printf_fp_dec                           0x00000000   Number         0  printfstubs.o ABSOLUTE
    _printf_fp_hex                           0x00000000   Number         0  printfstubs.o ABSOLUTE
    _printf_g                                0x00000000   Number         0  printfstubs.o ABSOLUTE
    _printf_i                                0x00000000   Number         0  printfstubs.o ABSOLUTE
    _printf_int_dec                          0x00000000   Number         0  printfstubs.o ABSOLUTE
    _printf_l                                0x00000000   Number         0  printfstubs.o ABSOLUTE
    _printf_lc                               0x00000000   Number         0  printfstubs.o ABSOLUTE
    _printf_ll                               0x00000000   Number         0  printfstubs.o ABSOLUTE
    _printf_lld                              0x00000000   Number         0  printfstubs.o ABSOLUTE
    _printf_lli                              0x00000000   Number         0  printfstubs.o ABSOLUTE
    _printf_llo                              0x00000000   Number         0  printfstubs.o ABSOLUTE
    _printf_llu                              0x00000000   Number         0  printfstubs.o ABSOLUTE
    _printf_llx                              0x00000000   Number         0  printfstubs.o ABSOLUTE
    _printf_longlong_dec                     0x00000000   Number         0  printfstubs.o ABSOLUTE
    _printf_longlong_hex                     0x00000000   Number         0  printfstubs.o ABSOLUTE
    _printf_longlong_oct                     0x00000000   Number         0  printfstubs.o ABSOLUTE
    _printf_ls                               0x00000000   Number         0  printfstubs.o ABSOLUTE
    _printf_mbtowc                           0x00000000   Number         0  printfstubs.o ABSOLUTE
    _printf_n                                0x00000000   Number         0  printfstubs.o ABSOLUTE
    _printf_o                                0x00000000   Number         0  printfstubs.o ABSOLUTE
    _printf_p                                0x00000000   Number         0  printfstubs.o ABSOLUTE
    _printf_percent                          0x00000000   Number         0  printfstubs.o ABSOLUTE
    _printf_pre_padding                      0x00000000   Number         0  printfstubs.o ABSOLUTE
    _printf_return_value                     0x00000000   Number         0  printfstubs.o ABSOLUTE
    _printf_s                                0x00000000   Number         0  printfstubs.o ABSOLUTE
    _printf_sizespec                         0x00000000   Number         0  printfstubs.o ABSOLUTE
    _printf_str                              0x00000000   Number         0  printfstubs.o ABSOLUTE
    _printf_truncate_signed                  0x00000000   Number         0  printfstubs.o ABSOLUTE
    _printf_truncate_unsigned                0x00000000   Number         0  printfstubs.o ABSOLUTE
    _printf_u                                0x00000000   Number         0  printfstubs.o ABSOLUTE
    _printf_wc                               0x00000000   Number         0  printfstubs.o ABSOLUTE
    _printf_wctomb                           0x00000000   Number         0  printfstubs.o ABSOLUTE
    _printf_widthprec                        0x00000000   Number         0  printfstubs.o ABSOLUTE
    _printf_x                                0x00000000   Number         0  printfstubs.o ABSOLUTE
    __cpp_initialize__aeabi_                  - Undefined Weak Reference
    __cxa_finalize                            - Undefined Weak Reference
    __decompress                              - Undefined Weak Reference
    _clock_init                               - Undefined Weak Reference
    _microlib_exit                            - Undefined Weak Reference
    __Vectors_Size                           0x00000258   Number         0  startup_stm32h503xx.o ABSOLUTE
    __Vectors                                0x08000000   Data           4  startup_stm32h503xx.o(RESET)
    __Vectors_End                            0x08000258   Data           0  startup_stm32h503xx.o(RESET)
    __main                                   0x08000259   Thumb Code     0  entry.o(.ARM.Collect$$$$00000000)
    _main_stk                                0x08000259   Thumb Code     0  entry2.o(.ARM.Collect$$$$00000001)
    _main_scatterload                        0x0800025d   Thumb Code     0  entry5.o(.ARM.Collect$$$$00000004)
    __main_after_scatterload                 0x08000261   Thumb Code     0  entry5.o(.ARM.Collect$$$$00000004)
    _main_clock                              0x08000261   Thumb Code     0  entry7b.o(.ARM.Collect$$$$00000008)
    _main_cpp_init                           0x08000261   Thumb Code     0  entry8b.o(.ARM.Collect$$$$0000000A)
    _main_init                               0x08000261   Thumb Code     0  entry9a.o(.ARM.Collect$$$$0000000B)
    __rt_final_cpp                           0x08000269   Thumb Code     0  entry10a.o(.ARM.Collect$$$$0000000D)
    __rt_final_exit                          0x08000269   Thumb Code     0  entry11a.o(.ARM.Collect$$$$0000000F)
    Reset_Handler                            0x0800026d   Thumb Code     8  startup_stm32h503xx.o(.text)
    SecureFault_Handler                      0x0800027f   Thumb Code     2  startup_stm32h503xx.o(.text)
    ADC1_IRQHandler                          0x08000289   Thumb Code     0  startup_stm32h503xx.o(.text)
    COMP1_IRQHandler                         0x08000289   Thumb Code     0  startup_stm32h503xx.o(.text)
    CRS_IRQHandler                           0x08000289   Thumb Code     0  startup_stm32h503xx.o(.text)
    DAC1_IRQHandler                          0x08000289   Thumb Code     0  startup_stm32h503xx.o(.text)
    DTS_IRQHandler                           0x08000289   Thumb Code     0  startup_stm32h503xx.o(.text)
    EXTI0_IRQHandler                         0x08000289   Thumb Code     0  startup_stm32h503xx.o(.text)
    EXTI10_IRQHandler                        0x08000289   Thumb Code     0  startup_stm32h503xx.o(.text)
    EXTI11_IRQHandler                        0x08000289   Thumb Code     0  startup_stm32h503xx.o(.text)
    EXTI12_IRQHandler                        0x08000289   Thumb Code     0  startup_stm32h503xx.o(.text)
    EXTI13_IRQHandler                        0x08000289   Thumb Code     0  startup_stm32h503xx.o(.text)
    EXTI14_IRQHandler                        0x08000289   Thumb Code     0  startup_stm32h503xx.o(.text)
    EXTI15_IRQHandler                        0x08000289   Thumb Code     0  startup_stm32h503xx.o(.text)
    EXTI1_IRQHandler                         0x08000289   Thumb Code     0  startup_stm32h503xx.o(.text)
    EXTI2_IRQHandler                         0x08000289   Thumb Code     0  startup_stm32h503xx.o(.text)
    EXTI3_IRQHandler                         0x08000289   Thumb Code     0  startup_stm32h503xx.o(.text)
    EXTI4_IRQHandler                         0x08000289   Thumb Code     0  startup_stm32h503xx.o(.text)
    EXTI5_IRQHandler                         0x08000289   Thumb Code     0  startup_stm32h503xx.o(.text)
    EXTI6_IRQHandler                         0x08000289   Thumb Code     0  startup_stm32h503xx.o(.text)
    EXTI7_IRQHandler                         0x08000289   Thumb Code     0  startup_stm32h503xx.o(.text)
    EXTI8_IRQHandler                         0x08000289   Thumb Code     0  startup_stm32h503xx.o(.text)
    EXTI9_IRQHandler                         0x08000289   Thumb Code     0  startup_stm32h503xx.o(.text)
    FDCAN1_IT0_IRQHandler                    0x08000289   Thumb Code     0  startup_stm32h503xx.o(.text)
    FDCAN1_IT1_IRQHandler                    0x08000289   Thumb Code     0  startup_stm32h503xx.o(.text)
    FLASH_IRQHandler                         0x08000289   Thumb Code     0  startup_stm32h503xx.o(.text)
    FPU_IRQHandler                           0x08000289   Thumb Code     0  startup_stm32h503xx.o(.text)
    GPDMA1_Channel0_IRQHandler               0x08000289   Thumb Code     0  startup_stm32h503xx.o(.text)
    GPDMA1_Channel1_IRQHandler               0x08000289   Thumb Code     0  startup_stm32h503xx.o(.text)
    GPDMA1_Channel2_IRQHandler               0x08000289   Thumb Code     0  startup_stm32h503xx.o(.text)
    GPDMA1_Channel3_IRQHandler               0x08000289   Thumb Code     0  startup_stm32h503xx.o(.text)
    GPDMA1_Channel4_IRQHandler               0x08000289   Thumb Code     0  startup_stm32h503xx.o(.text)
    GPDMA1_Channel5_IRQHandler               0x08000289   Thumb Code     0  startup_stm32h503xx.o(.text)
    GPDMA1_Channel6_IRQHandler               0x08000289   Thumb Code     0  startup_stm32h503xx.o(.text)
    GPDMA1_Channel7_IRQHandler               0x08000289   Thumb Code     0  startup_stm32h503xx.o(.text)
    GPDMA2_Channel0_IRQHandler               0x08000289   Thumb Code     0  startup_stm32h503xx.o(.text)
    GPDMA2_Channel1_IRQHandler               0x08000289   Thumb Code     0  startup_stm32h503xx.o(.text)
    GPDMA2_Channel2_IRQHandler               0x08000289   Thumb Code     0  startup_stm32h503xx.o(.text)
    GPDMA2_Channel3_IRQHandler               0x08000289   Thumb Code     0  startup_stm32h503xx.o(.text)
    GPDMA2_Channel4_IRQHandler               0x08000289   Thumb Code     0  startup_stm32h503xx.o(.text)
    GPDMA2_Channel5_IRQHandler               0x08000289   Thumb Code     0  startup_stm32h503xx.o(.text)
    GPDMA2_Channel6_IRQHandler               0x08000289   Thumb Code     0  startup_stm32h503xx.o(.text)
    GPDMA2_Channel7_IRQHandler               0x08000289   Thumb Code     0  startup_stm32h503xx.o(.text)
    GTZC_IRQHandler                          0x08000289   Thumb Code     0  startup_stm32h503xx.o(.text)
    HASH_IRQHandler                          0x08000289   Thumb Code     0  startup_stm32h503xx.o(.text)
    I2C1_ER_IRQHandler                       0x08000289   Thumb Code     0  startup_stm32h503xx.o(.text)
    I2C1_EV_IRQHandler                       0x08000289   Thumb Code     0  startup_stm32h503xx.o(.text)
    I2C2_ER_IRQHandler                       0x08000289   Thumb Code     0  startup_stm32h503xx.o(.text)
    I2C2_EV_IRQHandler                       0x08000289   Thumb Code     0  startup_stm32h503xx.o(.text)
    I3C1_ER_IRQHandler                       0x08000289   Thumb Code     0  startup_stm32h503xx.o(.text)
    I3C1_EV_IRQHandler                       0x08000289   Thumb Code     0  startup_stm32h503xx.o(.text)
    I3C2_ER_IRQHandler                       0x08000289   Thumb Code     0  startup_stm32h503xx.o(.text)
    I3C2_EV_IRQHandler                       0x08000289   Thumb Code     0  startup_stm32h503xx.o(.text)
    ICACHE_IRQHandler                        0x08000289   Thumb Code     0  startup_stm32h503xx.o(.text)
    IWDG_IRQHandler                          0x08000289   Thumb Code     0  startup_stm32h503xx.o(.text)
    LPTIM1_IRQHandler                        0x08000289   Thumb Code     0  startup_stm32h503xx.o(.text)
    LPTIM2_IRQHandler                        0x08000289   Thumb Code     0  startup_stm32h503xx.o(.text)
    LPUART1_IRQHandler                       0x08000289   Thumb Code     0  startup_stm32h503xx.o(.text)
    PVD_AVD_IRQHandler                       0x08000289   Thumb Code     0  startup_stm32h503xx.o(.text)
    RAMCFG_IRQHandler                        0x08000289   Thumb Code     0  startup_stm32h503xx.o(.text)
    RCC_IRQHandler                           0x08000289   Thumb Code     0  startup_stm32h503xx.o(.text)
    RNG_IRQHandler                           0x08000289   Thumb Code     0  startup_stm32h503xx.o(.text)
    RTC_IRQHandler                           0x08000289   Thumb Code     0  startup_stm32h503xx.o(.text)
    SPI1_IRQHandler                          0x08000289   Thumb Code     0  startup_stm32h503xx.o(.text)
    SPI2_IRQHandler                          0x08000289   Thumb Code     0  startup_stm32h503xx.o(.text)
    SPI3_IRQHandler                          0x08000289   Thumb Code     0  startup_stm32h503xx.o(.text)
    TAMP_IRQHandler                          0x08000289   Thumb Code     0  startup_stm32h503xx.o(.text)
    TIM1_BRK_IRQHandler                      0x08000289   Thumb Code     0  startup_stm32h503xx.o(.text)
    TIM1_CC_IRQHandler                       0x08000289   Thumb Code     0  startup_stm32h503xx.o(.text)
    TIM1_TRG_COM_IRQHandler                  0x08000289   Thumb Code     0  startup_stm32h503xx.o(.text)
    TIM1_UP_IRQHandler                       0x08000289   Thumb Code     0  startup_stm32h503xx.o(.text)
    TIM2_IRQHandler                          0x08000289   Thumb Code     0  startup_stm32h503xx.o(.text)
    TIM3_IRQHandler                          0x08000289   Thumb Code     0  startup_stm32h503xx.o(.text)
    TIM6_IRQHandler                          0x08000289   Thumb Code     0  startup_stm32h503xx.o(.text)
    TIM7_IRQHandler                          0x08000289   Thumb Code     0  startup_stm32h503xx.o(.text)
    USART1_IRQHandler                        0x08000289   Thumb Code     0  startup_stm32h503xx.o(.text)
    USART2_IRQHandler                        0x08000289   Thumb Code     0  startup_stm32h503xx.o(.text)
    USART3_IRQHandler                        0x08000289   Thumb Code     0  startup_stm32h503xx.o(.text)
    USB_DRD_FS_IRQHandler                    0x08000289   Thumb Code     0  startup_stm32h503xx.o(.text)
    WWDG_IRQHandler                          0x08000289   Thumb Code     0  startup_stm32h503xx.o(.text)
    __aeabi_uldivmod                         0x08000295   Thumb Code    98  uldiv.o(.text)
    ___aeabi_memcpy8$move                    0x080002f7   Thumb Code     0  memmovea.o(.text)
    __aeabi_memcpy                           0x080002f7   Thumb Code    64  memmovea.o(.text)
    __aeabi_memcpy4                          0x080002f7   Thumb Code     0  memmovea.o(.text)
    __aeabi_memmove                          0x080002f7   Thumb Code     0  memmovea.o(.text)
    __aeabi_memmove4                         0x080002f7   Thumb Code     0  memmovea.o(.text)
    __aeabi_memmove8                         0x080002f7   Thumb Code     0  memmovea.o(.text)
    __aeabi_memset                           0x08000337   Thumb Code    14  memseta.o(.text)
    __aeabi_memset4                          0x08000337   Thumb Code     0  memseta.o(.text)
    __aeabi_memset8                          0x08000337   Thumb Code     0  memseta.o(.text)
    __aeabi_memclr                           0x08000345   Thumb Code     4  memseta.o(.text)
    __aeabi_memclr4                          0x08000345   Thumb Code     0  memseta.o(.text)
    __aeabi_memclr8                          0x08000345   Thumb Code     0  memseta.o(.text)
    _memset$wrapper                          0x08000349   Thumb Code    18  memseta.o(.text)
    __aeabi_uidiv                            0x0800035b   Thumb Code     0  uidiv.o(.text)
    __aeabi_uidivmod                         0x0800035b   Thumb Code    44  uidiv.o(.text)
    __aeabi_llsl                             0x08000387   Thumb Code    30  llshl.o(.text)
    _ll_shift_l                              0x08000387   Thumb Code     0  llshl.o(.text)
    __aeabi_llsr                             0x080003a5   Thumb Code    32  llushr.o(.text)
    _ll_ushift_r                             0x080003a5   Thumb Code     0  llushr.o(.text)
    __scatterload                            0x080003c5   Thumb Code    28  init.o(.text)
    __scatterload_rt2                        0x080003c5   Thumb Code     0  init.o(.text)
    BSP_COM_Init                             0x080003e9   Thumb Code   196  custom.o(.text.BSP_COM_Init)
    BSP_GetTick                              0x080004ad   Thumb Code     4  custom_bus.o(.text.BSP_GetTick)
    BSP_I2C1_DeInit                          0x080004b1   Thumb Code    80  custom_bus.o(.text.BSP_I2C1_DeInit)
    BSP_I2C1_Init                            0x08000501   Thumb Code   242  custom_bus.o(.text.BSP_I2C1_Init)
    BSP_I2C1_ReadReg16                       0x080005f5   Thumb Code    74  custom_bus.o(.text.BSP_I2C1_ReadReg16)
    BSP_I2C1_WriteReg16                      0x08000641   Thumb Code    74  custom_bus.o(.text.BSP_I2C1_WriteReg16)
    BusFault_Handler                         0x0800068d   Thumb Code     2  stm32h5xx_it.o(.text.BusFault_Handler)
    CUSTOM_RANGING_SENSOR_Init               0x08000691   Thumb Code   210  custom_ranging_sensor.o(.text.CUSTOM_RANGING_SENSOR_Init)
    DebugMon_Handler                         0x08000765   Thumb Code     2  stm32h5xx_it.o(.text.DebugMon_Handler)
    Error_Handler                            0x08000769   Thumb Code     6  main.o(.text.Error_Handler)
    HAL_Delay                                0x08000771   Thumb Code    40  stm32h5xx_hal.o(.text.HAL_Delay)
    HAL_GPIO_DeInit                          0x08000799   Thumb Code   250  stm32h5xx_hal_gpio.o(.text.HAL_GPIO_DeInit)
    HAL_GPIO_Init                            0x08000895   Thumb Code   410  stm32h5xx_hal_gpio.o(.text.HAL_GPIO_Init)
    HAL_GPIO_ReadPin                         0x08000a31   Thumb Code    10  stm32h5xx_hal_gpio.o(.text.HAL_GPIO_ReadPin)
    HAL_GPIO_WritePin                        0x08000a3d   Thumb Code    12  stm32h5xx_hal_gpio.o(.text.HAL_GPIO_WritePin)
    HAL_GetTick                              0x08000a49   Thumb Code    12  stm32h5xx_hal.o(.text.HAL_GetTick)
    HAL_I2CEx_ConfigAnalogFilter             0x08000a55   Thumb Code    74  stm32h5xx_hal_i2c_ex.o(.text.HAL_I2CEx_ConfigAnalogFilter)
    HAL_I2CEx_ConfigDigitalFilter            0x08000aa1   Thumb Code    72  stm32h5xx_hal_i2c_ex.o(.text.HAL_I2CEx_ConfigDigitalFilter)
    HAL_I2C_DeInit                           0x08000ae9   Thumb Code    54  stm32h5xx_hal_i2c.o(.text.HAL_I2C_DeInit)
    HAL_I2C_GetError                         0x08000b21   Thumb Code     4  stm32h5xx_hal_i2c.o(.text.HAL_I2C_GetError)
    HAL_I2C_GetState                         0x08000b25   Thumb Code     6  stm32h5xx_hal_i2c.o(.text.HAL_I2C_GetState)
    HAL_I2C_Init                             0x08000b2d   Thumb Code   172  stm32h5xx_hal_i2c.o(.text.HAL_I2C_Init)
    HAL_I2C_Mem_Read                         0x08000bd9   Thumb Code   576  stm32h5xx_hal_i2c.o(.text.HAL_I2C_Mem_Read)
    HAL_I2C_Mem_Write                        0x08000e19   Thumb Code   568  stm32h5xx_hal_i2c.o(.text.HAL_I2C_Mem_Write)
    HAL_I2C_MspDeInit                        0x08001051   Thumb Code     2  stm32h5xx_hal_i2c.o(.text.HAL_I2C_MspDeInit)
    HAL_I2C_MspInit                          0x08001055   Thumb Code     2  stm32h5xx_hal_i2c.o(.text.HAL_I2C_MspInit)
    HAL_ICACHE_ConfigAssociativityMode       0x08001059   Thumb Code    32  stm32h5xx_hal_icache.o(.text.HAL_ICACHE_ConfigAssociativityMode)
    HAL_ICACHE_Enable                        0x08001079   Thumb Code    20  stm32h5xx_hal_icache.o(.text.HAL_ICACHE_Enable)
    HAL_IncTick                              0x0800108d   Thumb Code    26  stm32h5xx_hal.o(.text.HAL_IncTick)
    HAL_Init                                 0x080010a9   Thumb Code    76  stm32h5xx_hal.o(.text.HAL_Init)
    HAL_InitTick                             0x080010f5   Thumb Code   170  stm32h5xx_hal.o(.text.HAL_InitTick)
    HAL_MspInit                              0x080011a1   Thumb Code     2  stm32h5xx_hal_msp.o(.text.HAL_MspInit)
    HAL_NVIC_SetPriority                     0x080011a5   Thumb Code    86  stm32h5xx_hal_cortex.o(.text.HAL_NVIC_SetPriority)
    HAL_NVIC_SetPriorityGrouping             0x080011fd   Thumb Code    32  stm32h5xx_hal_cortex.o(.text.HAL_NVIC_SetPriorityGrouping)
    HAL_RCCEx_GetPLL1ClockFreq               0x0800121d   Thumb Code   436  stm32h5xx_hal_rcc_ex.o(.text.HAL_RCCEx_GetPLL1ClockFreq)
    HAL_RCCEx_GetPLL2ClockFreq               0x080013d1   Thumb Code   436  stm32h5xx_hal_rcc_ex.o(.text.HAL_RCCEx_GetPLL2ClockFreq)
    HAL_RCCEx_GetPeriphCLKFreq               0x08001585   Thumb Code  1920  stm32h5xx_hal_rcc_ex.o(.text.HAL_RCCEx_GetPeriphCLKFreq)
    HAL_RCCEx_PeriphCLKConfig                0x08001d05   Thumb Code  1732  stm32h5xx_hal_rcc_ex.o(.text.HAL_RCCEx_PeriphCLKConfig)
    HAL_RCC_ClockConfig                      0x080023c9   Thumb Code   622  stm32h5xx_hal_rcc.o(.text.HAL_RCC_ClockConfig)
    HAL_RCC_GetHCLKFreq                      0x08002639   Thumb Code    48  stm32h5xx_hal_rcc.o(.text.HAL_RCC_GetHCLKFreq)
    HAL_RCC_GetPCLK1Freq                     0x08002669   Thumb Code    70  stm32h5xx_hal_rcc.o(.text.HAL_RCC_GetPCLK1Freq)
    HAL_RCC_GetPCLK2Freq                     0x080026b1   Thumb Code    70  stm32h5xx_hal_rcc.o(.text.HAL_RCC_GetPCLK2Freq)
    HAL_RCC_GetPCLK3Freq                     0x080026f9   Thumb Code    70  stm32h5xx_hal_rcc.o(.text.HAL_RCC_GetPCLK3Freq)
    HAL_RCC_GetSysClockFreq                  0x08002741   Thumb Code   300  stm32h5xx_hal_rcc.o(.text.HAL_RCC_GetSysClockFreq)
    HAL_RCC_OscConfig                        0x0800286d   Thumb Code  1610  stm32h5xx_hal_rcc.o(.text.HAL_RCC_OscConfig)
    HAL_SYSTICK_CLKSourceConfig              0x08002eb9   Thumb Code   142  stm32h5xx_hal_cortex.o(.text.HAL_SYSTICK_CLKSourceConfig)
    HAL_SYSTICK_Config                       0x08002f49   Thumb Code    36  stm32h5xx_hal_cortex.o(.text.HAL_SYSTICK_Config)
    HAL_SYSTICK_GetCLKSourceConfig           0x08002f6d   Thumb Code    48  stm32h5xx_hal_cortex.o(.text.HAL_SYSTICK_GetCLKSourceConfig)
    HAL_UARTEx_DisableFifoMode               0x08002f9d   Thumb Code    54  stm32h5xx_hal_uart_ex.o(.text.HAL_UARTEx_DisableFifoMode)
    HAL_UARTEx_SetRxFifoThreshold            0x08002fd5   Thumb Code   140  stm32h5xx_hal_uart_ex.o(.text.HAL_UARTEx_SetRxFifoThreshold)
    HAL_UARTEx_SetTxFifoThreshold            0x08003061   Thumb Code   140  stm32h5xx_hal_uart_ex.o(.text.HAL_UARTEx_SetTxFifoThreshold)
    HAL_UART_Init                            0x080030ed   Thumb Code   104  stm32h5xx_hal_uart.o(.text.HAL_UART_Init)
    HAL_UART_MspInit                         0x08003155   Thumb Code     2  stm32h5xx_hal_uart.o(.text.HAL_UART_MspInit)
    HAL_UART_Transmit                        0x08003159   Thumb Code   416  stm32h5xx_hal_uart.o(.text.HAL_UART_Transmit)
    HardFault_Handler                        0x080032f9   Thumb Code     2  stm32h5xx_it.o(.text.HardFault_Handler)
    MX_GPIO_Init                             0x0800368d   Thumb Code   110  gpio.o(.text.MX_GPIO_Init)
    MX_I2C1_Init                             0x080036fd   Thumb Code    78  custom_bus.o(.text.MX_I2C1_Init)
    MX_ICACHE_Init                           0x0800374d   Thumb Code    34  icache.o(.text.MX_ICACHE_Init)
    MX_TOF_Init                              0x08003771   Thumb Code    44  app_tof.o(.text.MX_TOF_Init)
    MX_USART1_UART_Init                      0x080037e9   Thumb Code    92  custom.o(.text.MX_USART1_UART_Init)
    MemManage_Handler                        0x08003845   Thumb Code     2  stm32h5xx_it.o(.text.MemManage_Handler)
    NMI_Handler                              0x08003849   Thumb Code     2  stm32h5xx_it.o(.text.NMI_Handler)
    PendSV_Handler                           0x0800384d   Thumb Code     2  stm32h5xx_it.o(.text.PendSV_Handler)
    SVC_Handler                              0x08003941   Thumb Code     2  stm32h5xx_it.o(.text.SVC_Handler)
    SysTick_Handler                          0x08003945   Thumb Code     4  stm32h5xx_it.o(.text.SysTick_Handler)
    SystemClock_Config                       0x08003949   Thumb Code   198  main.o(.text.SystemClock_Config)
    SystemInit                               0x08003a11   Thumb Code   168  system_stm32h5xx.o(.text.SystemInit)
    UART_AdvFeatureConfig                    0x08003ab9   Thumb Code   232  stm32h5xx_hal_uart.o(.text.UART_AdvFeatureConfig)
    UART_CheckIdleState                      0x08003ba1   Thumb Code   366  stm32h5xx_hal_uart.o(.text.UART_CheckIdleState)
    UART_SetConfig                           0x08003d11   Thumb Code   430  stm32h5xx_hal_uart.o(.text.UART_SetConfig)
    UART_WaitOnFlagUntilTimeout              0x08003ec1   Thumb Code   848  stm32h5xx_hal_uart.o(.text.UART_WaitOnFlagUntilTimeout)
    UsageFault_Handler                       0x08004211   Thumb Code     2  stm32h5xx_it.o(.text.UsageFault_Handler)
    VL53L8CX_ConfigIT                        0x08004215   Thumb Code   398  vl53l8cx.o(.text.VL53L8CX_ConfigIT)
    VL53L8CX_ConfigProfile                   0x080043a5   Thumb Code   164  vl53l8cx.o(.text.VL53L8CX_ConfigProfile)
    VL53L8CX_ConfigROI                       0x08004449   Thumb Code     6  vl53l8cx.o(.text.VL53L8CX_ConfigROI)
    VL53L8CX_DeInit                          0x08004451   Thumb Code    44  vl53l8cx.o(.text.VL53L8CX_DeInit)
    VL53L8CX_GetAddress                      0x0800447d   Thumb Code    24  vl53l8cx.o(.text.VL53L8CX_GetAddress)
    VL53L8CX_GetCapabilities                 0x08004495   Thumb Code    32  vl53l8cx.o(.text.VL53L8CX_GetCapabilities)
    VL53L8CX_GetDistance                     0x080044b5   Thumb Code   628  vl53l8cx.o(.text.VL53L8CX_GetDistance)
    VL53L8CX_GetPowerMode                    0x08004729   Thumb Code    60  vl53l8cx.o(.text.VL53L8CX_GetPowerMode)
    VL53L8CX_Init                            0x08004765   Thumb Code    54  vl53l8cx.o(.text.VL53L8CX_Init)
    VL53L8CX_RdByte                          0x0800479d   Thumb Code    16  platform.o(.text.VL53L8CX_RdByte)
    VL53L8CX_RdMulti                         0x080047ad   Thumb Code    16  platform.o(.text.VL53L8CX_RdMulti)
    VL53L8CX_ReadID                          0x080047bd   Thumb Code   122  vl53l8cx.o(.text.VL53L8CX_ReadID)
    VL53L8CX_RegisterBusIO                   0x08004839   Thumb Code    80  vl53l8cx.o(.text.VL53L8CX_RegisterBusIO)
    VL53L8CX_SetAddress                      0x08004889   Thumb Code    38  vl53l8cx.o(.text.VL53L8CX_SetAddress)
    VL53L8CX_SetPowerMode                    0x080048b1   Thumb Code    42  vl53l8cx.o(.text.VL53L8CX_SetPowerMode)
    VL53L8CX_Start                           0x080048dd   Thumb Code   100  vl53l8cx.o(.text.VL53L8CX_Start)
    VL53L8CX_Stop                            0x08004941   Thumb Code    44  vl53l8cx.o(.text.VL53L8CX_Stop)
    VL53L8CX_SwapBuffer                      0x0800496d   Thumb Code   208  platform.o(.text.VL53L8CX_SwapBuffer)
    VL53L8CX_WaitMs                          0x08004a3d   Thumb Code    26  platform.o(.text.VL53L8CX_WaitMs)
    VL53L8CX_WrByte                          0x08004a59   Thumb Code    28  platform.o(.text.VL53L8CX_WrByte)
    VL53L8CX_WrMulti                         0x08004a75   Thumb Code    16  platform.o(.text.VL53L8CX_WrMulti)
    fputc                                    0x080052fd   Thumb Code    50  custom.o(.text.fputc)
    main                                     0x08005331   Thumb Code  2872  main.o(.text.main)
    vl53l8cx_check_data_ready                0x08005f05   Thumb Code    98  vl53l8cx_api.o(.text.vl53l8cx_check_data_ready)
    vl53l8cx_dci_read_data                   0x08005f69   Thumb Code   338  vl53l8cx_api.o(.text.vl53l8cx_dci_read_data)
    vl53l8cx_dci_replace_data                0x080060bd   Thumb Code    62  vl53l8cx_api.o(.text.vl53l8cx_dci_replace_data)
    vl53l8cx_dci_write_data                  0x080060fd   Thumb Code   296  vl53l8cx_api.o(.text.vl53l8cx_dci_write_data)
    vl53l8cx_get_power_mode                  0x08006225   Thumb Code   108  vl53l8cx_api.o(.text.vl53l8cx_get_power_mode)
    vl53l8cx_get_ranging_data                0x08006291   Thumb Code  1622  vl53l8cx_api.o(.text.vl53l8cx_get_ranging_data)
    vl53l8cx_get_resolution                  0x080068e9   Thumb Code    36  vl53l8cx_api.o(.text.vl53l8cx_get_resolution)
    vl53l8cx_init                            0x0800690d   Thumb Code  1548  vl53l8cx_api.o(.text.vl53l8cx_init)
    vl53l8cx_set_detection_thresholds        0x08006f19   Thumb Code  1658  vl53l8cx_plugin_detection_thresholds.o(.text.vl53l8cx_set_detection_thresholds)
    vl53l8cx_set_detection_thresholds_enable 0x08007595   Thumb Code   108  vl53l8cx_plugin_detection_thresholds.o(.text.vl53l8cx_set_detection_thresholds_enable)
    vl53l8cx_set_i2c_address                 0x08007601   Thumb Code    50  vl53l8cx_api.o(.text.vl53l8cx_set_i2c_address)
    vl53l8cx_set_integration_time_ms         0x08007635   Thumb Code    72  vl53l8cx_api.o(.text.vl53l8cx_set_integration_time_ms)
    vl53l8cx_set_power_mode                  0x0800767d   Thumb Code   504  vl53l8cx_api.o(.text.vl53l8cx_set_power_mode)
    vl53l8cx_set_ranging_frequency_hz        0x08007875   Thumb Code    50  vl53l8cx_api.o(.text.vl53l8cx_set_ranging_frequency_hz)
    vl53l8cx_set_ranging_mode                0x080078a9   Thumb Code   120  vl53l8cx_api.o(.text.vl53l8cx_set_ranging_mode)
    vl53l8cx_set_resolution                  0x08007921   Thumb Code   234  vl53l8cx_api.o(.text.vl53l8cx_set_resolution)
    vl53l8cx_start_ranging                   0x08007a0d   Thumb Code   922  vl53l8cx_api.o(.text.vl53l8cx_start_ranging)
    vl53l8cx_stop_ranging                    0x08007da9   Thumb Code   264  vl53l8cx_api.o(.text.vl53l8cx_stop_ranging)
    __0printf$6                              0x08007eb1   Thumb Code    22  printf6.o(i.__0printf$6)
    __1printf$6                              0x08007eb1   Thumb Code     0  printf6.o(i.__0printf$6)
    __2printf                                0x08007eb1   Thumb Code     0  printf6.o(i.__0printf$6)
    __scatterload_copy                       0x08007ed1   Thumb Code    14  handlers.o(i.__scatterload_copy)
    __scatterload_null                       0x08007edf   Thumb Code     2  handlers.o(i.__scatterload_null)
    __scatterload_zeroinit                   0x08007ee1   Thumb Code    14  handlers.o(i.__scatterload_zeroinit)
    putchar                                  0x08008235   Thumb Code     6  putchar.o(i.putchar)
    puts                                     0x08008241   Thumb Code    30  puts.o(i.puts)
    AHBPrescTable                            0x08008294   Data          16  system_stm32h5xx.o(.rodata.AHBPrescTable)
    APBPrescTable                            0x080082a4   Data           8  system_stm32h5xx.o(.rodata.APBPrescTable)
    UARTPrescTable                           0x080082ac   Data          24  stm32h5xx_hal_uart.o(.rodata.UARTPrescTable)
    VL53L8CX_DEFAULT_CONFIGURATION           0x080082c4   Data         972  vl53l8cx_api.o(.rodata.VL53L8CX_DEFAULT_CONFIGURATION)
    VL53L8CX_DEFAULT_XTALK                   0x08008690   Data         776  vl53l8cx_api.o(.rodata.VL53L8CX_DEFAULT_XTALK)
    VL53L8CX_FIRMWARE                        0x08008998   Data       86016  vl53l8cx_api.o(.rodata.VL53L8CX_FIRMWARE)
    VL53L8CX_GET_NVM_CMD                     0x0801d998   Data          40  vl53l8cx_api.o(.rodata.VL53L8CX_GET_NVM_CMD)
    Region$$Table$$Base                      0x0801db50   Number         0  anon$$obj.o(Region$$Table)
    Region$$Table$$Limit                     0x0801db70   Number         0  anon$$obj.o(Region$$Table)
    __stdout                                 0x20000000   Data           4  stdout.o(.data)
    uwTickFreq                               0x20000004   Data           1  stm32h5xx_hal.o(.data..L_MergedGlobals)
    uwTickPrio                               0x20000008   Data           4  stm32h5xx_hal.o(.data..L_MergedGlobals)
    COM_USART                                0x2000000c   Data           4  custom.o(.data.COM_USART)
    SystemCoreClock                          0x20000010   Data           4  system_stm32h5xx.o(.data.SystemCoreClock)
    VL53L8CX_RANGING_SENSOR_Driver           0x20000014   Data          56  vl53l8cx.o(.data.VL53L8CX_RANGING_SENSOR_Driver)
    hi2c1                                    0x2000005c   Data          84  custom_bus.o(.bss..L_MergedGlobals)
    CUSTOM_RANGING_CompObj                   0x200000b0   Data           4  custom_ranging_sensor.o(.bss..L_MergedGlobals)
    hcom_uart                                0x200013ac   Data         148  custom.o(.bss.hcom_uart)
    uwTick                                   0x20001990   Data           4  stm32h5xx_hal.o(.bss.uwTick)
    __initial_sp                             0x20005ee8   Data           0  startup_stm32h503xx.o(STACK)



==============================================================================

Memory Map of the image

  Image Entry point : 0x08000259

  Load Region LR_IROM1 (Base: 0x08000000, Size: 0x0001dbc0, Max: 0x00020000, ABSOLUTE)

    Execution Region ER_IROM1 (Exec base: 0x08000000, Load base: 0x08000000, Size: 0x0001db70, Max: 0x00020000, ABSOLUTE)

    Exec Addr    Load Addr    Size         Type   Attr      Idx    E Section Name        Object

    0x08000000   0x08000000   0x00000258   Data   RO            3    RESET               startup_stm32h503xx.o
    0x08000258   0x08000258   0x00000000   Code   RO         1425  * .ARM.Collect$$$$00000000  mc_w.l(entry.o)
    0x08000258   0x08000258   0x00000004   Code   RO         1707    .ARM.Collect$$$$00000001  mc_w.l(entry2.o)
    0x0800025c   0x0800025c   0x00000004   Code   RO         1710    .ARM.Collect$$$$00000004  mc_w.l(entry5.o)
    0x08000260   0x08000260   0x00000000   Code   RO         1712    .ARM.Collect$$$$00000008  mc_w.l(entry7b.o)
    0x08000260   0x08000260   0x00000000   Code   RO         1714    .ARM.Collect$$$$0000000A  mc_w.l(entry8b.o)
    0x08000260   0x08000260   0x00000008   Code   RO         1715    .ARM.Collect$$$$0000000B  mc_w.l(entry9a.o)
    0x08000268   0x08000268   0x00000000   Code   RO         1717    .ARM.Collect$$$$0000000D  mc_w.l(entry10a.o)
    0x08000268   0x08000268   0x00000000   Code   RO         1719    .ARM.Collect$$$$0000000F  mc_w.l(entry11a.o)
    0x08000268   0x08000268   0x00000004   Code   RO         1708    .ARM.Collect$$$$00002712  mc_w.l(entry2.o)
    0x0800026c   0x0800026c   0x00000028   Code   RO            4    .text               startup_stm32h503xx.o
    0x08000294   0x08000294   0x00000062   Code   RO         1434    .text               mc_w.l(uldiv.o)
    0x080002f6   0x080002f6   0x00000040   Code   RO         1438    .text               mc_w.l(memmovea.o)
    0x08000336   0x08000336   0x00000024   Code   RO         1440    .text               mc_w.l(memseta.o)
    0x0800035a   0x0800035a   0x0000002c   Code   RO         1731    .text               mc_w.l(uidiv.o)
    0x08000386   0x08000386   0x0000001e   Code   RO         1733    .text               mc_w.l(llshl.o)
    0x080003a4   0x080003a4   0x00000020   Code   RO         1735    .text               mc_w.l(llushr.o)
    0x080003c4   0x080003c4   0x00000024   Code   RO         1748    .text               mc_w.l(init.o)
    0x080003e8   0x080003e8   0x000000c4   Code   RO          364    .text.BSP_COM_Init  custom.o
    0x080004ac   0x080004ac   0x00000004   Code   RO           69    .text.BSP_GetTick   custom_bus.o
    0x080004b0   0x080004b0   0x00000050   Code   RO           53    .text.BSP_I2C1_DeInit  custom_bus.o
    0x08000500   0x08000500   0x000000f2   Code   RO           49    .text.BSP_I2C1_Init  custom_bus.o
    0x080005f2   0x080005f2   0x00000002   PAD
    0x080005f4   0x080005f4   0x0000004a   Code   RO           63    .text.BSP_I2C1_ReadReg16  custom_bus.o
    0x0800063e   0x0800063e   0x00000002   PAD
    0x08000640   0x08000640   0x0000004a   Code   RO           61    .text.BSP_I2C1_WriteReg16  custom_bus.o
    0x0800068a   0x0800068a   0x00000002   PAD
    0x0800068c   0x0800068c   0x00000002   Code   RO           86    .text.BusFault_Handler  stm32h5xx_it.o
    0x0800068e   0x0800068e   0x00000002   PAD
    0x08000690   0x08000690   0x000000d2   Code   RO          113    .text.CUSTOM_RANGING_SENSOR_Init  custom_ranging_sensor.o
    0x08000762   0x08000762   0x00000002   PAD
    0x08000764   0x08000764   0x00000002   Code   RO           92    .text.DebugMon_Handler  stm32h5xx_it.o
    0x08000766   0x08000766   0x00000002   PAD
    0x08000768   0x08000768   0x00000006   Code   RO           15    .text.Error_Handler  main.o
    0x0800076e   0x0800076e   0x00000002   PAD
    0x08000770   0x08000770   0x00000028   Code   RO         1067    .text.HAL_Delay     stm32h5xx_hal.o
    0x08000798   0x08000798   0x000000fa   Code   RO          849    .text.HAL_GPIO_DeInit  stm32h5xx_hal_gpio.o
    0x08000892   0x08000892   0x00000002   PAD
    0x08000894   0x08000894   0x0000019a   Code   RO          847    .text.HAL_GPIO_Init  stm32h5xx_hal_gpio.o
    0x08000a2e   0x08000a2e   0x00000002   PAD
    0x08000a30   0x08000a30   0x0000000a   Code   RO          851    .text.HAL_GPIO_ReadPin  stm32h5xx_hal_gpio.o
    0x08000a3a   0x08000a3a   0x00000002   PAD
    0x08000a3c   0x08000a3c   0x0000000c   Code   RO          853    .text.HAL_GPIO_WritePin  stm32h5xx_hal_gpio.o
    0x08000a48   0x08000a48   0x0000000c   Code   RO         1059    .text.HAL_GetTick   stm32h5xx_hal.o
    0x08000a54   0x08000a54   0x0000004a   Code   RO          539    .text.HAL_I2CEx_ConfigAnalogFilter  stm32h5xx_hal_i2c_ex.o
    0x08000a9e   0x08000a9e   0x00000002   PAD
    0x08000aa0   0x08000aa0   0x00000048   Code   RO          541    .text.HAL_I2CEx_ConfigDigitalFilter  stm32h5xx_hal_i2c_ex.o
    0x08000ae8   0x08000ae8   0x00000036   Code   RO          389    .text.HAL_I2C_DeInit  stm32h5xx_hal_i2c.o
    0x08000b1e   0x08000b1e   0x00000002   PAD
    0x08000b20   0x08000b20   0x00000004   Code   RO          515    .text.HAL_I2C_GetError  stm32h5xx_hal_i2c.o
    0x08000b24   0x08000b24   0x00000006   Code   RO          511    .text.HAL_I2C_GetState  stm32h5xx_hal_i2c.o
    0x08000b2a   0x08000b2a   0x00000002   PAD
    0x08000b2c   0x08000b2c   0x000000ac   Code   RO          385    .text.HAL_I2C_Init  stm32h5xx_hal_i2c.o
    0x08000bd8   0x08000bd8   0x00000240   Code   RO          445    .text.HAL_I2C_Mem_Read  stm32h5xx_hal_i2c.o
    0x08000e18   0x08000e18   0x00000238   Code   RO          443    .text.HAL_I2C_Mem_Write  stm32h5xx_hal_i2c.o
    0x08001050   0x08001050   0x00000002   Code   RO          391    .text.HAL_I2C_MspDeInit  stm32h5xx_hal_i2c.o
    0x08001052   0x08001052   0x00000002   PAD
    0x08001054   0x08001054   0x00000002   Code   RO          387    .text.HAL_I2C_MspInit  stm32h5xx_hal_i2c.o
    0x08001056   0x08001056   0x00000002   PAD
    0x08001058   0x08001058   0x00000020   Code   RO         1369    .text.HAL_ICACHE_ConfigAssociativityMode  stm32h5xx_hal_icache.o
    0x08001078   0x08001078   0x00000014   Code   RO         1373    .text.HAL_ICACHE_Enable  stm32h5xx_hal_icache.o
    0x0800108c   0x0800108c   0x0000001a   Code   RO         1057    .text.HAL_IncTick   stm32h5xx_hal.o
    0x080010a6   0x080010a6   0x00000002   PAD
    0x080010a8   0x080010a8   0x0000004c   Code   RO         1047    .text.HAL_Init      stm32h5xx_hal.o
    0x080010f4   0x080010f4   0x000000aa   Code   RO         1049    .text.HAL_InitTick  stm32h5xx_hal.o
    0x0800119e   0x0800119e   0x00000002   PAD
    0x080011a0   0x080011a0   0x00000002   Code   RO          105    .text.HAL_MspInit   stm32h5xx_hal_msp.o
    0x080011a2   0x080011a2   0x00000002   PAD
    0x080011a4   0x080011a4   0x00000056   Code   RO          995    .text.HAL_NVIC_SetPriority  stm32h5xx_hal_cortex.o
    0x080011fa   0x080011fa   0x00000002   PAD
    0x080011fc   0x080011fc   0x00000020   Code   RO          993    .text.HAL_NVIC_SetPriorityGrouping  stm32h5xx_hal_cortex.o
    0x0800121c   0x0800121c   0x000001b4   Code   RO          720    .text.HAL_RCCEx_GetPLL1ClockFreq  stm32h5xx_hal_rcc_ex.o
    0x080013d0   0x080013d0   0x000001b4   Code   RO          722    .text.HAL_RCCEx_GetPLL2ClockFreq  stm32h5xx_hal_rcc_ex.o
    0x08001584   0x08001584   0x00000780   Code   RO          724    .text.HAL_RCCEx_GetPeriphCLKFreq  stm32h5xx_hal_rcc_ex.o
    0x08001d04   0x08001d04   0x000006c4   Code   RO          714    .text.HAL_RCCEx_PeriphCLKConfig  stm32h5xx_hal_rcc_ex.o
    0x080023c8   0x080023c8   0x0000026e   Code   RO          678    .text.HAL_RCC_ClockConfig  stm32h5xx_hal_rcc.o
    0x08002636   0x08002636   0x00000002   PAD
    0x08002638   0x08002638   0x00000030   Code   RO          676    .text.HAL_RCC_GetHCLKFreq  stm32h5xx_hal_rcc.o
    0x08002668   0x08002668   0x00000046   Code   RO          684    .text.HAL_RCC_GetPCLK1Freq  stm32h5xx_hal_rcc.o
    0x080026ae   0x080026ae   0x00000002   PAD
    0x080026b0   0x080026b0   0x00000046   Code   RO          686    .text.HAL_RCC_GetPCLK2Freq  stm32h5xx_hal_rcc.o
    0x080026f6   0x080026f6   0x00000002   PAD
    0x080026f8   0x080026f8   0x00000046   Code   RO          688    .text.HAL_RCC_GetPCLK3Freq  stm32h5xx_hal_rcc.o
    0x0800273e   0x0800273e   0x00000002   PAD
    0x08002740   0x08002740   0x0000012c   Code   RO          680    .text.HAL_RCC_GetSysClockFreq  stm32h5xx_hal_rcc.o
    0x0800286c   0x0800286c   0x0000064a   Code   RO          674    .text.HAL_RCC_OscConfig  stm32h5xx_hal_rcc.o
    0x08002eb6   0x08002eb6   0x00000002   PAD
    0x08002eb8   0x08002eb8   0x0000008e   Code   RO         1019    .text.HAL_SYSTICK_CLKSourceConfig  stm32h5xx_hal_cortex.o
    0x08002f46   0x08002f46   0x00000002   PAD
    0x08002f48   0x08002f48   0x00000024   Code   RO         1017    .text.HAL_SYSTICK_Config  stm32h5xx_hal_cortex.o
    0x08002f6c   0x08002f6c   0x00000030   Code   RO         1021    .text.HAL_SYSTICK_GetCLKSourceConfig  stm32h5xx_hal_cortex.o
    0x08002f9c   0x08002f9c   0x00000036   Code   RO         1346    .text.HAL_UARTEx_DisableFifoMode  stm32h5xx_hal_uart_ex.o
    0x08002fd2   0x08002fd2   0x00000002   PAD
    0x08002fd4   0x08002fd4   0x0000008c   Code   RO         1350    .text.HAL_UARTEx_SetRxFifoThreshold  stm32h5xx_hal_uart_ex.o
    0x08003060   0x08003060   0x0000008c   Code   RO         1348    .text.HAL_UARTEx_SetTxFifoThreshold  stm32h5xx_hal_uart_ex.o
    0x080030ec   0x080030ec   0x00000068   Code   RO         1185    .text.HAL_UART_Init  stm32h5xx_hal_uart.o
    0x08003154   0x08003154   0x00000002   Code   RO         1187    .text.HAL_UART_MspInit  stm32h5xx_hal_uart.o
    0x08003156   0x08003156   0x00000002   PAD
    0x08003158   0x08003158   0x000001a0   Code   RO         1205    .text.HAL_UART_Transmit  stm32h5xx_hal_uart.o
    0x080032f8   0x080032f8   0x00000002   Code   RO           82    .text.HardFault_Handler  stm32h5xx_it.o
    0x080032fa   0x080032fa   0x00000002   PAD
    0x080032fc   0x080032fc   0x00000160   Code   RO          529    .text.I2C_IsErrorOccurred  stm32h5xx_hal_i2c.o
    0x0800345c   0x0800345c   0x00000102   Code   RO          395    .text.I2C_WaitOnFlagUntilTimeout  stm32h5xx_hal_i2c.o
    0x0800355e   0x0800355e   0x00000002   PAD
    0x08003560   0x08003560   0x00000080   Code   RO          399    .text.I2C_WaitOnSTOPFlagUntilTimeout  stm32h5xx_hal_i2c.o
    0x080035e0   0x080035e0   0x000000ac   Code   RO          397    .text.I2C_WaitOnTXISFlagUntilTimeout  stm32h5xx_hal_i2c.o
    0x0800368c   0x0800368c   0x0000006e   Code   RO           30    .text.MX_GPIO_Init  gpio.o
    0x080036fa   0x080036fa   0x00000002   PAD
    0x080036fc   0x080036fc   0x0000004e   Code   RO           51    .text.MX_I2C1_Init  custom_bus.o
    0x0800374a   0x0800374a   0x00000002   PAD
    0x0800374c   0x0800374c   0x00000022   Code   RO           40    .text.MX_ICACHE_Init  icache.o
    0x0800376e   0x0800376e   0x00000002   PAD
    0x08003770   0x08003770   0x00000078   Code   RO          151    .text.MX_TOF_Init   app_tof.o
    0x080037e8   0x080037e8   0x0000005c   Code   RO          366    .text.MX_USART1_UART_Init  custom.o
    0x08003844   0x08003844   0x00000002   Code   RO           84    .text.MemManage_Handler  stm32h5xx_it.o
    0x08003846   0x08003846   0x00000002   PAD
    0x08003848   0x08003848   0x00000002   Code   RO           80    .text.NMI_Handler   stm32h5xx_it.o
    0x0800384a   0x0800384a   0x00000002   PAD
    0x0800384c   0x0800384c   0x00000002   Code   RO           94    .text.PendSV_Handler  stm32h5xx_it.o
    0x0800384e   0x0800384e   0x00000002   PAD
    0x08003850   0x08003850   0x000000f0   Code   RO          716    .text.RCCEx_PLL2_Config  stm32h5xx_hal_rcc_ex.o
    0x08003940   0x08003940   0x00000002   Code   RO           90    .text.SVC_Handler   stm32h5xx_it.o
    0x08003942   0x08003942   0x00000002   PAD
    0x08003944   0x08003944   0x00000004   Code   RO           96    .text.SysTick_Handler  stm32h5xx_it.o
    0x08003948   0x08003948   0x000000c6   Code   RO           13    .text.SystemClock_Config  main.o
    0x08003a0e   0x08003a0e   0x00000002   PAD
    0x08003a10   0x08003a10   0x000000a8   Code   RO         1411    .text.SystemInit    system_stm32h5xx.o
    0x08003ab8   0x08003ab8   0x000000e8   Code   RO         1189    .text.UART_AdvFeatureConfig  stm32h5xx_hal_uart.o
    0x08003ba0   0x08003ba0   0x0000016e   Code   RO         1193    .text.UART_CheckIdleState  stm32h5xx_hal_uart.o
    0x08003d0e   0x08003d0e   0x00000002   PAD
    0x08003d10   0x08003d10   0x000001ae   Code   RO         1191    .text.UART_SetConfig  stm32h5xx_hal_uart.o
    0x08003ebe   0x08003ebe   0x00000002   PAD
    0x08003ec0   0x08003ec0   0x00000350   Code   RO         1207    .text.UART_WaitOnFlagUntilTimeout  stm32h5xx_hal_uart.o
    0x08004210   0x08004210   0x00000002   Code   RO           88    .text.UsageFault_Handler  stm32h5xx_it.o
    0x08004212   0x08004212   0x00000002   PAD
    0x08004214   0x08004214   0x0000018e   Code   RO          331    .text.VL53L8CX_ConfigIT  vl53l8cx.o
    0x080043a2   0x080043a2   0x00000002   PAD
    0x080043a4   0x080043a4   0x000000a4   Code   RO          327    .text.VL53L8CX_ConfigProfile  vl53l8cx.o
    0x08004448   0x08004448   0x00000006   Code   RO          329    .text.VL53L8CX_ConfigROI  vl53l8cx.o
    0x0800444e   0x0800444e   0x00000002   PAD
    0x08004450   0x08004450   0x0000002c   Code   RO          321    .text.VL53L8CX_DeInit  vl53l8cx.o
    0x0800447c   0x0800447c   0x00000018   Code   RO          341    .text.VL53L8CX_GetAddress  vl53l8cx.o
    0x08004494   0x08004494   0x00000020   Code   RO          325    .text.VL53L8CX_GetCapabilities  vl53l8cx.o
    0x080044b4   0x080044b4   0x00000274   Code   RO          333    .text.VL53L8CX_GetDistance  vl53l8cx.o
    0x08004728   0x08004728   0x0000003c   Code   RO          345    .text.VL53L8CX_GetPowerMode  vl53l8cx.o
    0x08004764   0x08004764   0x00000036   Code   RO          319    .text.VL53L8CX_Init  vl53l8cx.o
    0x0800479a   0x0800479a   0x00000002   PAD
    0x0800479c   0x0800479c   0x00000010   Code   RO          299    .text.VL53L8CX_RdByte  platform.o
    0x080047ac   0x080047ac   0x00000010   Code   RO          305    .text.VL53L8CX_RdMulti  platform.o
    0x080047bc   0x080047bc   0x0000007a   Code   RO          323    .text.VL53L8CX_ReadID  vl53l8cx.o
    0x08004836   0x08004836   0x00000002   PAD
    0x08004838   0x08004838   0x00000050   Code   RO          347    .text.VL53L8CX_RegisterBusIO  vl53l8cx.o
    0x08004888   0x08004888   0x00000026   Code   RO          339    .text.VL53L8CX_SetAddress  vl53l8cx.o
    0x080048ae   0x080048ae   0x00000002   PAD
    0x080048b0   0x080048b0   0x0000002a   Code   RO          343    .text.VL53L8CX_SetPowerMode  vl53l8cx.o
    0x080048da   0x080048da   0x00000002   PAD
    0x080048dc   0x080048dc   0x00000064   Code   RO          335    .text.VL53L8CX_Start  vl53l8cx.o
    0x08004940   0x08004940   0x0000002c   Code   RO          337    .text.VL53L8CX_Stop  vl53l8cx.o
    0x0800496c   0x0800496c   0x000000d0   Code   RO          307    .text.VL53L8CX_SwapBuffer  platform.o
    0x08004a3c   0x08004a3c   0x0000001a   Code   RO          309    .text.VL53L8CX_WaitMs  platform.o
    0x08004a56   0x08004a56   0x00000002   PAD
    0x08004a58   0x08004a58   0x0000001c   Code   RO          301    .text.VL53L8CX_WrByte  platform.o
    0x08004a74   0x08004a74   0x00000010   Code   RO          303    .text.VL53L8CX_WrMulti  platform.o
    0x08004a84   0x08004a84   0x00000570   Code   RO          172    .text._vl53l8cx_send_offset_data  vl53l8cx_api.o
    0x08004ff4   0x08004ff4   0x00000308   Code   RO          174    .text._vl53l8cx_send_xtalk_data  vl53l8cx_api.o
    0x080052fc   0x080052fc   0x00000032   Code   RO          372    .text.fputc         custom.o
    0x0800532e   0x0800532e   0x00000002   PAD
    0x08005330   0x08005330   0x00000bd4   Code   RO           11    .text.main          main.o
    0x08005f04   0x08005f04   0x00000062   Code   RO          192    .text.vl53l8cx_check_data_ready  vl53l8cx_api.o
    0x08005f66   0x08005f66   0x00000002   PAD
    0x08005f68   0x08005f68   0x00000152   Code   RO          188    .text.vl53l8cx_dci_read_data  vl53l8cx_api.o
    0x080060ba   0x080060ba   0x00000002   PAD
    0x080060bc   0x080060bc   0x0000003e   Code   RO          202    .text.vl53l8cx_dci_replace_data  vl53l8cx_api.o
    0x080060fa   0x080060fa   0x00000002   PAD
    0x080060fc   0x080060fc   0x00000128   Code   RO          176    .text.vl53l8cx_dci_write_data  vl53l8cx_api.o
    0x08006224   0x08006224   0x0000006c   Code   RO          180    .text.vl53l8cx_get_power_mode  vl53l8cx_api.o
    0x08006290   0x08006290   0x00000656   Code   RO          194    .text.vl53l8cx_get_ranging_data  vl53l8cx_api.o
    0x080068e6   0x080068e6   0x00000002   PAD
    0x080068e8   0x080068e8   0x00000024   Code   RO          186    .text.vl53l8cx_get_resolution  vl53l8cx_api.o
    0x0800690c   0x0800690c   0x0000060c   Code   RO          170    .text.vl53l8cx_init  vl53l8cx_api.o
    0x08006f18   0x08006f18   0x0000067a   Code   RO          249    .text.vl53l8cx_set_detection_thresholds  vl53l8cx_plugin_detection_thresholds.o
    0x08007592   0x08007592   0x00000002   PAD
    0x08007594   0x08007594   0x0000006c   Code   RO          245    .text.vl53l8cx_set_detection_thresholds_enable  vl53l8cx_plugin_detection_thresholds.o
    0x08007600   0x08007600   0x00000032   Code   RO          178    .text.vl53l8cx_set_i2c_address  vl53l8cx_api.o
    0x08007632   0x08007632   0x00000002   PAD
    0x08007634   0x08007634   0x00000048   Code   RO          206    .text.vl53l8cx_set_integration_time_ms  vl53l8cx_api.o
    0x0800767c   0x0800767c   0x000001f8   Code   RO          182    .text.vl53l8cx_set_power_mode  vl53l8cx_api.o
    0x08007874   0x08007874   0x00000032   Code   RO          200    .text.vl53l8cx_set_ranging_frequency_hz  vl53l8cx_api.o
    0x080078a6   0x080078a6   0x00000002   PAD
    0x080078a8   0x080078a8   0x00000078   Code   RO          218    .text.vl53l8cx_set_ranging_mode  vl53l8cx_api.o
    0x08007920   0x08007920   0x000000ea   Code   RO          196    .text.vl53l8cx_set_resolution  vl53l8cx_api.o
    0x08007a0a   0x08007a0a   0x00000002   PAD
    0x08007a0c   0x08007a0c   0x0000039a   Code   RO          184    .text.vl53l8cx_start_ranging  vl53l8cx_api.o
    0x08007da6   0x08007da6   0x00000002   PAD
    0x08007da8   0x08007da8   0x00000108   Code   RO          190    .text.vl53l8cx_stop_ranging  vl53l8cx_api.o
    0x08007eb0   0x08007eb0   0x00000020   Code   RO         1601    i.__0printf$6       mc_w.l(printf6.o)
    0x08007ed0   0x08007ed0   0x0000000e   Code   RO         1756    i.__scatterload_copy  mc_w.l(handlers.o)
    0x08007ede   0x08007ede   0x00000002   Code   RO         1757    i.__scatterload_null  mc_w.l(handlers.o)
    0x08007ee0   0x08007ee0   0x0000000e   Code   RO         1758    i.__scatterload_zeroinit  mc_w.l(handlers.o)
    0x08007eee   0x08007eee   0x00000002   PAD
    0x08007ef0   0x08007ef0   0x000002f0   Code   RO         1608    i._printf_core      mc_w.l(printf6.o)
    0x080081e0   0x080081e0   0x00000024   Code   RO         1609    i._printf_post_padding  mc_w.l(printf6.o)
    0x08008204   0x08008204   0x0000002e   Code   RO         1610    i._printf_pre_padding  mc_w.l(printf6.o)
    0x08008232   0x08008232   0x00000002   PAD
    0x08008234   0x08008234   0x0000000c   Code   RO         1430    i.putchar           mc_w.l(putchar.o)
    0x08008240   0x08008240   0x00000024   Code   RO         1428    i.puts              mc_w.l(puts.o)
    0x08008264   0x08008264   0x00000030   Data   RO          233    .rodata..L__const.vl53l8cx_start_ranging.output  vl53l8cx_api.o
    0x08008294   0x08008294   0x00000010   Data   RO         1416    .rodata.AHBPrescTable  system_stm32h5xx.o
    0x080082a4   0x080082a4   0x00000008   Data   RO         1417    .rodata.APBPrescTable  system_stm32h5xx.o
    0x080082ac   0x080082ac   0x00000018   Data   RO         1319    .rodata.UARTPrescTable  stm32h5xx_hal_uart.o
    0x080082c4   0x080082c4   0x000003cc   Data   RO          229    .rodata.VL53L8CX_DEFAULT_CONFIGURATION  vl53l8cx_api.o
    0x08008690   0x08008690   0x00000308   Data   RO          230    .rodata.VL53L8CX_DEFAULT_XTALK  vl53l8cx_api.o
    0x08008998   0x08008998   0x00015000   Data   RO          228    .rodata.VL53L8CX_FIRMWARE  vl53l8cx_api.o
    0x0801d998   0x0801d998   0x00000028   Data   RO          231    .rodata.VL53L8CX_GET_NVM_CMD  vl53l8cx_api.o
    0x0801d9c0   0x0801d9c0   0x00000010   Data   RO          232    .rodata.cst16       vl53l8cx_api.o
    0x0801d9d0   0x0801d9d0   0x00000010   Data   RO         1360    .rodata.cst8        stm32h5xx_hal_uart_ex.o
    0x0801d9e0   0x0801d9e0   0x0000016e   Data   RO           19    .rodata.str1.1      main.o
    0x0801db4e   0x0801db4e   0x00000002   PAD
    0x0801db50   0x0801db50   0x00000020   Data   RO         1755    Region$$Table       anon$$obj.o


    Execution Region RW_IRAM1 (Exec base: 0x20000000, Load base: 0x0801db70, Size: 0x00005ee8, Max: 0x00008000, ABSOLUTE)

    Exec Addr    Load Addr    Size         Type   Attr      Idx    E Section Name        Object

    0x20000000   0x0801db70   0x00000004   Data   RW         1721    .data               mc_w.l(stdout.o)
    0x20000004   0x0801db74   0x00000008   Data   RW         1146    .data..L_MergedGlobals  stm32h5xx_hal.o
    0x2000000c   0x0801db7c   0x00000004   Data   RW          374    .data.COM_USART     custom.o
    0x20000010   0x0801db80   0x00000004   Data   RW         1415    .data.SystemCoreClock  system_stm32h5xx.o
    0x20000014   0x0801db84   0x00000038   Data   RW          351    .data.VL53L8CX_RANGING_SENSOR_Driver  vl53l8cx.o
    0x2000004c   0x0801dbbc   0x00000004   PAD
    0x20000050        -       0x00000008   Zero   RW           21    .bss..L_MergedGlobals  main.o
    0x20000058        -       0x00000058   Zero   RW           71    .bss..L_MergedGlobals  custom_bus.o
    0x200000b0        -       0x00000014   Zero   RW          142    .bss..L_MergedGlobals  custom_ranging_sensor.o
    0x200000c4        -       0x00000001   Zero   RW          376    .bss.COM_ActiveLogPort  custom.o
    0x200000c5   0x0801dbbc   0x00000003   PAD
    0x200000c8        -       0x00000504   Zero   RW           18    .bss.Result         main.o
    0x200005cc        -       0x00000300   Zero   RW          352    .bss.VL53L8CX_ConfigIT.thresholds  vl53l8cx.o
    0x200008cc        -       0x00000ae0   Zero   RW          141    .bss.VL53L8CX_Probe.VL53L8CXObj  custom_ranging_sensor.o
    0x200013ac        -       0x00000094   Zero   RW          375    .bss.hcom_uart      custom.o
    0x20001440        -       0x00000550   Zero   RW           17    .bss.main.data      main.o
    0x20001990        -       0x00000004   Zero   RW         1145    .bss.uwTick         stm32h5xx_hal.o
    0x20001994        -       0x00000550   Zero   RW          353    .bss.vl53l8cx_get_result.data  vl53l8cx.o
    0x20001ee4   0x0801dbbc   0x00000004   PAD
    0x20001ee8        -       0x00004000   Zero   RW            1    STACK               startup_stm32h503xx.o


==============================================================================

Image component sizes


      Code (inc. data)   RO Data    RW Data    ZI Data      Debug   Object Name

       120         76          0          0          0       4440   app_tof.o
       338          0          0          4        149       9540   custom.o
       552          0          0          0         88      11409   custom_bus.o
       210          0          0          0       2804       8733   custom_ranging_sensor.o
       110          0          0          0          0       2926   gpio.o
        34          0          0          0          0        665   icache.o
      3232        160        366          0       2652      12302   main.o
       310          0          0          0          0       3126   platform.o
        40         10        600          0      16384        884   startup_stm32h503xx.o
       324          0          0          8          4      12033   stm32h5xx_hal.o
       344          6          0          0          0      13524   stm32h5xx_hal_cortex.o
       682          0          0          0          0       5305   stm32h5xx_hal_gpio.o
      2294          0          0          0          0      57392   stm32h5xx_hal_i2c.o
       146          0          0          0          0       5837   stm32h5xx_hal_i2c_ex.o
        52          0          0          0          0       4049   stm32h5xx_hal_icache.o
         2          0          0          0          0        387   stm32h5xx_hal_msp.o
      2790         16          0          0          0      12181   stm32h5xx_hal_rcc.o
      4764         78          0          0          0      17349   stm32h5xx_hal_rcc_ex.o
      2398          0         24          0          0      39260   stm32h5xx_hal_uart.o
       334          0         16          0          0      11804   stm32h5xx_hal_uart_ex.o
        20          0          0          0          0       1151   stm32h5xx_it.o
       168          0         24          4          0       5343   system_stm32h5xx.o
      1836          8          0         56       2128      12705   vl53l8cx.o
      8492          0      87868          0          0      31817   vl53l8cx_api.o
      1766         38          0          0          0       7576   vl53l8cx_plugin_detection_thresholds.o

    ----------------------------------------------------------------------
     31472        392      88932         72      24220     291738   Object Totals
         0          0         32          0          0          0   (incl. Generated)
       114          0          2          0         11          0   (incl. Padding)

    ----------------------------------------------------------------------

      Code (inc. data)   RO Data    RW Data    ZI Data      Debug   Library Member Name

         0          0          0          0          0          0   entry.o
         0          0          0          0          0          0   entry10a.o
         0          0          0          0          0          0   entry11a.o
         8          4          0          0          0          0   entry2.o
         4          0          0          0          0          0   entry5.o
         0          0          0          0          0          0   entry7b.o
         0          0          0          0          0          0   entry8b.o
         8          4          0          0          0          0   entry9a.o
        30          0          0          0          0          0   handlers.o
        36          8          0          0          0         68   init.o
        30          0          0          0          0         68   llshl.o
        32          0          0          0          0         68   llushr.o
        64          0          0          0          0         76   memmovea.o
        36          0          0          0          0        108   memseta.o
       866         14          0          0          0        352   printf6.o
        12          6          0          0          0         68   putchar.o
        36          6          0          0          0         80   puts.o
         0          0          0          4          0          0   stdout.o
        44          0          0          0          0         80   uidiv.o
        98          0          0          0          0         92   uldiv.o

    ----------------------------------------------------------------------
      1308         42          0          4          0       1060   Library Totals
         4          0          0          0          0          0   (incl. Padding)

    ----------------------------------------------------------------------

      Code (inc. data)   RO Data    RW Data    ZI Data      Debug   Library Name

      1304         42          0          4          0       1060   mc_w.l

    ----------------------------------------------------------------------
      1308         42          0          4          0       1060   Library Totals

    ----------------------------------------------------------------------

==============================================================================


      Code (inc. data)   RO Data    RW Data    ZI Data      Debug   

     32780        434      88932         76      24220     292022   Grand Totals
     32780        434      88932         76      24220     292022   ELF Image Totals
     32780        434      88932         76          0          0   ROM Totals

==============================================================================

    Total RO  Size (Code + RO Data)               121712 ( 118.86kB)
    Total RW  Size (RW Data + ZI Data)             24296 (  23.73kB)
    Total ROM Size (Code + RO Data + RW Data)     121788 ( 118.93kB)

==============================================================================

