Component: Arm Compiler for Embedded 6.18 Tool: armlink [5e4cc100]

==============================================================================

Section Cross References

    startup_stm32h503xx.o(RESET) refers to startup_stm32h503xx.o(STACK) for __initial_sp
    startup_stm32h503xx.o(RESET) refers to startup_stm32h503xx.o(.text) for Reset_Handler
    startup_stm32h503xx.o(RESET) refers to stm32h5xx_it.o(.text.NMI_Handler) for NMI_Handler
    startup_stm32h503xx.o(RESET) refers to stm32h5xx_it.o(.text.HardFault_Handler) for HardFault_Handler
    startup_stm32h503xx.o(RESET) refers to stm32h5xx_it.o(.text.MemManage_Handler) for MemManage_Handler
    startup_stm32h503xx.o(RESET) refers to stm32h5xx_it.o(.text.BusFault_Handler) for BusFault_Handler
    startup_stm32h503xx.o(RESET) refers to stm32h5xx_it.o(.text.UsageFault_Handler) for UsageFault_Handler
    startup_stm32h503xx.o(RESET) refers to stm32h5xx_it.o(.text.SVC_Handler) for SVC_Handler
    startup_stm32h503xx.o(RESET) refers to stm32h5xx_it.o(.text.DebugMon_Handler) for DebugMon_Handler
    startup_stm32h503xx.o(RESET) refers to stm32h5xx_it.o(.text.PendSV_Handler) for PendSV_Handler
    startup_stm32h503xx.o(RESET) refers to stm32h5xx_it.o(.text.SysTick_Handler) for SysTick_Handler
    startup_stm32h503xx.o(.text) refers to system_stm32h5xx.o(.text.SystemInit) for SystemInit
    startup_stm32h503xx.o(.text) refers to entry.o(.ARM.Collect$$$$00000000) for __main
    main.o(.text.main) refers to stm32h5xx_hal.o(.text.HAL_Init) for HAL_Init
    main.o(.text.main) refers to main.o(.text.SystemClock_Config) for SystemClock_Config
    main.o(.text.main) refers to gpio.o(.text.MX_GPIO_Init) for MX_GPIO_Init
    main.o(.text.main) refers to icache.o(.text.MX_ICACHE_Init) for MX_ICACHE_Init
    main.o(.text.main) refers to app_tof.o(.text.MX_TOF_Init) for MX_TOF_Init
    main.o(.text.main) refers to app_tof.o(.text.MX_TOF_Process) for MX_TOF_Process
    main.o(.ARM.exidx.text.main) refers to main.o(.text.main) for [Anonymous Symbol]
    main.o(.text.SystemClock_Config) refers to memseta.o(.text) for __aeabi_memclr4
    main.o(.text.SystemClock_Config) refers to stm32h5xx_hal_rcc.o(.text.HAL_RCC_OscConfig) for HAL_RCC_OscConfig
    main.o(.text.SystemClock_Config) refers to stm32h5xx_hal_rcc.o(.text.HAL_RCC_ClockConfig) for HAL_RCC_ClockConfig
    main.o(.ARM.exidx.text.SystemClock_Config) refers to main.o(.text.SystemClock_Config) for [Anonymous Symbol]
    main.o(.ARM.exidx.text.Error_Handler) refers to main.o(.text.Error_Handler) for [Anonymous Symbol]
    gpio.o(.text.MX_GPIO_Init) refers to stm32h5xx_hal_gpio.o(.text.HAL_GPIO_WritePin) for HAL_GPIO_WritePin
    gpio.o(.text.MX_GPIO_Init) refers to stm32h5xx_hal_gpio.o(.text.HAL_GPIO_Init) for HAL_GPIO_Init
    gpio.o(.ARM.exidx.text.MX_GPIO_Init) refers to gpio.o(.text.MX_GPIO_Init) for [Anonymous Symbol]
    icache.o(.text.MX_ICACHE_Init) refers to stm32h5xx_hal_icache.o(.text.HAL_ICACHE_ConfigAssociativityMode) for HAL_ICACHE_ConfigAssociativityMode
    icache.o(.text.MX_ICACHE_Init) refers to main.o(.text.Error_Handler) for Error_Handler
    icache.o(.text.MX_ICACHE_Init) refers to stm32h5xx_hal_icache.o(.text.HAL_ICACHE_Enable) for HAL_ICACHE_Enable
    icache.o(.ARM.exidx.text.MX_ICACHE_Init) refers to icache.o(.text.MX_ICACHE_Init) for [Anonymous Symbol]
    custom_bus.o(.text.BSP_I2C1_Init) refers to custom_bus.o(.bss..L_MergedGlobals) for .L_MergedGlobals
    custom_bus.o(.text.BSP_I2C1_Init) refers to stm32h5xx_hal_i2c.o(.text.HAL_I2C_GetState) for HAL_I2C_GetState
    custom_bus.o(.text.BSP_I2C1_Init) refers to memseta.o(.text) for __aeabi_memclr8
    custom_bus.o(.text.BSP_I2C1_Init) refers to stm32h5xx_hal_rcc_ex.o(.text.HAL_RCCEx_PeriphCLKConfig) for HAL_RCCEx_PeriphCLKConfig
    custom_bus.o(.text.BSP_I2C1_Init) refers to stm32h5xx_hal_gpio.o(.text.HAL_GPIO_Init) for HAL_GPIO_Init
    custom_bus.o(.text.BSP_I2C1_Init) refers to custom_bus.o(.text.MX_I2C1_Init) for MX_I2C1_Init
    custom_bus.o(.text.BSP_I2C1_Init) refers to stm32h5xx_hal_i2c_ex.o(.text.HAL_I2CEx_ConfigAnalogFilter) for HAL_I2CEx_ConfigAnalogFilter
    custom_bus.o(.ARM.exidx.text.BSP_I2C1_Init) refers to custom_bus.o(.text.BSP_I2C1_Init) for [Anonymous Symbol]
    custom_bus.o(.text.MX_I2C1_Init) refers to stm32h5xx_hal_i2c.o(.text.HAL_I2C_Init) for HAL_I2C_Init
    custom_bus.o(.text.MX_I2C1_Init) refers to stm32h5xx_hal_i2c_ex.o(.text.HAL_I2CEx_ConfigAnalogFilter) for HAL_I2CEx_ConfigAnalogFilter
    custom_bus.o(.text.MX_I2C1_Init) refers to stm32h5xx_hal_i2c_ex.o(.text.HAL_I2CEx_ConfigDigitalFilter) for HAL_I2CEx_ConfigDigitalFilter
    custom_bus.o(.ARM.exidx.text.MX_I2C1_Init) refers to custom_bus.o(.text.MX_I2C1_Init) for [Anonymous Symbol]
    custom_bus.o(.text.BSP_I2C1_DeInit) refers to custom_bus.o(.bss..L_MergedGlobals) for .L_MergedGlobals
    custom_bus.o(.text.BSP_I2C1_DeInit) refers to stm32h5xx_hal_gpio.o(.text.HAL_GPIO_DeInit) for HAL_GPIO_DeInit
[...]
    ../clib/microlib/stdio/puts.c            0x00000000   Number         0  puts.o ABSOLUTE
    ../clib/microlib/stdio/puts.c            0x00000000   Number         0  puts_e.o ABSOLUTE
    ../clib/microlib/stdio/streams.c         0x00000000   Number         0  stdout.o ABSOLUTE
    ../clib/microlib/string/memcpy.c         0x00000000   Number         0  memcpya.o ABSOLUTE
    ../clib/microlib/string/memcpy.c         0x00000000   Number         0  memmovea.o ABSOLUTE
    ../clib/microlib/string/memcpy.c         0x00000000   Number         0  memcpyb.o ABSOLUTE
    ../clib/microlib/string/memcpy.c         0x00000000   Number         0  memmoveb.o ABSOLUTE
    ../clib/microlib/string/memset.c         0x00000000   Number         0  memseta.o ABSOLUTE
    ../clib/microlib/stubs.s                 0x00000000   Number         0  iusefp.o ABSOLUTE
    ../fplib/microlib/fpadd.c                0x00000000   Number         0  dadd.o ABSOLUTE
    ../fplib/microlib/fpdiv.c                0x00000000   Number         0  ddiv.o ABSOLUTE
    ../fplib/microlib/fpepilogue.c           0x00000000   Number         0  depilogue.o ABSOLUTE
    ../fplib/microlib/fpfix.c                0x00000000   Number         0  dfixul.o ABSOLUTE
    ../fplib/microlib/fpmul.c                0x00000000   Number         0  dmul.o ABSOLUTE
    app_tof.c                                0x00000000   Number         0  app_tof.o ABSOLUTE
    bsp.c                                    0x00000000   Number         0  bsp.o ABSOLUTE
    cdrcmple.s                               0x00000000   Number         0  cdrcmple.o ABSOLUTE
    custom.c                                 0x00000000   Number         0  custom.o ABSOLUTE
    custom_bus.c                             0x00000000   Number         0  custom_bus.o ABSOLUTE
    custom_ranging_sensor.c                  0x00000000   Number         0  custom_ranging_sensor.o ABSOLUTE
    dc.s                                     0x00000000   Number         0  dc.o ABSOLUTE
    gpio.c                                   0x00000000   Number         0  gpio.o ABSOLUTE
    handlers.s                               0x00000000   Number         0  handlers.o ABSOLUTE
    icache.c                                 0x00000000   Number         0  icache.o ABSOLUTE
    init.s                                   0x00000000   Number         0  init.o ABSOLUTE
    main.c                                   0x00000000   Number         0  main.o ABSOLUTE
    memorymap.c                              0x00000000   Number         0  memorymap.o ABSOLUTE
    platform.c                               0x00000000   Number         0  platform.o ABSOLUTE
    startup_stm32h503xx.s                    0x00000000   Number         0  startup_stm32h503xx.o ABSOLUTE
    stm32h5xx_hal.c                          0x00000000   Number         0  stm32h5xx_hal.o ABSOLUTE
    stm32h5xx_hal_cortex.c                   0x00000000   Number         0  stm32h5xx_hal_cortex.o ABSOLUTE
    stm32h5xx_hal_dma.c                      0x00000000   Number         0  stm32h5xx_hal_dma.o ABSOLUTE
    stm32h5xx_hal_dma_ex.c                   0x00000000   Number         0  stm32h5xx_hal_dma_ex.o ABSOLUTE
    stm32h5xx_hal_exti.c                     0x00000000   Number         0  stm32h5xx_hal_exti.o ABSOLUTE
    stm32h5xx_hal_flash.c                    0x00000000   Number         0  stm32h5xx_hal_flash.o ABSOLUTE
    stm32h5xx_hal_flash_ex.c                 0x00000000   Number         0  stm32h5xx_hal_flash_ex.o ABSOLUTE
    stm32h5xx_hal_gpio.c                     0x00000000   Number         0  stm32h5xx_hal_gpio.o ABSOLUTE
    stm32h5xx_hal_i2c.c                      0x00000000   Number         0  stm32h5xx_hal_i2c.o ABSOLUTE
    stm32h5xx_hal_i2c_ex.c                   0x00000000   Number         0  stm32h5xx_hal_i2c_ex.o ABSOLUTE
    stm32h5xx_hal_icache.c                   0x00000000   Number         0  stm32h5xx_hal_icache.o ABSOLUTE
    stm32h5xx_hal_msp.c                      0x00000000   Number         0  stm32h5xx_hal_msp.o ABSOLUTE
    stm32h5xx_hal_pwr.c                      0x00000000   Number         0  stm32h5xx_hal_pwr.o ABSOLUTE
    stm32h5xx_hal_pwr_ex.c                   0x00000000   Number         0  stm32h5xx_hal_pwr_ex.o ABSOLUTE
    stm32h5xx_hal_rcc.c                      0x00000000   Number         0  stm32h5xx_hal_rcc.o ABSOLUTE
    stm32h5xx_hal_rcc_ex.c                   0x00000000   Number         0  stm32h5xx_hal_rcc_ex.o ABSOLUTE
    stm32h5xx_hal_tim.c                      0x00000000   Number         0  stm32h5xx_hal_tim.o ABSOLUTE
    stm32h5xx_hal_tim_ex.c                   0x00000000   Number         0  stm32h5xx_hal_tim_ex.o ABSOLUTE
    stm32h5xx_hal_uart.c                     0x00000000   Number         0  stm32h5xx_hal_uart.o ABSOLUTE
    stm32h5xx_hal_uart_ex.c                  0x00000000   Number         0  stm32h5xx_hal_uart_ex.o ABSOLUTE
    stm32h5xx_it.c                           0x00000000   Number         0  stm32h5xx_it.o ABSOLUTE
    system_stm32h5xx.c                       0x00000000   Number         0  system_stm32h5xx.o ABSOLUTE
    vl53l8cx.c                               0x00000000   Number         0  vl53l8cx.o ABSOLUTE
    vl53l8cx_api.c                           0x00000000   Number         0  vl53l8cx_api.o ABSOLUTE
    vl53l8cx_plugin_detection_thresholds.c   0x00000000   Number         0  vl53l8cx_plugin_detection_thresholds.o ABSOLUTE
    vl53l8cx_plugin_motion_indicator.c       0x00000000   Number         0  vl53l8cx_plugin_motion_indicator.o ABSOLUTE
    vl53l8cx_plugin_xtalk.c                  0x00000000   Number         0  vl53l8cx_plugin_xtalk.o ABSOLUTE
    RESET                                    0x08000000   Section      600  startup_stm32h503xx.o(RESET)
    .ARM.Collect$$$$00000000                 0x08000258   Section        0  entry.o(.ARM.Collect$$$$00000000)
    .ARM.Collect$$$$00000001                 0x08000258   Section        4  entry2.o(.ARM.Collect$$$$00000001)
    .ARM.Collect$$$$00000004                 0x0800025c   Section        4  entry5.o(.ARM.Collect$$$$00000004)
    .ARM.Collect$$$$00000008                 0x08000260   Section        0  entry7b.o(.ARM.Collect$$$$00000008)
    .ARM.Collect$$$$0000000A                 0x08000260   Section        0  entry8b.o(.ARM.Collect$$$$0000000A)
    .ARM.Collect$$$$0000000B                 0x08000260   Section        8  entry9a.o(.ARM.Collect$$$$0000000B)
    __lit__00000000                          0x08000268   Data           4  entry2.o(.ARM.Collect$$$$00002712)
    .ARM.Collect$$$$0000000D                 0x08000268   Section        0  entry10a.o(.ARM.Collect$$$$0000000D)
    .ARM.Collect$$$$0000000F                 0x08000268   Section        0  entry11a.o(.ARM.Collect$$$$0000000F)
    .ARM.Collect$$$$00002712                 0x08000268   Section        4  entry2.o(.ARM.Collect$$$$00002712)
    $v0                                      0x0800026c   Number         0  startup_stm32h503xx.o(.text)
    .text                                    0x0800026c   Section       40  startup_stm32h503xx.o(.text)
    .text                                    0x08000294   Section        0  uldiv.o(.text)
    .text                                    0x080002f6   Section        0  memmovea.o(.text)
    .text                                    0x08000336   Section        0  memseta.o(.text)
    .text                                    0x0800035a   Section        0  uidiv.o(.text)
    .text                                    0x08000386   Section        0  llshl.o(.text)
    .text                                    0x080003a4   Section        0  llushr.o(.text)
    .text                                    0x080003c4   Section       36  init.o(.text)
    [Anonymous Symbol]                       0x080003e8   Section        0  custom.o(.text.BSP_COM_Init)
    [Anonymous Symbol]                       0x080004ac   Section        0  custom_bus.o(.text.BSP_GetTick)
    [Anonymous Symbol]                       0x080004b0   Section        0  custom_bus.o(.text.BSP_I2C1_DeInit)
    [Anonymous Symbol]                       0x08000500   Section        0  custom_bus.o(.text.BSP_I2C1_Init)
    [Anonymous Symbol]                       0x080005f4   Section        0  custom_bus.o(.text.BSP_I2C1_ReadReg16)
    [Anonymous Symbol]                       0x08000640   Section        0  custom_bus.o(.text.BSP_I2C1_WriteReg16)
    [Anonymous Symbol]                       0x0800068c   Section        0  stm32h5xx_it.o(.text.BusFault_Handler)
    [Anonymous Symbol]                       0x08000690   Section        0  custom_ranging_sensor.o(.text.CUSTOM_RANGING_SENSOR_ConfigProfile)
    [Anonymous Symbol]                       0x080006bc   Section        0  custom_ranging_sensor.o(.text.CUSTOM_RANGING_SENSOR_GetCapabilities)
    [Anonymous Symbol]                       0x080006e8   Section        0  custom_ranging_sensor.o(.text.CUSTOM_RANGING_SENSOR_GetDistance)
    [Anonymous Symbol]                       0x08000714   Section        0  custom_ranging_sensor.o(.text.CUSTOM_RANGING_SENSOR_Init)
    [Anonymous Symbol]                       0x080007e8   Section        0  custom_ranging_sensor.o(.text.CUSTOM_RANGING_SENSOR_ReadID)
    [Anonymous Symbol]                       0x08000814   Section        0  custom_ranging_sensor.o(.text.CUSTOM_RANGING_SENSOR_Start)
    [Anonymous Symbol]                       0x08000840   Section        0  custom_ranging_sensor.o(.text.CUSTOM_RANGING_SENSOR_Stop)
    [Anonymous Symbol]                       0x0800086c   Section        0  stm32h5xx_it.o(.text.DebugMon_Handler)
    [Anonymous Symbol]                       0x08000870   Section        0  main.o(.text.Error_Handler)
    [Anonymous Symbol]                       0x08000878   Section        0  stm32h5xx_hal.o(.text.HAL_Delay)
    [Anonymous Symbol]                       0x080008a0   Section        0  stm32h5xx_hal_gpio.o(.text.HAL_GPIO_DeInit)
    [Anonymous Symbol]                       0x0800099c   Section        0  stm32h5xx_hal_gpio.o(.text.HAL_GPIO_Init)
    [Anonymous Symbol]                       0x08000b38   Section        0  stm32h5xx_hal_gpio.o(.text.HAL_GPIO_WritePin)
    [Anonymous Symbol]                       0x08000b44   Section        0  stm32h5xx_hal.o(.text.HAL_GetTick)
    [Anonymous Symbol]                       0x08000b50   Section        0  stm32h5xx_hal_i2c_ex.o(.text.HAL_I2CEx_ConfigAnalogFilter)
    [Anonymous Symbol]                       0x08000b9c   Section        0  stm32h5xx_hal_i2c_ex.o(.text.HAL_I2CEx_ConfigDigitalFilter)
    [Anonymous Symbol]                       0x08000be4   Section        0  stm32h5xx_hal_i2c.o(.text.HAL_I2C_DeInit)
    [Anonymous Symbol]                       0x08000c1c   Section        0  stm32h5xx_hal_i2c.o(.text.HAL_I2C_GetError)
    [Anonymous Symbol]                       0x08000c20   Section        0  stm32h5xx_hal_i2c.o(.text.HAL_I2C_GetState)
    [Anonymous Symbol]                       0x08000c28   Section        0  stm32h5xx_hal_i2c.o(.text.HAL_I2C_Init)
    [Anonymous Symbol]                       0x08000cd4   Section        0  stm32h5xx_hal_i2c.o(.text.HAL_I2C_Mem_Read)
    [Anonymous Symbol]                       0x08000f14   Section        0  stm32h5xx_hal_i2c.o(.text.HAL_I2C_Mem_Write)
    [Anonymous Symbol]                       0x0800114c   Section        0  stm32h5xx_hal_i2c.o(.text.HAL_I2C_MspDeInit)
    [Anonymous Symbol]                       0x08001150   Section        0  stm32h5xx_hal_i2c.o(.text.HAL_I2C_MspInit)
    [Anonymous Symbol]                       0x08001154   Section        0  stm32h5xx_hal_icache.o(.text.HAL_ICACHE_ConfigAssociativityMode)
    [Anonymous Symbol]                       0x08001174   Section        0  stm32h5xx_hal_icache.o(.text.HAL_ICACHE_Enable)
    [Anonymous Symbol]                       0x08001188   Section        0  stm32h5xx_hal.o(.text.HAL_IncTick)
    [Anonymous Symbol]                       0x080011a4   Section        0  stm32h5xx_hal.o(.text.HAL_Init)
    [Anonymous Symbol]                       0x080011f0   Section        0  stm32h5xx_hal.o(.text.HAL_InitTick)
    [Anonymous Symbol]                       0x0800129c   Section        0  stm32h5xx_hal_msp.o(.text.HAL_MspInit)
    [Anonymous Symbol]                       0x080012a0   Section        0  stm32h5xx_hal_cortex.o(.text.HAL_NVIC_SetPriority)
    [Anonymous Symbol]                       0x080012f8   Section        0  stm32h5xx_hal_cortex.o(.text.HAL_NVIC_SetPriorityGrouping)
    [Anonymous Symbol]                       0x08001318   Section        0  stm32h5xx_hal_rcc_ex.o(.text.HAL_RCCEx_GetPLL1ClockFreq)
    [Anonymous Symbol]                       0x080014cc   Section        0  stm32h5xx_hal_rcc_ex.o(.text.HAL_RCCEx_GetPLL2ClockFreq)
    [Anonymous Symbol]                       0x08001680   Section        0  stm32h5xx_hal_rcc_ex.o(.text.HAL_RCCEx_GetPeriphCLKFreq)
    [Anonymous Symbol]                       0x08001e00   Section        0  stm32h5xx_hal_rcc_ex.o(.text.HAL_RCCEx_PeriphCLKConfig)
    [Anonymous Symbol]                       0x080024c4   Section        0  stm32h5xx_hal_rcc.o(.text.HAL_RCC_ClockConfig)
    [Anonymous Symbol]                       0x08002734   Section        0  stm32h5xx_hal_rcc.o(.text.HAL_RCC_GetHCLKFreq)
    [Anonymous Symbol]                       0x08002764   Section        0  stm32h5xx_hal_rcc.o(.text.HAL_RCC_GetPCLK1Freq)
    [Anonymous Symbol]                       0x080027ac   Section        0  stm32h5xx_hal_rcc.o(.text.HAL_RCC_GetPCLK2Freq)
    [Anonymous Symbol]                       0x080027f4   Section        0  stm32h5xx_hal_rcc.o(.text.HAL_RCC_GetPCLK3Freq)
    [Anonymous Symbol]                       0x0800283c   Section        0  stm32h5xx_hal_rcc.o(.text.HAL_RCC_GetSysClockFreq)
    [Anonymous Symbol]                       0x08002968   Section        0  stm32h5xx_hal_rcc.o(.text.HAL_RCC_OscConfig)
    [Anonymous Symbol]                       0x08002fb4   Section        0  stm32h5xx_hal_cortex.o(.text.HAL_SYSTICK_CLKSourceConfig)
    [Anonymous Symbol]                       0x08003044   Section        0  stm32h5xx_hal_cortex.o(.text.HAL_SYSTICK_Config)
    [Anonymous Symbol]                       0x08003068   Section        0  stm32h5xx_hal_cortex.o(.text.HAL_SYSTICK_GetCLKSourceConfig)
    [Anonymous Symbol]                       0x08003098   Section        0  stm32h5xx_hal_uart_ex.o(.text.HAL_UARTEx_DisableFifoMode)
    [Anonymous Symbol]                       0x080030d0   Section        0  stm32h5xx_hal_uart_ex.o(.text.HAL_UARTEx_SetRxFifoThreshold)
    [Anonymous Symbol]                       0x0800315c   Section        0  stm32h5xx_hal_uart_ex.o(.text.HAL_UARTEx_SetTxFifoThreshold)
    [Anonymous Symbol]                       0x080031e8   Section        0  stm32h5xx_hal_uart.o(.text.HAL_UART_Init)
    [Anonymous Symbol]                       0x08003250   Section        0  stm32h5xx_hal_uart.o(.text.HAL_UART_MspInit)
    [Anonymous Symbol]                       0x08003254   Section        0  stm32h5xx_hal_uart.o(.text.HAL_UART_Receive)
    [Anonymous Symbol]                       0x08003360   Section        0  stm32h5xx_hal_uart.o(.text.HAL_UART_Transmit)
    [Anonymous Symbol]                       0x08003500   Section        0  stm32h5xx_it.o(.text.HardFault_Handler)
    I2C_IsErrorOccurred                      0x08003505   Thumb Code   352  stm32h5xx_hal_i2c.o(.text.I2C_IsErrorOccurred)
    [Anonymous Symbol]                       0x08003504   Section        0  stm32h5xx_hal_i2c.o(.text.I2C_IsErrorOccurred)
    I2C_WaitOnFlagUntilTimeout               0x08003665   Thumb Code   258  stm32h5xx_hal_i2c.o(.text.I2C_WaitOnFlagUntilTimeout)
    [Anonymous Symbol]                       0x08003664   Section        0  stm32h5xx_hal_i2c.o(.text.I2C_WaitOnFlagUntilTimeout)
    I2C_WaitOnSTOPFlagUntilTimeout           0x08003769   Thumb Code   128  stm32h5xx_hal_i2c.o(.text.I2C_WaitOnSTOPFlagUntilTimeout)
    [Anonymous Symbol]                       0x08003768   Section        0  stm32h5xx_hal_i2c.o(.text.I2C_WaitOnSTOPFlagUntilTimeout)
    I2C_WaitOnTXISFlagUntilTimeout           0x080037e9   Thumb Code   172  stm32h5xx_hal_i2c.o(.text.I2C_WaitOnTXISFlagUntilTimeout)
    [Anonymous Symbol]                       0x080037e8   Section        0  stm32h5xx_hal_i2c.o(.text.I2C_WaitOnTXISFlagUntilTimeout)
    [Anonymous Symbol]                       0x08003894   Section        0  gpio.o(.text.MX_GPIO_Init)
    [Anonymous Symbol]                       0x080038f0   Section        0  custom_bus.o(.text.MX_I2C1_Init)
    [Anonymous Symbol]                       0x08003940   Section        0  icache.o(.text.MX_ICACHE_Init)
    [Anonymous Symbol]                       0x08003964   Section        0  app_tof.o(.text.MX_TOF_Init)
    [Anonymous Symbol]                       0x080039dc   Section        0  app_tof.o(.text.MX_TOF_Process)
    [Anonymous Symbol]                       0x08003fdc   Section        0  custom.o(.text.MX_USART1_UART_Init)
    [Anonymous Symbol]                       0x08004038   Section        0  stm32h5xx_it.o(.text.MemManage_Handler)
    [Anonymous Symbol]                       0x0800403c   Section        0  stm32h5xx_it.o(.text.NMI_Handler)
    [Anonymous Symbol]                       0x08004040   Section        0  stm32h5xx_it.o(.text.PendSV_Handler)
    RCCEx_PLL2_Config                        0x08004045   Thumb Code   240  stm32h5xx_hal_rcc_ex.o(.text.RCCEx_PLL2_Config)
    [Anonymous Symbol]                       0x08004044   Section        0  stm32h5xx_hal_rcc_ex.o(.text.RCCEx_PLL2_Config)
    [Anonymous Symbol]                       0x08004134   Section        0  stm32h5xx_it.o(.text.SVC_Handler)
    [Anonymous Symbol]                       0x08004138   Section        0  stm32h5xx_it.o(.text.SysTick_Handler)
    [Anonymous Symbol]                       0x0800413c   Section        0  main.o(.text.SystemClock_Config)
    [Anonymous Symbol]                       0x08004204   Section        0  system_stm32h5xx.o(.text.SystemInit)
    [Anonymous Symbol]                       0x080042ac   Section        0  stm32h5xx_hal_uart.o(.text.UART_AdvFeatureConfig)
    [Anonymous Symbol]                       0x08004394   Section        0  stm32h5xx_hal_uart.o(.text.UART_CheckIdleState)
    [Anonymous Symbol]                       0x08004504   Section        0  stm32h5xx_hal_uart.o(.text.UART_SetConfig)
    [Anonymous Symbol]                       0x080046b4   Section        0  stm32h5xx_hal_uart.o(.text.UART_WaitOnFlagUntilTimeout)
    [Anonymous Symbol]                       0x08004a04   Section        0  stm32h5xx_it.o(.text.UsageFault_Handler)
    [Anonymous Symbol]                       0x08004a08   Section        0  vl53l8cx.o(.text.VL53L8CX_ConfigIT)
    [Anonymous Symbol]                       0x08004b98   Section        0  vl53l8cx.o(.text.VL53L8CX_ConfigProfile)
    [Anonymous Symbol]                       0x08004c3c   Section        0  vl53l8cx.o(.text.VL53L8CX_ConfigROI)
    [Anonymous Symbol]                       0x08004c44   Section        0  vl53l8cx.o(.text.VL53L8CX_DeInit)
    [Anonymous Symbol]                       0x08004c70   Section        0  vl53l8cx.o(.text.VL53L8CX_GetAddress)
    [Anonymous Symbol]                       0x08004c88   Section        0  vl53l8cx.o(.text.VL53L8CX_GetCapabilities)
    [Anonymous Symbol]                       0x08004ca8   Section        0  vl53l8cx.o(.text.VL53L8CX_GetDistance)
    [Anonymous Symbol]                       0x08004f1c   Section        0  vl53l8cx.o(.text.VL53L8CX_GetPowerMode)
    [Anonymous Symbol]                       0x08004f58   Section        0  vl53l8cx.o(.text.VL53L8CX_Init)
    [Anonymous Symbol]                       0x08004f90   Section        0  platform.o(.text.VL53L8CX_RdByte)
    [Anonymous Symbol]                       0x08004fa0   Section        0  platform.o(.text.VL53L8CX_RdMulti)
    [Anonymous Symbol]                       0x08004fb0   Section        0  vl53l8cx.o(.text.VL53L8CX_ReadID)
    [Anonymous Symbol]                       0x0800502c   Section        0  vl53l8cx.o(.text.VL53L8CX_RegisterBusIO)
    [Anonymous Symbol]                       0x0800507c   Section        0  vl53l8cx.o(.text.VL53L8CX_SetAddress)
    [Anonymous Symbol]                       0x080050a4   Section        0  vl53l8cx.o(.text.VL53L8CX_SetPowerMode)
    [Anonymous Symbol]                       0x080050d0   Section        0  vl53l8cx.o(.text.VL53L8CX_Start)
    [Anonymous Symbol]                       0x08005134   Section        0  vl53l8cx.o(.text.VL53L8CX_Stop)
    [Anonymous Symbol]                       0x08005160   Section        0  platform.o(.text.VL53L8CX_SwapBuffer)
    [Anonymous Symbol]                       0x08005230   Section        0  platform.o(.text.VL53L8CX_WaitMs)
    [Anonymous Symbol]                       0x0800524c   Section        0  platform.o(.text.VL53L8CX_WrByte)
    [Anonymous Symbol]                       0x08005268   Section        0  platform.o(.text.VL53L8CX_WrMulti)
    _vl53l8cx_send_offset_data               0x08005279   Thumb Code  1392  vl53l8cx_api.o(.text._vl53l8cx_send_offset_data)
    [Anonymous Symbol]                       0x08005278   Section        0  vl53l8cx_api.o(.text._vl53l8cx_send_offset_data)
    _vl53l8cx_send_xtalk_data                0x080057e9   Thumb Code   776  vl53l8cx_api.o(.text._vl53l8cx_send_xtalk_data)
    [Anonymous Symbol]                       0x080057e8   Section        0  vl53l8cx_api.o(.text._vl53l8cx_send_xtalk_data)
    [Anonymous Symbol]                       0x08005af0   Section        0  custom.o(.text.fputc)
    [Anonymous Symbol]                       0x08005b24   Section        0  main.o(.text.main)
    [Anonymous Symbol]                       0x08005b40   Section        0  vl53l8cx_api.o(.text.vl53l8cx_check_data_ready)
    [Anonymous Symbol]                       0x08005ba4   Section        0  vl53l8cx_api.o(.text.vl53l8cx_dci_read_data)
    [Anonymous Symbol]                       0x08005cf8   Section        0  vl53l8cx_api.o(.text.vl53l8cx_dci_replace_data)
    [Anonymous Symbol]                       0x08005d38   Section        0  vl53l8cx_api.o(.text.vl53l8cx_dci_write_data)
    [Anonymous Symbol]                       0x08005e60   Section        0  vl53l8cx_api.o(.text.vl53l8cx_get_power_mode)
    [Anonymous Symbol]                       0x08005ecc   Section        0  vl53l8cx_api.o(.text.vl53l8cx_get_ranging_data)
    [Anonymous Symbol]                       0x08006524   Section        0  vl53l8cx_api.o(.text.vl53l8cx_get_resolution)
    [Anonymous Symbol]                       0x08006548   Section        0  vl53l8cx_api.o(.text.vl53l8cx_init)
    [Anonymous Symbol]                       0x08006b54   Section        0  vl53l8cx_plugin_detection_thresholds.o(.text.vl53l8cx_set_detection_thresholds)
    [Anonymous Symbol]                       0x080071d0   Section        0  vl53l8cx_plugin_detection_thresholds.o(.text.vl53l8cx_set_detection_thresholds_enable)
    [Anonymous Symbol]                       0x0800723c   Section        0  vl53l8cx_api.o(.text.vl53l8cx_set_i2c_address)
    [Anonymous Symbol]                       0x08007270   Section        0  vl53l8cx_api.o(.text.vl53l8cx_set_integration_time_ms)
    [Anonymous Symbol]                       0x080072b8   Section        0  vl53l8cx_api.o(.text.vl53l8cx_set_power_mode)
    [Anonymous Symbol]                       0x080074b0   Section        0  vl53l8cx_api.o(.text.vl53l8cx_set_ranging_frequency_hz)
    [Anonymous Symbol]                       0x080074e4   Section        0  vl53l8cx_api.o(.text.vl53l8cx_set_ranging_mode)
    [Anonymous Symbol]                       0x0800755c   Section        0  vl53l8cx_api.o(.text.vl53l8cx_set_resolution)
    [Anonymous Symbol]                       0x08007648   Section        0  vl53l8cx_api.o(.text.vl53l8cx_start_ranging)
    [Anonymous Symbol]                       0x080079e4   Section        0  vl53l8cx_api.o(.text.vl53l8cx_stop_ranging)
    i.__0printf$6                            0x08007aec   Section        0  printf6.o(i.__0printf$6)
    i.__scatterload_copy                     0x08007b0c   Section       14  handlers.o(i.__scatterload_copy)
    i.__scatterload_null                     0x08007b1a   Section        2  handlers.o(i.__scatterload_null)
    i.__scatterload_zeroinit                 0x08007b1c   Section       14  handlers.o(i.__scatterload_zeroinit)
    _printf_core                             0x08007b2d   Thumb Code   748  printf6.o(i._printf_core)
    i._printf_core                           0x08007b2c   Section        0  printf6.o(i._printf_core)
    _printf_post_padding                     0x08007e1d   Thumb Code    36  printf6.o(i._printf_post_padding)
    i._printf_post_padding                   0x08007e1c   Section        0  printf6.o(i._printf_post_padding)
    _printf_pre_padding                      0x08007e41   Thumb Code    46  printf6.o(i._printf_pre_padding)
    i._printf_pre_padding                    0x08007e40   Section        0  printf6.o(i._printf_pre_padding)
    i.putchar                                0x08007e70   Section        0  putchar.o(i.putchar)
    i.puts                                   0x08007e7c   Section        0  puts.o(i.puts)
    .L__const.vl53l8cx_start_ranging.output  0x08007ea0   Data          48  vl53l8cx_api.o(.rodata..L__const.vl53l8cx_start_ranging.output)
    .Lswitch.table.MX_TOF_Process            0x0801d5fc   Data          16  app_tof.o(.rodata.cst16)
    .L__const.vl53l8cx_start_ranging.output_bh_enable 0x0801d60c   Data          16  vl53l8cx_api.o(.rodata.cst16)
    UARTEx_SetNbDataToProcess.numerator      0x0801d61c   Data           8  stm32h5xx_hal_uart_ex.o(.rodata.cst8)
    [Anonymous Symbol]                       0x0801d61c   Section        0  stm32h5xx_hal_uart_ex.o(.rodata.cst8)
    UARTEx_SetNbDataToProcess.denominator    0x0801d624   Data           8  stm32h5xx_hal_uart_ex.o(.rodata.cst8)
    .Lstr.40                                 0x0801d62c   Data          42  app_tof.o(.rodata.str1.1)
    [Anonymous Symbol]                       0x0801d62c   Section        0  app_tof.o(.rodata.str1.1)
    .L.str.7                                 0x0801d656   Data          14  app_tof.o(.rodata.str1.1)
    .L.str.13                                0x0801d664   Data          19  app_tof.o(.rodata.str1.1)
    .L.str.19                                0x0801d677   Data          12  app_tof.o(.rodata.str1.1)
    .L.str.20                                0x0801d683   Data          11  app_tof.o(.rodata.str1.1)
    .L.str.16                                0x0801d68e   Data          31  app_tof.o(.rodata.str1.1)
    .L.str.15                                0x0801d6ad   Data          30  app_tof.o(.rodata.str1.1)
    .L.str.21                                0x0801d6c5   Data           6  app_tof.o(.rodata.str1.1)
    .L.str.17                                0x0801d6cb   Data          15  app_tof.o(.rodata.str1.1)
    .L.str.22                                0x0801d6d5   Data           5  app_tof.o(.rodata.str1.1)
    .L.str.11                                0x0801d6da   Data          19  app_tof.o(.rodata.str1.1)
    .L.str.23                                0x0801d6ed   Data           6  app_tof.o(.rodata.str1.1)
    .L.str.31                                0x0801d6f3   Data           6  app_tof.o(.rodata.str1.1)
    .L.str.18                                0x0801d6f9   Data           2  app_tof.o(.rodata.str1.1)
    .L.str.8                                 0x0801d6fb   Data          19  app_tof.o(.rodata.str1.1)
    .L.str.9                                 0x0801d70e   Data          20  app_tof.o(.rodata.str1.1)
    .Lstr.39                                 0x0801d722   Data          13  app_tof.o(.rodata.str1.1)
    .Lstr.41                                 0x0801d72f   Data          46  app_tof.o(.rodata.str1.1)
    .Lstr.38                                 0x0801d75d   Data          41  app_tof.o(.rodata.str1.1)
    .Lstr.37                                 0x0801d786   Data           2  app_tof.o(.rodata.str1.1)
    .data                                    0x20000000   Section        4  stdout.o(.data)
    .L_MergedGlobals                         0x20000004   Data           8  stm32h5xx_hal.o(.data..L_MergedGlobals)
    [Anonymous Symbol]                       0x20000004   Section        0  stm32h5xx_hal.o(.data..L_MergedGlobals)
    .L_MergedGlobals                         0x20000050   Data          88  custom_bus.o(.bss..L_MergedGlobals)
    I2C1InitCounter                          0x20000050   Data           4  custom_bus.o(.bss..L_MergedGlobals)
    [Anonymous Symbol]                       0x20000050   Section        0  custom_bus.o(.bss..L_MergedGlobals)
    .L_MergedGlobals                         0x200000a8   Data          20  custom_ranging_sensor.o(.bss..L_MergedGlobals)
    [Anonymous Symbol]                       0x200000a8   Section        0  custom_ranging_sensor.o(.bss..L_MergedGlobals)
    RANGING_SENSOR_Cap                       0x200000ac   Data          16  custom_ranging_sensor.o(.bss..L_MergedGlobals)
    .L_MergedGlobals                         0x200000bc   Data          36  app_tof.o(.bss..L_MergedGlobals)
    Cap                                      0x200000bc   Data          16  app_tof.o(.bss..L_MergedGlobals)
    [Anonymous Symbol]                       0x200000bc   Section        0  app_tof.o(.bss..L_MergedGlobals)
    Profile                                  0x200000cc   Data          20  app_tof.o(.bss..L_MergedGlobals)
    COM_ActiveLogPort                        0x200000e0   Data           1  custom.o(.bss.COM_ActiveLogPort)
    [Anonymous Symbol]                       0x200000e0   Section        0  custom.o(.bss.COM_ActiveLogPort)
    MX_VL53L8CX_SimpleRanging_Process.Result 0x200000e4   Data        1284  app_tof.o(.bss.MX_VL53L8CX_SimpleRanging_Process.Result)
    [Anonymous Symbol]                       0x200000e4   Section        0  app_tof.o(.bss.MX_VL53L8CX_SimpleRanging_Process.Result)
    VL53L8CX_ConfigIT.thresholds             0x200005e8   Data         768  vl53l8cx.o(.bss.VL53L8CX_ConfigIT.thresholds)
    [Anonymous Symbol]                       0x200005e8   Section        0  vl53l8cx.o(.bss.VL53L8CX_ConfigIT.thresholds)
    VL53L8CX_Probe.VL53L8CXObj               0x200008e8   Data        2784  custom_ranging_sensor.o(.bss.VL53L8CX_Probe.VL53L8CXObj)
    [Anonymous Symbol]                       0x200008e8   Section        0  custom_ranging_sensor.o(.bss.VL53L8CX_Probe.VL53L8CXObj)
    vl53l8cx_get_result.data                 0x20001460   Data        1360  vl53l8cx.o(.bss.vl53l8cx_get_result.data)
    [Anonymous Symbol]                       0x20001460   Section        0  vl53l8cx.o(.bss.vl53l8cx_get_result.data)
    STACK                                    0x200019b0   Section    16384  startup_stm32h503xx.o(STACK)

    Global Symbols

    Symbol Name                              Value     Ov Type        Size  Object(Section)

    BuildAttributes$$THM_ISAv4$E$P$D$K$B$S$7EM$8M$VFPi5$EXTD16$VFPS$VFMA$PE$A:L22UL41UL21$X:L11$S22US41US21$IEEE1$IW$~IW$USESV6$~STKCKD$USESV7$~SHL$OTIME$ROPI$EBA8$MICROLIB$REQ8$PRES8$EABIv2 0x00000000   Number         0  anon$$obj.o ABSOLUTE
    _printf_a                                0x00000000   Number         0  printfstubs.o ABSOLUTE
    _printf_c                                0x00000000   Number         0  printfstubs.o ABSOLUTE
    _printf_charcount                        0x00000000   Number         0  printfstubs.o ABSOLUTE
    _printf_d                                0x00000000   Number         0  printfstubs.o ABSOLUTE
    _printf_e                                0x00000000   Number         0  printfstubs.o ABSOLUTE
    _printf_f                                0x00000000   Number         0  printfstubs.o ABSOLUTE
    _printf_flags                            0x00000000   Number         0  printfstubs.o ABSOLUTE
    _printf_fp_dec                           0x00000000   Number         0  printfstubs.o ABSOLUTE
    _printf_fp_hex                           0x00000000   Number         0  printfstubs.o ABSOLUTE
    _printf_g                                0x00000000   Number         0  printfstubs.o ABSOLUTE
    _printf_i                                0x00000000   Number         0  printfstubs.o ABSOLUTE
    _printf_int_dec                          0x00000000   Number         0  printfstubs.o ABSOLUTE
    _printf_l                                0x00000000   Number         0  printfstubs.o ABSOLUTE
    _printf_lc                               0x00000000   Number         0  printfstubs.o ABSOLUTE
    _printf_ll                               0x00000000   Number         0  printfstubs.o ABSOLUTE
    _printf_lld                              0x00000000   Number         0  printfstubs.o ABSOLUTE
    _printf_lli                              0x00000000   Number         0  printfstubs.o ABSOLUTE
    _printf_llo                              0x00000000   Number         0  printfstubs.o ABSOLUTE
    _printf_llu                              0x00000000   Number         0  printfstubs.o ABSOLUTE
    _printf_llx                              0x00000000   Number         0  printfstubs.o ABSOLUTE
    _printf_longlong_dec                     0x00000000   Number         0  printfstubs.o ABSOLUTE
    _printf_longlong_hex                     0x00000000   Number         0  printfstubs.o ABSOLUTE
    _printf_longlong_oct                     0x00000000   Number         0  printfstubs.o ABSOLUTE
    _printf_ls                               0x00000000   Number         0  printfstubs.o ABSOLUTE
    _printf_mbtowc                           0x00000000   Number         0  printfstubs.o ABSOLUTE
    _printf_n                                0x00000000   Number         0  printfstubs.o ABSOLUTE
    _printf_o                                0x00000000   Number         0  printfstubs.o ABSOLUTE
    _printf_p                                0x00000000   Number         0  printfstubs.o ABSOLUTE
    _printf_percent                          0x00000000   Number         0  printfstubs.o ABSOLUTE
    _printf_pre_padding                      0x00000000   Number         0  printfstubs.o ABSOLUTE
    _printf_return_value                     0x00000000   Number         0  printfstubs.o ABSOLUTE
    _printf_s                                0x00000000   Number         0  printfstubs.o ABSOLUTE
    _printf_sizespec                         0x00000000   Number         0  printfstubs.o ABSOLUTE
    _printf_str                              0x00000000   Number         0  printfstubs.o ABSOLUTE
    _printf_truncate_signed                  0x00000000   Number         0  printfstubs.o ABSOLUTE
    _printf_truncate_unsigned                0x00000000   Number         0  printfstubs.o ABSOLUTE
    _printf_u                                0x00000000   Number         0  printfstubs.o ABSOLUTE
    _printf_wc                               0x00000000   Number         0  printfstubs.o ABSOLUTE
    _printf_wctomb                           0x00000000   Number         0  printfstubs.o ABSOLUTE
    _printf_widthprec                        0x00000000   Number         0  printfstubs.o ABSOLUTE
    _printf_x                                0x00000000   Number         0  printfstubs.o ABSOLUTE
    __cpp_initialize__aeabi_                  - Undefined Weak Reference
    __cxa_finalize                            - Undefined Weak Reference
    __decompress                              - Undefined Weak Reference
    _clock_init                               - Undefined Weak Reference
    _microlib_exit                            - Undefined Weak Reference
    __Vectors_Size                           0x00000258   Number         0  startup_stm32h503xx.o ABSOLUTE
    __Vectors                                0x08000000   Data           4  startup_stm32h503xx.o(RESET)
    __Vectors_End                            0x08000258   Data           0  startup_stm32h503xx.o(RESET)
    __main                                   0x08000259   Thumb Code     0  entry.o(.ARM.Collect$$$$00000000)
    _main_stk                                0x08000259   Thumb Code     0  entry2.o(.ARM.Collect$$$$00000001)
    _main_scatterload                        0x0800025d   Thumb Code     0  entry5.o(.ARM.Collect$$$$00000004)
    __main_after_scatterload                 0x08000261   Thumb Code     0  entry5.o(.ARM.Collect$$$$00000004)
    _main_clock                              0x08000261   Thumb Code     0  entry7b.o(.ARM.Collect$$$$00000008)
    _main_cpp_init                           0x08000261   Thumb Code     0  entry8b.o(.ARM.Collect$$$$0000000A)
    _main_init                               0x08000261   Thumb Code     0  entry9a.o(.ARM.Collect$$$$0000000B)
    __rt_final_cpp                           0x08000269   Thumb Code     0  entry10a.o(.ARM.Collect$$$$0000000D)
    __rt_final_exit                          0x08000269   Thumb Code     0  entry11a.o(.ARM.Collect$$$$0000000F)
    Reset_Handler                            0x0800026d   Thumb Code     8  startup_stm32h503xx.o(.text)
    SecureFault_Handler                      0x0800027f   Thumb Code     2  startup_stm32h503xx.o(.text)
    ADC1_IRQHandler                          0x08000289   Thumb Code     0  startup_stm32h503xx.o(.text)
    COMP1_IRQHandler                         0x08000289   Thumb Code     0  startup_stm32h503xx.o(.text)
    CRS_IRQHandler                           0x08000289   Thumb Code     0  startup_stm32h503xx.o(.text)
    DAC1_IRQHandler                          0x08000289   Thumb Code     0  startup_stm32h503xx.o(.text)
    DTS_IRQHandler                           0x08000289   Thumb Code     0  startup_stm32h503xx.o(.text)
    EXTI0_IRQHandler                         0x08000289   Thumb Code     0  startup_stm32h503xx.o(.text)
    EXTI10_IRQHandler                        0x08000289   Thumb Code     0  startup_stm32h503xx.o(.text)
    EXTI11_IRQHandler                        0x08000289   Thumb Code     0  startup_stm32h503xx.o(.text)
    EXTI12_IRQHandler                        0x08000289   Thumb Code     0  startup_stm32h503xx.o(.text)
    EXTI13_IRQHandler                        0x08000289   Thumb Code     0  startup_stm32h503xx.o(.text)
    EXTI14_IRQHandler                        0x08000289   Thumb Code     0  startup_stm32h503xx.o(.text)
    EXTI15_IRQHandler                        0x08000289   Thumb Code     0  startup_stm32h503xx.o(.text)
    EXTI1_IRQHandler                         0x08000289   Thumb Code     0  startup_stm32h503xx.o(.text)
    EXTI2_IRQHandler                         0x08000289   Thumb Code     0  startup_stm32h503xx.o(.text)
    EXTI3_IRQHandler                         0x08000289   Thumb Code     0  startup_stm32h503xx.o(.text)
    EXTI4_IRQHandler                         0x08000289   Thumb Code     0  startup_stm32h503xx.o(.text)
    EXTI5_IRQHandler                         0x08000289   Thumb Code     0  startup_stm32h503xx.o(.text)
    EXTI6_IRQHandler                         0x08000289   Thumb Code     0  startup_stm32h503xx.o(.text)
    EXTI7_IRQHandler                         0x08000289   Thumb Code     0  startup_stm32h503xx.o(.text)
    EXTI8_IRQHandler                         0x08000289   Thumb Code     0  startup_stm32h503xx.o(.text)
    EXTI9_IRQHandler                         0x08000289   Thumb Code     0  startup_stm32h503xx.o(.text)
    FDCAN1_IT0_IRQHandler                    0x08000289   Thumb Code     0  startup_stm32h503xx.o(.text)
    FDCAN1_IT1_IRQHandler                    0x08000289   Thumb Code     0  startup_stm32h503xx.o(.text)
    FLASH_IRQHandler                         0x08000289   Thumb Code     0  startup_stm32h503xx.o(.text)
    FPU_IRQHandler                           0x08000289   Thumb Code     0  startup_stm32h503xx.o(.text)
    GPDMA1_Channel0_IRQHandler               0x08000289   Thumb Code     0  startup_stm32h503xx.o(.text)
    GPDMA1_Channel1_IRQHandler               0x08000289   Thumb Code     0  startup_stm32h503xx.o(.text)
    GPDMA1_Channel2_IRQHandler               0x08000289   Thumb Code     0  startup_stm32h503xx.o(.text)
    GPDMA1_Channel3_IRQHandler               0x08000289   Thumb Code     0  startup_stm32h503xx.o(.text)
    GPDMA1_Channel4_IRQHandler               0x08000289   Thumb Code     0  startup_stm32h503xx.o(.text)
    GPDMA1_Channel5_IRQHandler               0x08000289   Thumb Code     0  startup_stm32h503xx.o(.text)
    GPDMA1_Channel6_IRQHandler               0x08000289   Thumb Code     0  startup_stm32h503xx.o(.text)
    GPDMA1_Channel7_IRQHandler               0x08000289   Thumb Code     0  startup_stm32h503xx.o(.text)
    GPDMA2_Channel0_IRQHandler               0x08000289   Thumb Code     0  startup_stm32h503xx.o(.text)
    GPDMA2_Channel1_IRQHandler               0x08000289   Thumb Code     0  startup_stm32h503xx.o(.text)
    GPDMA2_Channel2_IRQHandler               0x08000289   Thumb Code     0  startup_stm32h503xx.o(.text)
    GPDMA2_Channel3_IRQHandler               0x08000289   Thumb Code     0  startup_stm32h503xx.o(.text)
    GPDMA2_Channel4_IRQHandler               0x08000289   Thumb Code     0  startup_stm32h503xx.o(.text)
    GPDMA2_Channel5_IRQHandler               0x08000289   Thumb Code     0  startup_stm32h503xx.o(.text)
    GPDMA2_Channel6_IRQHandler               0x08000289   Thumb Code     0  startup_stm32h503xx.o(.text)
    GPDMA2_Channel7_IRQHandler               0x08000289   Thumb Code     0  startup_stm32h503xx.o(.text)
    GTZC_IRQHandler                          0x08000289   Thumb Code     0  startup_stm32h503xx.o(.text)
    HASH_IRQHandler                          0x08000289   Thumb Code     0  startup_stm32h503xx.o(.text)
    I2C1_ER_IRQHandler                       0x08000289   Thumb Code     0  startup_stm32h503xx.o(.text)
    I2C1_EV_IRQHandler                       0x08000289   Thumb Code     0  startup_stm32h503xx.o(.text)
    I2C2_ER_IRQHandler                       0x08000289   Thumb Code     0  startup_stm32h503xx.o(.text)
    I2C2_EV_IRQHandler                       0x08000289   Thumb Code     0  startup_stm32h503xx.o(.text)
    I3C1_ER_IRQHandler                       0x08000289   Thumb Code     0  startup_stm32h503xx.o(.text)
    I3C1_EV_IRQHandler                       0x08000289   Thumb Code     0  startup_stm32h503xx.o(.text)
    I3C2_ER_IRQHandler                       0x08000289   Thumb Code     0  startup_stm32h503xx.o(.text)
    I3C2_EV_IRQHandler                       0x08000289   Thumb Code     0  startup_stm32h503xx.o(.text)
    ICACHE_IRQHandler                        0x08000289   Thumb Code     0  startup_stm32h503xx.o(.text)
    IWDG_IRQHandler                          0x08000289   Thumb Code     0  startup_stm32h503xx.o(.text)
    LPTIM1_IRQHandler                        0x08000289   Thumb Code     0  startup_stm32h503xx.o(.text)
    LPTIM2_IRQHandler                        0x08000289   Thumb Code     0  startup_stm32h503xx.o(.text)
    LPUART1_IRQHandler                       0x08000289   Thumb Code     0  startup_stm32h503xx.o(.text)
    PVD_AVD_IRQHandler                       0x08000289   Thumb Code     0  startup_stm32h503xx.o(.text)
    RAMCFG_IRQHandler                        0x08000289   Thumb Code     0  startup_stm32h503xx.o(.text)
    RCC_IRQHandler                           0x08000289   Thumb Code     0  startup_stm32h503xx.o(.text)
    RNG_IRQHandler                           0x08000289   Thumb Code     0  startup_stm32h503xx.o(.text)
    RTC_IRQHandler                           0x08000289   Thumb Code     0  startup_stm32h503xx.o(.text)
    SPI1_IRQHandler                          0x08000289   Thumb Code     0  startup_stm32h503xx.o(.text)
    SPI2_IRQHandler                          0x08000289   Thumb Code     0  startup_stm32h503xx.o(.text)
    SPI3_IRQHandler                          0x08000289   Thumb Code     0  startup_stm32h503xx.o(.text)
    TAMP_IRQHandler                          0x08000289   Thumb Code     0  startup_stm32h503xx.o(.text)
    TIM1_BRK_IRQHandler                      0x08000289   Thumb Code     0  startup_stm32h503xx.o(.text)
    TIM1_CC_IRQHandler                       0x08000289   Thumb Code     0  startup_stm32h503xx.o(.text)
    TIM1_TRG_COM_IRQHandler                  0x08000289   Thumb Code     0  startup_stm32h503xx.o(.text)
    TIM1_UP_IRQHandler                       0x08000289   Thumb Code     0  startup_stm32h503xx.o(.text)
    TIM2_IRQHandler                          0x08000289   Thumb Code     0  startup_stm32h503xx.o(.text)
    TIM3_IRQHandler                          0x08000289   Thumb Code     0  startup_stm32h503xx.o(.text)
    TIM6_IRQHandler                          0x08000289   Thumb Code     0  startup_stm32h503xx.o(.text)
    TIM7_IRQHandler                          0x08000289   Thumb Code     0  startup_stm32h503xx.o(.text)
    USART1_IRQHandler                        0x08000289   Thumb Code     0  startup_stm32h503xx.o(.text)
    USART2_IRQHandler                        0x08000289   Thumb Code     0  startup_stm32h503xx.o(.text)
    USART3_IRQHandler                        0x08000289   Thumb Code     0  startup_stm32h503xx.o(.text)
    USB_DRD_FS_IRQHandler                    0x08000289   Thumb Code     0  startup_stm32h503xx.o(.text)
    WWDG_IRQHandler                          0x08000289   Thumb Code     0  startup_stm32h503xx.o(.text)
    __aeabi_uldivmod                         0x08000295   Thumb Code    98  uldiv.o(.text)
    ___aeabi_memcpy8$move                    0x080002f7   Thumb Code     0  memmovea.o(.text)
    __aeabi_memcpy                           0x080002f7   Thumb Code    64  memmovea.o(.text)
    __aeabi_memcpy4                          0x080002f7   Thumb Code     0  memmovea.o(.text)
    __aeabi_memmove                          0x080002f7   Thumb Code     0  memmovea.o(.text)
    __aeabi_memmove4                         0x080002f7   Thumb Code     0  memmovea.o(.text)
    __aeabi_memmove8                         0x080002f7   Thumb Code     0  memmovea.o(.text)
    __aeabi_memset                           0x08000337   Thumb Code    14  memseta.o(.text)
    __aeabi_memset4                          0x08000337   Thumb Code     0  memseta.o(.text)
    __aeabi_memset8                          0x08000337   Thumb Code     0  memseta.o(.text)
    __aeabi_memclr                           0x08000345   Thumb Code     4  memseta.o(.text)
    __aeabi_memclr4                          0x08000345   Thumb Code     0  memseta.o(.text)
    __aeabi_memclr8                          0x08000345   Thumb Code     0  memseta.o(.text)
    _memset$wrapper                          0x08000349   Thumb Code    18  memseta.o(.text)
    __aeabi_uidiv                            0x0800035b   Thumb Code     0  uidiv.o(.text)
    __aeabi_uidivmod                         0x0800035b   Thumb Code    44  uidiv.o(.text)
    __aeabi_llsl                             0x08000387   Thumb Code    30  llshl.o(.text)
    _ll_shift_l                              0x08000387   Thumb Code     0  llshl.o(.text)
    __aeabi_llsr                             0x080003a5   Thumb Code    32  llushr.o(.text)
    _ll_ushift_r                             0x080003a5   Thumb Code     0  llushr.o(.text)
    __scatterload                            0x080003c5   Thumb Code    28  init.o(.text)
    __scatterload_rt2                        0x080003c5   Thumb Code     0  init.o(.text)
    BSP_COM_Init                             0x080003e9   Thumb Code   196  custom.o(.text.BSP_COM_Init)
    BSP_GetTick                              0x080004ad   Thumb Code     4  custom_bus.o(.text.BSP_GetTick)
    BSP_I2C1_DeInit                          0x080004b1   Thumb Code    80  custom_bus.o(.text.BSP_I2C1_DeInit)
    BSP_I2C1_Init                            0x08000501   Thumb Code   242  custom_bus.o(.text.BSP_I2C1_Init)
    BSP_I2C1_ReadReg16                       0x080005f5   Thumb Code    74  custom_bus.o(.text.BSP_I2C1_ReadReg16)
    BSP_I2C1_WriteReg16                      0x08000641   Thumb Code    74  custom_bus.o(.text.BSP_I2C1_WriteReg16)
    BusFault_Handler                         0x0800068d   Thumb Code     2  stm32h5xx_it.o(.text.BusFault_Handler)
    CUSTOM_RANGING_SENSOR_ConfigProfile      0x08000691   Thumb Code    44  custom_ranging_sensor.o(.text.CUSTOM_RANGING_SENSOR_ConfigProfile)
    CUSTOM_RANGING_SENSOR_GetCapabilities    0x080006bd   Thumb Code    44  custom_ranging_sensor.o(.text.CUSTOM_RANGING_SENSOR_GetCapabilities)
    CUSTOM_RANGING_SENSOR_GetDistance        0x080006e9   Thumb Code    44  custom_ranging_sensor.o(.text.CUSTOM_RANGING_SENSOR_GetDistance)
    CUSTOM_RANGING_SENSOR_Init               0x08000715   Thumb Code   210  custom_ranging_sensor.o(.text.CUSTOM_RANGING_SENSOR_Init)
    CUSTOM_RANGING_SENSOR_ReadID             0x080007e9   Thumb Code    44  custom_ranging_sensor.o(.text.CUSTOM_RANGING_SENSOR_ReadID)
    CUSTOM_RANGING_SENSOR_Start              0x08000815   Thumb Code    44  custom_ranging_sensor.o(.text.CUSTOM_RANGING_SENSOR_Start)
    CUSTOM_RANGING_SENSOR_Stop               0x08000841   Thumb Code    44  custom_ranging_sensor.o(.text.CUSTOM_RANGING_SENSOR_Stop)
    DebugMon_Handler                         0x0800086d   Thumb Code     2  stm32h5xx_it.o(.text.DebugMon_Handler)
    Error_Handler                            0x08000871   Thumb Code     6  main.o(.text.Error_Handler)
    HAL_Delay                                0x08000879   Thumb Code    40  stm32h5xx_hal.o(.text.HAL_Delay)
    HAL_GPIO_DeInit                          0x080008a1   Thumb Code   250  stm32h5xx_hal_gpio.o(.text.HAL_GPIO_DeInit)
    HAL_GPIO_Init                            0x0800099d   Thumb Code   410  stm32h5xx_hal_gpio.o(.text.HAL_GPIO_Init)
    HAL_GPIO_WritePin                        0x08000b39   Thumb Code    12  stm32h5xx_hal_gpio.o(.text.HAL_GPIO_WritePin)
    HAL_GetTick                              0x08000b45   Thumb Code    12  stm32h5xx_hal.o(.text.HAL_GetTick)
    HAL_I2CEx_ConfigAnalogFilter             0x08000b51   Thumb Code    74  stm32h5xx_hal_i2c_ex.o(.text.HAL_I2CEx_ConfigAnalogFilter)
    HAL_I2CEx_ConfigDigitalFilter            0x08000b9d   Thumb Code    72  stm32h5xx_hal_i2c_ex.o(.text.HAL_I2CEx_ConfigDigitalFilter)
    HAL_I2C_DeInit                           0x08000be5   Thumb Code    54  stm32h5xx_hal_i2c.o(.text.HAL_I2C_DeInit)
    HAL_I2C_GetError                         0x08000c1d   Thumb Code     4  stm32h5xx_hal_i2c.o(.text.HAL_I2C_GetError)
    HAL_I2C_GetState                         0x08000c21   Thumb Code     6  stm32h5xx_hal_i2c.o(.text.HAL_I2C_GetState)
    HAL_I2C_Init                             0x08000c29   Thumb Code   172  stm32h5xx_hal_i2c.o(.text.HAL_I2C_Init)
    HAL_I2C_Mem_Read                         0x08000cd5   Thumb Code   576  stm32h5xx_hal_i2c.o(.text.HAL_I2C_Mem_Read)
    HAL_I2C_Mem_Write                        0x08000f15   Thumb Code   568  stm32h5xx_hal_i2c.o(.text.HAL_I2C_Mem_Write)
    HAL_I2C_MspDeInit                        0x0800114d   Thumb Code     2  stm32h5xx_hal_i2c.o(.text.HAL_I2C_MspDeInit)
    HAL_I2C_MspInit                          0x08001151   Thumb Code     2  stm32h5xx_hal_i2c.o(.text.HAL_I2C_MspInit)
    HAL_ICACHE_ConfigAssociativityMode       0x08001155   Thumb Code    32  stm32h5xx_hal_icache.o(.text.HAL_ICACHE_ConfigAssociativityMode)
    HAL_ICACHE_Enable                        0x08001175   Thumb Code    20  stm32h5xx_hal_icache.o(.text.HAL_ICACHE_Enable)
    HAL_IncTick                              0x08001189   Thumb Code    26  stm32h5xx_hal.o(.text.HAL_IncTick)
    HAL_Init                                 0x080011a5   Thumb Code    76  stm32h5xx_hal.o(.text.HAL_Init)
    HAL_InitTick                             0x080011f1   Thumb Code   170  stm32h5xx_hal.o(.text.HAL_InitTick)
    HAL_MspInit                              0x0800129d   Thumb Code     2  stm32h5xx_hal_msp.o(.text.HAL_MspInit)
    HAL_NVIC_SetPriority                     0x080012a1   Thumb Code    86  stm32h5xx_hal_cortex.o(.text.HAL_NVIC_SetPriority)
    HAL_NVIC_SetPriorityGrouping             0x080012f9   Thumb Code    32  stm32h5xx_hal_cortex.o(.text.HAL_NVIC_SetPriorityGrouping)
    HAL_RCCEx_GetPLL1ClockFreq               0x08001319   Thumb Code   436  stm32h5xx_hal_rcc_ex.o(.text.HAL_RCCEx_GetPLL1ClockFreq)
    HAL_RCCEx_GetPLL2ClockFreq               0x080014cd   Thumb Code   436  stm32h5xx_hal_rcc_ex.o(.text.HAL_RCCEx_GetPLL2ClockFreq)
    HAL_RCCEx_GetPeriphCLKFreq               0x08001681   Thumb Code  1920  stm32h5xx_hal_rcc_ex.o(.text.HAL_RCCEx_GetPeriphCLKFreq)
    HAL_RCCEx_PeriphCLKConfig                0x08001e01   Thumb Code  1732  stm32h5xx_hal_rcc_ex.o(.text.HAL_RCCEx_PeriphCLKConfig)
    HAL_RCC_ClockConfig                      0x080024c5   Thumb Code   622  stm32h5xx_hal_rcc.o(.text.HAL_RCC_ClockConfig)
    HAL_RCC_GetHCLKFreq                      0x08002735   Thumb Code    48  stm32h5xx_hal_rcc.o(.text.HAL_RCC_GetHCLKFreq)
    HAL_RCC_GetPCLK1Freq                     0x08002765   Thumb Code    70  stm32h5xx_hal_rcc.o(.text.HAL_RCC_GetPCLK1Freq)
    HAL_RCC_GetPCLK2Freq                     0x080027ad   Thumb Code    70  stm32h5xx_hal_rcc.o(.text.HAL_RCC_GetPCLK2Freq)
    HAL_RCC_GetPCLK3Freq                     0x080027f5   Thumb Code    70  stm32h5xx_hal_rcc.o(.text.HAL_RCC_GetPCLK3Freq)
    HAL_RCC_GetSysClockFreq                  0x0800283d   Thumb Code   300  stm32h5xx_hal_rcc.o(.text.HAL_RCC_GetSysClockFreq)
    HAL_RCC_OscConfig                        0x08002969   Thumb Code  1610  stm32h5xx_hal_rcc.o(.text.HAL_RCC_OscConfig)
    HAL_SYSTICK_CLKSourceConfig              0x08002fb5   Thumb Code   142  stm32h5xx_hal_cortex.o(.text.HAL_SYSTICK_CLKSourceConfig)
    HAL_SYSTICK_Config                       0x08003045   Thumb Code    36  stm32h5xx_hal_cortex.o(.text.HAL_SYSTICK_Config)
    HAL_SYSTICK_GetCLKSourceConfig           0x08003069   Thumb Code    48  stm32h5xx_hal_cortex.o(.text.HAL_SYSTICK_GetCLKSourceConfig)
    HAL_UARTEx_DisableFifoMode               0x08003099   Thumb Code    54  stm32h5xx_hal_uart_ex.o(.text.HAL_UARTEx_DisableFifoMode)
    HAL_UARTEx_SetRxFifoThreshold            0x080030d1   Thumb Code   140  stm32h5xx_hal_uart_ex.o(.text.HAL_UARTEx_SetRxFifoThreshold)
    HAL_UARTEx_SetTxFifoThreshold            0x0800315d   Thumb Code   140  stm32h5xx_hal_uart_ex.o(.text.HAL_UARTEx_SetTxFifoThreshold)
    HAL_UART_Init                            0x080031e9   Thumb Code   104  stm32h5xx_hal_uart.o(.text.HAL_UART_Init)
    HAL_UART_MspInit                         0x08003251   Thumb Code     2  stm32h5xx_hal_uart.o(.text.HAL_UART_MspInit)
    HAL_UART_Receive                         0x08003255   Thumb Code   266  stm32h5xx_hal_uart.o(.text.HAL_UART_Receive)
    HAL_UART_Transmit                        0x08003361   Thumb Code   416  stm32h5xx_hal_uart.o(.text.HAL_UART_Transmit)
    HardFault_Handler                        0x08003501   Thumb Code     2  stm32h5xx_it.o(.text.HardFault_Handler)
    MX_GPIO_Init                             0x08003895   Thumb Code    92  gpio.o(.text.MX_GPIO_Init)
    MX_I2C1_Init                             0x080038f1   Thumb Code    78  custom_bus.o(.text.MX_I2C1_Init)
    MX_ICACHE_Init                           0x08003941   Thumb Code    34  icache.o(.text.MX_ICACHE_Init)
    MX_TOF_Init                              0x08003965   Thumb Code    44  app_tof.o(.text.MX_TOF_Init)
    MX_TOF_Process                           0x080039dd   Thumb Code  1380  app_tof.o(.text.MX_TOF_Process)
    MX_USART1_UART_Init                      0x08003fdd   Thumb Code    92  custom.o(.text.MX_USART1_UART_Init)
    MemManage_Handler                        0x08004039   Thumb Code     2  stm32h5xx_it.o(.text.MemManage_Handler)
    NMI_Handler                              0x0800403d   Thumb Code     2  stm32h5xx_it.o(.text.NMI_Handler)
    PendSV_Handler                           0x08004041   Thumb Code     2  stm32h5xx_it.o(.text.PendSV_Handler)
    SVC_Handler                              0x08004135   Thumb Code     2  stm32h5xx_it.o(.text.SVC_Handler)
    SysTick_Handler                          0x08004139   Thumb Code     4  stm32h5xx_it.o(.text.SysTick_Handler)
    SystemClock_Config                       0x0800413d   Thumb Code   198  main.o(.text.SystemClock_Config)
    SystemInit                               0x08004205   Thumb Code   168  system_stm32h5xx.o(.text.SystemInit)
    UART_AdvFeatureConfig                    0x080042ad   Thumb Code   232  stm32h5xx_hal_uart.o(.text.UART_AdvFeatureConfig)
    UART_CheckIdleState                      0x08004395   Thumb Code   366  stm32h5xx_hal_uart.o(.text.UART_CheckIdleState)
    UART_SetConfig                           0x08004505   Thumb Code   430  stm32h5xx_hal_uart.o(.text.UART_SetConfig)
    UART_WaitOnFlagUntilTimeout              0x080046b5   Thumb Code   848  stm32h5xx_hal_uart.o(.text.UART_WaitOnFlagUntilTimeout)
    UsageFault_Handler                       0x08004a05   Thumb Code     2  stm32h5xx_it.o(.text.UsageFault_Handler)
    VL53L8CX_ConfigIT                        0x08004a09   Thumb Code   398  vl53l8cx.o(.text.VL53L8CX_ConfigIT)
    VL53L8CX_ConfigProfile                   0x08004b99   Thumb Code   164  vl53l8cx.o(.text.VL53L8CX_ConfigProfile)
    VL53L8CX_ConfigROI                       0x08004c3d   Thumb Code     6  vl53l8cx.o(.text.VL53L8CX_ConfigROI)
    VL53L8CX_DeInit                          0x08004c45   Thumb Code    44  vl53l8cx.o(.text.VL53L8CX_DeInit)
    VL53L8CX_GetAddress                      0x08004c71   Thumb Code    24  vl53l8cx.o(.text.VL53L8CX_GetAddress)
    VL53L8CX_GetCapabilities                 0x08004c89   Thumb Code    32  vl53l8cx.o(.text.VL53L8CX_GetCapabilities)
    VL53L8CX_GetDistance                     0x08004ca9   Thumb Code   628  vl53l8cx.o(.text.VL53L8CX_GetDistance)
    VL53L8CX_GetPowerMode                    0x08004f1d   Thumb Code    60  vl53l8cx.o(.text.VL53L8CX_GetPowerMode)
    VL53L8CX_Init                            0x08004f59   Thumb Code    54  vl53l8cx.o(.text.VL53L8CX_Init)
    VL53L8CX_RdByte                          0x08004f91   Thumb Code    16  platform.o(.text.VL53L8CX_RdByte)
    VL53L8CX_RdMulti                         0x08004fa1   Thumb Code    16  platform.o(.text.VL53L8CX_RdMulti)
    VL53L8CX_ReadID                          0x08004fb1   Thumb Code   122  vl53l8cx.o(.text.VL53L8CX_ReadID)
    VL53L8CX_RegisterBusIO                   0x0800502d   Thumb Code    80  vl53l8cx.o(.text.VL53L8CX_RegisterBusIO)
    VL53L8CX_SetAddress                      0x0800507d   Thumb Code    38  vl53l8cx.o(.text.VL53L8CX_SetAddress)
    VL53L8CX_SetPowerMode                    0x080050a5   Thumb Code    42  vl53l8cx.o(.text.VL53L8CX_SetPowerMode)
    VL53L8CX_Start                           0x080050d1   Thumb Code   100  vl53l8cx.o(.text.VL53L8CX_Start)
    VL53L8CX_Stop                            0x08005135   Thumb Code    44  vl53l8cx.o(.text.VL53L8CX_Stop)
    VL53L8CX_SwapBuffer                      0x08005161   Thumb Code   208  platform.o(.text.VL53L8CX_SwapBuffer)
    VL53L8CX_WaitMs                          0x08005231   Thumb Code    26  platform.o(.text.VL53L8CX_WaitMs)
    VL53L8CX_WrByte                          0x0800524d   Thumb Code    28  platform.o(.text.VL53L8CX_WrByte)
    VL53L8CX_WrMulti                         0x08005269   Thumb Code    16  platform.o(.text.VL53L8CX_WrMulti)
    fputc                                    0x08005af1   Thumb Code    50  custom.o(.text.fputc)
    main                                     0x08005b25   Thumb Code    26  main.o(.text.main)
    vl53l8cx_check_data_ready                0x08005b41   Thumb Code    98  vl53l8cx_api.o(.text.vl53l8cx_check_data_ready)
    vl53l8cx_dci_read_data                   0x08005ba5   Thumb Code   338  vl53l8cx_api.o(.text.vl53l8cx_dci_read_data)
    vl53l8cx_dci_replace_data                0x08005cf9   Thumb Code    62  vl53l8cx_api.o(.text.vl53l8cx_dci_replace_data)
    vl53l8cx_dci_write_data                  0x08005d39   Thumb Code   296  vl53l8cx_api.o(.text.vl53l8cx_dci_write_data)
    vl53l8cx_get_power_mode                  0x08005e61   Thumb Code   108  vl53l8cx_api.o(.text.vl53l8cx_get_power_mode)
    vl53l8cx_get_ranging_data                0x08005ecd   Thumb Code  1622  vl53l8cx_api.o(.text.vl53l8cx_get_ranging_data)
    vl53l8cx_get_resolution                  0x08006525   Thumb Code    36  vl53l8cx_api.o(.text.vl53l8cx_get_resolution)
    vl53l8cx_init                            0x08006549   Thumb Code  1548  vl53l8cx_api.o(.text.vl53l8cx_init)
    vl53l8cx_set_detection_thresholds        0x08006b55   Thumb Code  1658  vl53l8cx_plugin_detection_thresholds.o(.text.vl53l8cx_set_detection_thresholds)
    vl53l8cx_set_detection_thresholds_enable 0x080071d1   Thumb Code   108  vl53l8cx_plugin_detection_thresholds.o(.text.vl53l8cx_set_detection_thresholds_enable)
    vl53l8cx_set_i2c_address                 0x0800723d   Thumb Code    50  vl53l8cx_api.o(.text.vl53l8cx_set_i2c_address)
    vl53l8cx_set_integration_time_ms         0x08007271   Thumb Code    72  vl53l8cx_api.o(.text.vl53l8cx_set_integration_time_ms)
    vl53l8cx_set_power_mode                  0x080072b9   Thumb Code   504  vl53l8cx_api.o(.text.vl53l8cx_set_power_mode)
    vl53l8cx_set_ranging_frequency_hz        0x080074b1   Thumb Code    50  vl53l8cx_api.o(.text.vl53l8cx_set_ranging_frequency_hz)
    vl53l8cx_set_ranging_mode                0x080074e5   Thumb Code   120  vl53l8cx_api.o(.text.vl53l8cx_set_ranging_mode)
    vl53l8cx_set_resolution                  0x0800755d   Thumb Code   234  vl53l8cx_api.o(.text.vl53l8cx_set_resolution)
    vl53l8cx_start_ranging                   0x08007649   Thumb Code   922  vl53l8cx_api.o(.text.vl53l8cx_start_ranging)
    vl53l8cx_stop_ranging                    0x080079e5   Thumb Code   264  vl53l8cx_api.o(.text.vl53l8cx_stop_ranging)
    __0printf$6                              0x08007aed   Thumb Code    22  printf6.o(i.__0printf$6)
    __1printf$6                              0x08007aed   Thumb Code     0  printf6.o(i.__0printf$6)
    __2printf                                0x08007aed   Thumb Code     0  printf6.o(i.__0printf$6)
    __scatterload_copy                       0x08007b0d   Thumb Code    14  handlers.o(i.__scatterload_copy)
    __scatterload_null                       0x08007b1b   Thumb Code     2  handlers.o(i.__scatterload_null)
    __scatterload_zeroinit                   0x08007b1d   Thumb Code    14  handlers.o(i.__scatterload_zeroinit)
    putchar                                  0x08007e71   Thumb Code     6  putchar.o(i.putchar)
    puts                                     0x08007e7d   Thumb Code    30  puts.o(i.puts)
    AHBPrescTable                            0x08007ed0   Data          16  system_stm32h5xx.o(.rodata.AHBPrescTable)
    APBPrescTable                            0x08007ee0   Data           8  system_stm32h5xx.o(.rodata.APBPrescTable)
    UARTPrescTable                           0x08007ee8   Data          24  stm32h5xx_hal_uart.o(.rodata.UARTPrescTable)
    VL53L8CX_DEFAULT_CONFIGURATION           0x08007f00   Data         972  vl53l8cx_api.o(.rodata.VL53L8CX_DEFAULT_CONFIGURATION)
    VL53L8CX_DEFAULT_XTALK                   0x080082cc   Data         776  vl53l8cx_api.o(.rodata.VL53L8CX_DEFAULT_XTALK)
    VL53L8CX_FIRMWARE                        0x080085d4   Data       86016  vl53l8cx_api.o(.rodata.VL53L8CX_FIRMWARE)
    VL53L8CX_GET_NVM_CMD                     0x0801d5d4   Data          40  vl53l8cx_api.o(.rodata.VL53L8CX_GET_NVM_CMD)
    Region$$Table$$Base                      0x0801d788   Number         0  anon$$obj.o(Region$$Table)
    Region$$Table$$Limit                     0x0801d7a8   Number         0  anon$$obj.o(Region$$Table)
    __stdout                                 0x20000000   Data           4  stdout.o(.data)
    uwTickFreq                               0x20000004   Data           1  stm32h5xx_hal.o(.data..L_MergedGlobals)
    uwTickPrio                               0x20000008   Data           4  stm32h5xx_hal.o(.data..L_MergedGlobals)
    COM_USART                                0x2000000c   Data           4  custom.o(.data.COM_USART)
    SystemCoreClock                          0x20000010   Data           4  system_stm32h5xx.o(.data.SystemCoreClock)
    VL53L8CX_RANGING_SENSOR_Driver           0x20000014   Data          56  vl53l8cx.o(.data.VL53L8CX_RANGING_SENSOR_Driver)
    hi2c1                                    0x20000054   Data          84  custom_bus.o(.bss..L_MergedGlobals)
    CUSTOM_RANGING_CompObj                   0x200000a8   Data           4  custom_ranging_sensor.o(.bss..L_MergedGlobals)
    hcom_uart                                0x200013c8   Data         148  custom.o(.bss.hcom_uart)
    uwTick                                   0x2000145c   Data           4  stm32h5xx_hal.o(.bss.uwTick)
    __initial_sp                             0x200059b0   Data           0  startup_stm32h503xx.o(STACK)



==============================================================================

Memory Map of the image

  Image Entry point : 0x08000259

  Load Region LR_IROM1 (Base: 0x08000000, Size: 0x0001d7f8, Max: 0x00020000, ABSOLUTE)

    Execution Region ER_IROM1 (Exec base: 0x08000000, Load base: 0x08000000, Size: 0x0001d7a8, Max: 0x00020000, ABSOLUTE)

    Exec Addr    Load Addr    Size         Type   Attr      Idx    E Section Name        Object

    0x08000000   0x08000000   0x00000258   Data   RO            3    RESET               startup_stm32h503xx.o
    0x08000258   0x08000258   0x00000000   Code   RO         1420  * .ARM.Collect$$$$00000000  mc_w.l(entry.o)
    0x08000258   0x08000258   0x00000004   Code   RO         1702    .ARM.Collect$$$$00000001  mc_w.l(entry2.o)
    0x0800025c   0x0800025c   0x00000004   Code   RO         1705    .ARM.Collect$$$$00000004  mc_w.l(entry5.o)
    0x08000260   0x08000260   0x00000000   Code   RO         1707    .ARM.Collect$$$$00000008  mc_w.l(entry7b.o)
    0x08000260   0x08000260   0x00000000   Code   RO         1709    .ARM.Collect$$$$0000000A  mc_w.l(entry8b.o)
    0x08000260   0x08000260   0x00000008   Code   RO         1710    .ARM.Collect$$$$0000000B  mc_w.l(entry9a.o)
    0x08000268   0x08000268   0x00000000   Code   RO         1712    .ARM.Collect$$$$0000000D  mc_w.l(entry10a.o)
    0x08000268   0x08000268   0x00000000   Code   RO         1714    .ARM.Collect$$$$0000000F  mc_w.l(entry11a.o)
    0x08000268   0x08000268   0x00000004   Code   RO         1703    .ARM.Collect$$$$00002712  mc_w.l(entry2.o)
    0x0800026c   0x0800026c   0x00000028   Code   RO            4    .text               startup_stm32h503xx.o
    0x08000294   0x08000294   0x00000062   Code   RO         1429    .text               mc_w.l(uldiv.o)
    0x080002f6   0x080002f6   0x00000040   Code   RO         1433    .text               mc_w.l(memmovea.o)
    0x08000336   0x08000336   0x00000024   Code   RO         1435    .text               mc_w.l(memseta.o)
    0x0800035a   0x0800035a   0x0000002c   Code   RO         1726    .text               mc_w.l(uidiv.o)
    0x08000386   0x08000386   0x0000001e   Code   RO         1728    .text               mc_w.l(llshl.o)
    0x080003a4   0x080003a4   0x00000020   Code   RO         1730    .text               mc_w.l(llushr.o)
    0x080003c4   0x080003c4   0x00000024   Code   RO         1743    .text               mc_w.l(init.o)
    0x080003e8   0x080003e8   0x000000c4   Code   RO          359    .text.BSP_COM_Init  custom.o
    0x080004ac   0x080004ac   0x00000004   Code   RO           64    .text.BSP_GetTick   custom_bus.o
    0x080004b0   0x080004b0   0x00000050   Code   RO           48    .text.BSP_I2C1_DeInit  custom_bus.o
    0x08000500   0x08000500   0x000000f2   Code   RO           44    .text.BSP_I2C1_Init  custom_bus.o
    0x080005f2   0x080005f2   0x00000002   PAD
    0x080005f4   0x080005f4   0x0000004a   Code   RO           58    .text.BSP_I2C1_ReadReg16  custom_bus.o
    0x0800063e   0x0800063e   0x00000002   PAD
    0x08000640   0x08000640   0x0000004a   Code   RO           56    .text.BSP_I2C1_WriteReg16  custom_bus.o
    0x0800068a   0x0800068a   0x00000002   PAD
    0x0800068c   0x0800068c   0x00000002   Code   RO           81    .text.BusFault_Handler  stm32h5xx_it.o
    0x0800068e   0x0800068e   0x00000002   PAD
    0x08000690   0x08000690   0x0000002c   Code   RO          116    .text.CUSTOM_RANGING_SENSOR_ConfigProfile  custom_ranging_sensor.o
    0x080006bc   0x080006bc   0x0000002c   Code   RO          114    .text.CUSTOM_RANGING_SENSOR_GetCapabilities  custom_ranging_sensor.o
    0x080006e8   0x080006e8   0x0000002c   Code   RO          122    .text.CUSTOM_RANGING_SENSOR_GetDistance  custom_ranging_sensor.o
    0x08000714   0x08000714   0x000000d2   Code   RO          108    .text.CUSTOM_RANGING_SENSOR_Init  custom_ranging_sensor.o
    0x080007e6   0x080007e6   0x00000002   PAD
    0x080007e8   0x080007e8   0x0000002c   Code   RO          112    .text.CUSTOM_RANGING_SENSOR_ReadID  custom_ranging_sensor.o
    0x08000814   0x08000814   0x0000002c   Code   RO          124    .text.CUSTOM_RANGING_SENSOR_Start  custom_ranging_sensor.o
    0x08000840   0x08000840   0x0000002c   Code   RO          126    .text.CUSTOM_RANGING_SENSOR_Stop  custom_ranging_sensor.o
    0x0800086c   0x0800086c   0x00000002   Code   RO           87    .text.DebugMon_Handler  stm32h5xx_it.o
    0x0800086e   0x0800086e   0x00000002   PAD
    0x08000870   0x08000870   0x00000006   Code   RO           15    .text.Error_Handler  main.o
    0x08000876   0x08000876   0x00000002   PAD
    0x08000878   0x08000878   0x00000028   Code   RO         1062    .text.HAL_Delay     stm32h5xx_hal.o
    0x080008a0   0x080008a0   0x000000fa   Code   RO          844    .text.HAL_GPIO_DeInit  stm32h5xx_hal_gpio.o
    0x0800099a   0x0800099a   0x00000002   PAD
    0x0800099c   0x0800099c   0x0000019a   Code   RO          842    .text.HAL_GPIO_Init  stm32h5xx_hal_gpio.o
    0x08000b36   0x08000b36   0x00000002   PAD
    0x08000b38   0x08000b38   0x0000000c   Code   RO          848    .text.HAL_GPIO_WritePin  stm32h5xx_hal_gpio.o
    0x08000b44   0x08000b44   0x0000000c   Code   RO         1054    .text.HAL_GetTick   stm32h5xx_hal.o
    0x08000b50   0x08000b50   0x0000004a   Code   RO          534    .text.HAL_I2CEx_ConfigAnalogFilter  stm32h5xx_hal_i2c_ex.o
    0x08000b9a   0x08000b9a   0x00000002   PAD
    0x08000b9c   0x08000b9c   0x00000048   Code   RO          536    .text.HAL_I2CEx_ConfigDigitalFilter  stm32h5xx_hal_i2c_ex.o
    0x08000be4   0x08000be4   0x00000036   Code   RO          384    .text.HAL_I2C_DeInit  stm32h5xx_hal_i2c.o
    0x08000c1a   0x08000c1a   0x00000002   PAD
    0x08000c1c   0x08000c1c   0x00000004   Code   RO          510    .text.HAL_I2C_GetError  stm32h5xx_hal_i2c.o
    0x08000c20   0x08000c20   0x00000006   Code   RO          506    .text.HAL_I2C_GetState  stm32h5xx_hal_i2c.o
    0x08000c26   0x08000c26   0x00000002   PAD
    0x08000c28   0x08000c28   0x000000ac   Code   RO          380    .text.HAL_I2C_Init  stm32h5xx_hal_i2c.o
    0x08000cd4   0x08000cd4   0x00000240   Code   RO          440    .text.HAL_I2C_Mem_Read  stm32h5xx_hal_i2c.o
    0x08000f14   0x08000f14   0x00000238   Code   RO          438    .text.HAL_I2C_Mem_Write  stm32h5xx_hal_i2c.o
    0x0800114c   0x0800114c   0x00000002   Code   RO          386    .text.HAL_I2C_MspDeInit  stm32h5xx_hal_i2c.o
    0x0800114e   0x0800114e   0x00000002   PAD
    0x08001150   0x08001150   0x00000002   Code   RO          382    .text.HAL_I2C_MspInit  stm32h5xx_hal_i2c.o
    0x08001152   0x08001152   0x00000002   PAD
    0x08001154   0x08001154   0x00000020   Code   RO         1364    .text.HAL_ICACHE_ConfigAssociativityMode  stm32h5xx_hal_icache.o
    0x08001174   0x08001174   0x00000014   Code   RO         1368    .text.HAL_ICACHE_Enable  stm32h5xx_hal_icache.o
    0x08001188   0x08001188   0x0000001a   Code   RO         1052    .text.HAL_IncTick   stm32h5xx_hal.o
    0x080011a2   0x080011a2   0x00000002   PAD
    0x080011a4   0x080011a4   0x0000004c   Code   RO         1042    .text.HAL_Init      stm32h5xx_hal.o
    0x080011f0   0x080011f0   0x000000aa   Code   RO         1044    .text.HAL_InitTick  stm32h5xx_hal.o
    0x0800129a   0x0800129a   0x00000002   PAD
    0x0800129c   0x0800129c   0x00000002   Code   RO          100    .text.HAL_MspInit   stm32h5xx_hal_msp.o
    0x0800129e   0x0800129e   0x00000002   PAD
    0x080012a0   0x080012a0   0x00000056   Code   RO          990    .text.HAL_NVIC_SetPriority  stm32h5xx_hal_cortex.o
    0x080012f6   0x080012f6   0x00000002   PAD
    0x080012f8   0x080012f8   0x00000020   Code   RO          988    .text.HAL_NVIC_SetPriorityGrouping  stm32h5xx_hal_cortex.o
    0x08001318   0x08001318   0x000001b4   Code   RO          715    .text.HAL_RCCEx_GetPLL1ClockFreq  stm32h5xx_hal_rcc_ex.o
    0x080014cc   0x080014cc   0x000001b4   Code   RO          717    .text.HAL_RCCEx_GetPLL2ClockFreq  stm32h5xx_hal_rcc_ex.o
    0x08001680   0x08001680   0x00000780   Code   RO          719    .text.HAL_RCCEx_GetPeriphCLKFreq  stm32h5xx_hal_rcc_ex.o
    0x08001e00   0x08001e00   0x000006c4   Code   RO          709    .text.HAL_RCCEx_PeriphCLKConfig  stm32h5xx_hal_rcc_ex.o
    0x080024c4   0x080024c4   0x0000026e   Code   RO          673    .text.HAL_RCC_ClockConfig  stm32h5xx_hal_rcc.o
    0x08002732   0x08002732   0x00000002   PAD
    0x08002734   0x08002734   0x00000030   Code   RO          671    .text.HAL_RCC_GetHCLKFreq  stm32h5xx_hal_rcc.o
    0x08002764   0x08002764   0x00000046   Code   RO          679    .text.HAL_RCC_GetPCLK1Freq  stm32h5xx_hal_rcc.o
    0x080027aa   0x080027aa   0x00000002   PAD
    0x080027ac   0x080027ac   0x00000046   Code   RO          681    .text.HAL_RCC_GetPCLK2Freq  stm32h5xx_hal_rcc.o
    0x080027f2   0x080027f2   0x00000002   PAD
    0x080027f4   0x080027f4   0x00000046   Code   RO          683    .text.HAL_RCC_GetPCLK3Freq  stm32h5xx_hal_rcc.o
    0x0800283a   0x0800283a   0x00000002   PAD
    0x0800283c   0x0800283c   0x0000012c   Code   RO          675    .text.HAL_RCC_GetSysClockFreq  stm32h5xx_hal_rcc.o
    0x08002968   0x08002968   0x0000064a   Code   RO          669    .text.HAL_RCC_OscConfig  stm32h5xx_hal_rcc.o
    0x08002fb2   0x08002fb2   0x00000002   PAD
    0x08002fb4   0x08002fb4   0x0000008e   Code   RO         1014    .text.HAL_SYSTICK_CLKSourceConfig  stm32h5xx_hal_cortex.o
    0x08003042   0x08003042   0x00000002   PAD
    0x08003044   0x08003044   0x00000024   Code   RO         1012    .text.HAL_SYSTICK_Config  stm32h5xx_hal_cortex.o
    0x08003068   0x08003068   0x00000030   Code   RO         1016    .text.HAL_SYSTICK_GetCLKSourceConfig  stm32h5xx_hal_cortex.o
    0x08003098   0x08003098   0x00000036   Code   RO         1341    .text.HAL_UARTEx_DisableFifoMode  stm32h5xx_hal_uart_ex.o
    0x080030ce   0x080030ce   0x00000002   PAD
    0x080030d0   0x080030d0   0x0000008c   Code   RO         1345    .text.HAL_UARTEx_SetRxFifoThreshold  stm32h5xx_hal_uart_ex.o
    0x0800315c   0x0800315c   0x0000008c   Code   RO         1343    .text.HAL_UARTEx_SetTxFifoThreshold  stm32h5xx_hal_uart_ex.o
    0x080031e8   0x080031e8   0x00000068   Code   RO         1180    .text.HAL_UART_Init  stm32h5xx_hal_uart.o
    0x08003250   0x08003250   0x00000002   Code   RO         1182    .text.HAL_UART_MspInit  stm32h5xx_hal_uart.o
    0x08003252   0x08003252   0x00000002   PAD
    0x08003254   0x08003254   0x0000010a   Code   RO         1204    .text.HAL_UART_Receive  stm32h5xx_hal_uart.o
    0x0800335e   0x0800335e   0x00000002   PAD
    0x08003360   0x08003360   0x000001a0   Code   RO         1200    .text.HAL_UART_Transmit  stm32h5xx_hal_uart.o
    0x08003500   0x08003500   0x00000002   Code   RO           77    .text.HardFault_Handler  stm32h5xx_it.o
    0x08003502   0x08003502   0x00000002   PAD
    0x08003504   0x08003504   0x00000160   Code   RO          524    .text.I2C_IsErrorOccurred  stm32h5xx_hal_i2c.o
    0x08003664   0x08003664   0x00000102   Code   RO          390    .text.I2C_WaitOnFlagUntilTimeout  stm32h5xx_hal_i2c.o
    0x08003766   0x08003766   0x00000002   PAD
    0x08003768   0x08003768   0x00000080   Code   RO          394    .text.I2C_WaitOnSTOPFlagUntilTimeout  stm32h5xx_hal_i2c.o
    0x080037e8   0x080037e8   0x000000ac   Code   RO          392    .text.I2C_WaitOnTXISFlagUntilTimeout  stm32h5xx_hal_i2c.o
    0x08003894   0x08003894   0x0000005c   Code   RO           25    .text.MX_GPIO_Init  gpio.o
    0x080038f0   0x080038f0   0x0000004e   Code   RO           46    .text.MX_I2C1_Init  custom_bus.o
    0x0800393e   0x0800393e   0x00000002   PAD
    0x08003940   0x08003940   0x00000022   Code   RO           35    .text.MX_ICACHE_Init  icache.o
    0x08003962   0x08003962   0x00000002   PAD
    0x08003964   0x08003964   0x00000078   Code   RO          146    .text.MX_TOF_Init   app_tof.o
    0x080039dc   0x080039dc   0x00000600   Code   RO          148    .text.MX_TOF_Process  app_tof.o
    0x08003fdc   0x08003fdc   0x0000005c   Code   RO          361    .text.MX_USART1_UART_Init  custom.o
    0x08004038   0x08004038   0x00000002   Code   RO           79    .text.MemManage_Handler  stm32h5xx_it.o
    0x0800403a   0x0800403a   0x00000002   PAD
    0x0800403c   0x0800403c   0x00000002   Code   RO           75    .text.NMI_Handler   stm32h5xx_it.o
    0x0800403e   0x0800403e   0x00000002   PAD
    0x08004040   0x08004040   0x00000002   Code   RO           89    .text.PendSV_Handler  stm32h5xx_it.o
    0x08004042   0x08004042   0x00000002   PAD
    0x08004044   0x08004044   0x000000f0   Code   RO          711    .text.RCCEx_PLL2_Config  stm32h5xx_hal_rcc_ex.o
    0x08004134   0x08004134   0x00000002   Code   RO           85    .text.SVC_Handler   stm32h5xx_it.o
    0x08004136   0x08004136   0x00000002   PAD
    0x08004138   0x08004138   0x00000004   Code   RO           91    .text.SysTick_Handler  stm32h5xx_it.o
    0x0800413c   0x0800413c   0x000000c6   Code   RO           13    .text.SystemClock_Config  main.o
    0x08004202   0x08004202   0x00000002   PAD
    0x08004204   0x08004204   0x000000a8   Code   RO         1406    .text.SystemInit    system_stm32h5xx.o
    0x080042ac   0x080042ac   0x000000e8   Code   RO         1184    .text.UART_AdvFeatureConfig  stm32h5xx_hal_uart.o
    0x08004394   0x08004394   0x0000016e   Code   RO         1188    .text.UART_CheckIdleState  stm32h5xx_hal_uart.o
    0x08004502   0x08004502   0x00000002   PAD
    0x08004504   0x08004504   0x000001ae   Code   RO         1186    .text.UART_SetConfig  stm32h5xx_hal_uart.o
    0x080046b2   0x080046b2   0x00000002   PAD
    0x080046b4   0x080046b4   0x00000350   Code   RO         1202    .text.UART_WaitOnFlagUntilTimeout  stm32h5xx_hal_uart.o
    0x08004a04   0x08004a04   0x00000002   Code   RO           83    .text.UsageFault_Handler  stm32h5xx_it.o
    0x08004a06   0x08004a06   0x00000002   PAD
    0x08004a08   0x08004a08   0x0000018e   Code   RO          326    .text.VL53L8CX_ConfigIT  vl53l8cx.o
    0x08004b96   0x08004b96   0x00000002   PAD
    0x08004b98   0x08004b98   0x000000a4   Code   RO          322    .text.VL53L8CX_ConfigProfile  vl53l8cx.o
    0x08004c3c   0x08004c3c   0x00000006   Code   RO          324    .text.VL53L8CX_ConfigROI  vl53l8cx.o
    0x08004c42   0x08004c42   0x00000002   PAD
    0x08004c44   0x08004c44   0x0000002c   Code   RO          316    .text.VL53L8CX_DeInit  vl53l8cx.o
    0x08004c70   0x08004c70   0x00000018   Code   RO          336    .text.VL53L8CX_GetAddress  vl53l8cx.o
    0x08004c88   0x08004c88   0x00000020   Code   RO          320    .text.VL53L8CX_GetCapabilities  vl53l8cx.o
    0x08004ca8   0x08004ca8   0x00000274   Code   RO          328    .text.VL53L8CX_GetDistance  vl53l8cx.o
    0x08004f1c   0x08004f1c   0x0000003c   Code   RO          340    .text.VL53L8CX_GetPowerMode  vl53l8cx.o
    0x08004f58   0x08004f58   0x00000036   Code   RO          314    .text.VL53L8CX_Init  vl53l8cx.o
    0x08004f8e   0x08004f8e   0x00000002   PAD
    0x08004f90   0x08004f90   0x00000010   Code   RO          294    .text.VL53L8CX_RdByte  platform.o
    0x08004fa0   0x08004fa0   0x00000010   Code   RO          300    .text.VL53L8CX_RdMulti  platform.o
    0x08004fb0   0x08004fb0   0x0000007a   Code   RO          318    .text.VL53L8CX_ReadID  vl53l8cx.o
    0x0800502a   0x0800502a   0x00000002   PAD
    0x0800502c   0x0800502c   0x00000050   Code   RO          342    .text.VL53L8CX_RegisterBusIO  vl53l8cx.o
    0x0800507c   0x0800507c   0x00000026   Code   RO          334    .text.VL53L8CX_SetAddress  vl53l8cx.o
    0x080050a2   0x080050a2   0x00000002   PAD
    0x080050a4   0x080050a4   0x0000002a   Code   RO          338    .text.VL53L8CX_SetPowerMode  vl53l8cx.o
    0x080050ce   0x080050ce   0x00000002   PAD
    0x080050d0   0x080050d0   0x00000064   Code   RO          330    .text.VL53L8CX_Start  vl53l8cx.o
    0x08005134   0x08005134   0x0000002c   Code   RO          332    .text.VL53L8CX_Stop  vl53l8cx.o
    0x08005160   0x08005160   0x000000d0   Code   RO          302    .text.VL53L8CX_SwapBuffer  platform.o
    0x08005230   0x08005230   0x0000001a   Code   RO          304    .text.VL53L8CX_WaitMs  platform.o
    0x0800524a   0x0800524a   0x00000002   PAD
    0x0800524c   0x0800524c   0x0000001c   Code   RO          296    .text.VL53L8CX_WrByte  platform.o
    0x08005268   0x08005268   0x00000010   Code   RO          298    .text.VL53L8CX_WrMulti  platform.o
    0x08005278   0x08005278   0x00000570   Code   RO          167    .text._vl53l8cx_send_offset_data  vl53l8cx_api.o
    0x080057e8   0x080057e8   0x00000308   Code   RO          169    .text._vl53l8cx_send_xtalk_data  vl53l8cx_api.o
    0x08005af0   0x08005af0   0x00000032   Code   RO          367    .text.fputc         custom.o
    0x08005b22   0x08005b22   0x00000002   PAD
    0x08005b24   0x08005b24   0x0000001a   Code   RO           11    .text.main          main.o
    0x08005b3e   0x08005b3e   0x00000002   PAD
    0x08005b40   0x08005b40   0x00000062   Code   RO          187    .text.vl53l8cx_check_data_ready  vl53l8cx_api.o
    0x08005ba2   0x08005ba2   0x00000002   PAD
    0x08005ba4   0x08005ba4   0x00000152   Code   RO          183    .text.vl53l8cx_dci_read_data  vl53l8cx_api.o
    0x08005cf6   0x08005cf6   0x00000002   PAD
    0x08005cf8   0x08005cf8   0x0000003e   Code   RO          197    .text.vl53l8cx_dci_replace_data  vl53l8cx_api.o
    0x08005d36   0x08005d36   0x00000002   PAD
    0x08005d38   0x08005d38   0x00000128   Code   RO          171    .text.vl53l8cx_dci_write_data  vl53l8cx_api.o
    0x08005e60   0x08005e60   0x0000006c   Code   RO          175    .text.vl53l8cx_get_power_mode  vl53l8cx_api.o
    0x08005ecc   0x08005ecc   0x00000656   Code   RO          189    .text.vl53l8cx_get_ranging_data  vl53l8cx_api.o
    0x08006522   0x08006522   0x00000002   PAD
    0x08006524   0x08006524   0x00000024   Code   RO          181    .text.vl53l8cx_get_resolution  vl53l8cx_api.o
    0x08006548   0x08006548   0x0000060c   Code   RO          165    .text.vl53l8cx_init  vl53l8cx_api.o
    0x08006b54   0x08006b54   0x0000067a   Code   RO          244    .text.vl53l8cx_set_detection_thresholds  vl53l8cx_plugin_detection_thresholds.o
    0x080071ce   0x080071ce   0x00000002   PAD
    0x080071d0   0x080071d0   0x0000006c   Code   RO          240    .text.vl53l8cx_set_detection_thresholds_enable  vl53l8cx_plugin_detection_thresholds.o
    0x0800723c   0x0800723c   0x00000032   Code   RO          173    .text.vl53l8cx_set_i2c_address  vl53l8cx_api.o
    0x0800726e   0x0800726e   0x00000002   PAD
    0x08007270   0x08007270   0x00000048   Code   RO          201    .text.vl53l8cx_set_integration_time_ms  vl53l8cx_api.o
    0x080072b8   0x080072b8   0x000001f8   Code   RO          177    .text.vl53l8cx_set_power_mode  vl53l8cx_api.o
    0x080074b0   0x080074b0   0x00000032   Code   RO          195    .text.vl53l8cx_set_ranging_frequency_hz  vl53l8cx_api.o
    0x080074e2   0x080074e2   0x00000002   PAD
    0x080074e4   0x080074e4   0x00000078   Code   RO          213    .text.vl53l8cx_set_ranging_mode  vl53l8cx_api.o
    0x0800755c   0x0800755c   0x000000ea   Code   RO          191    .text.vl53l8cx_set_resolution  vl53l8cx_api.o
    0x08007646   0x08007646   0x00000002   PAD
    0x08007648   0x08007648   0x0000039a   Code   RO          179    .text.vl53l8cx_start_ranging  vl53l8cx_api.o
    0x080079e2   0x080079e2   0x00000002   PAD
    0x080079e4   0x080079e4   0x00000108   Code   RO          185    .text.vl53l8cx_stop_ranging  vl53l8cx_api.o
    0x08007aec   0x08007aec   0x00000020   Code   RO         1596    i.__0printf$6       mc_w.l(printf6.o)
    0x08007b0c   0x08007b0c   0x0000000e   Code   RO         1751    i.__scatterload_copy  mc_w.l(handlers.o)
    0x08007b1a   0x08007b1a   0x00000002   Code   RO         1752    i.__scatterload_null  mc_w.l(handlers.o)
    0x08007b1c   0x08007b1c   0x0000000e   Code   RO         1753    i.__scatterload_zeroinit  mc_w.l(handlers.o)
    0x08007b2a   0x08007b2a   0x00000002   PAD
    0x08007b2c   0x08007b2c   0x000002f0   Code   RO         1603    i._printf_core      mc_w.l(printf6.o)
    0x08007e1c   0x08007e1c   0x00000024   Code   RO         1604    i._printf_post_padding  mc_w.l(printf6.o)
    0x08007e40   0x08007e40   0x0000002e   Code   RO         1605    i._printf_pre_padding  mc_w.l(printf6.o)
    0x08007e6e   0x08007e6e   0x00000002   PAD
    0x08007e70   0x08007e70   0x0000000c   Code   RO         1425    i.putchar           mc_w.l(putchar.o)
    0x08007e7c   0x08007e7c   0x00000024   Code   RO         1423    i.puts              mc_w.l(puts.o)
    0x08007ea0   0x08007ea0   0x00000030   Data   RO          228    .rodata..L__const.vl53l8cx_start_ranging.output  vl53l8cx_api.o
    0x08007ed0   0x08007ed0   0x00000010   Data   RO         1411    .rodata.AHBPrescTable  system_stm32h5xx.o
    0x08007ee0   0x08007ee0   0x00000008   Data   RO         1412    .rodata.APBPrescTable  system_stm32h5xx.o
    0x08007ee8   0x08007ee8   0x00000018   Data   RO         1314    .rodata.UARTPrescTable  stm32h5xx_hal_uart.o
    0x08007f00   0x08007f00   0x000003cc   Data   RO          224    .rodata.VL53L8CX_DEFAULT_CONFIGURATION  vl53l8cx_api.o
    0x080082cc   0x080082cc   0x00000308   Data   RO          225    .rodata.VL53L8CX_DEFAULT_XTALK  vl53l8cx_api.o
    0x080085d4   0x080085d4   0x00015000   Data   RO          223    .rodata.VL53L8CX_FIRMWARE  vl53l8cx_api.o
    0x0801d5d4   0x0801d5d4   0x00000028   Data   RO          226    .rodata.VL53L8CX_GET_NVM_CMD  vl53l8cx_api.o
    0x0801d5fc   0x0801d5fc   0x00000010   Data   RO          153    .rodata.cst16       app_tof.o
    0x0801d60c   0x0801d60c   0x00000010   Data   RO          227    .rodata.cst16       vl53l8cx_api.o
    0x0801d61c   0x0801d61c   0x00000010   Data   RO         1355    .rodata.cst8        stm32h5xx_hal_uart_ex.o
    0x0801d62c   0x0801d62c   0x0000015c   Data   RO          152    .rodata.str1.1      app_tof.o
    0x0801d788   0x0801d788   0x00000020   Data   RO         1750    Region$$Table       anon$$obj.o


    Execution Region RW_IRAM1 (Exec base: 0x20000000, Load base: 0x0801d7a8, Size: 0x000059b0, Max: 0x00008000, ABSOLUTE)

    Exec Addr    Load Addr    Size         Type   Attr      Idx    E Section Name        Object

    0x20000000   0x0801d7a8   0x00000004   Data   RW         1716    .data               mc_w.l(stdout.o)
    0x20000004   0x0801d7ac   0x00000008   Data   RW         1141    .data..L_MergedGlobals  stm32h5xx_hal.o
    0x2000000c   0x0801d7b4   0x00000004   Data   RW          369    .data.COM_USART     custom.o
    0x20000010   0x0801d7b8   0x00000004   Data   RW         1410    .data.SystemCoreClock  system_stm32h5xx.o
    0x20000014   0x0801d7bc   0x00000038   Data   RW          346    .data.VL53L8CX_RANGING_SENSOR_Driver  vl53l8cx.o
    0x2000004c   0x0801d7f4   0x00000004   PAD
    0x20000050        -       0x00000058   Zero   RW           66    .bss..L_MergedGlobals  custom_bus.o
    0x200000a8        -       0x00000014   Zero   RW          137    .bss..L_MergedGlobals  custom_ranging_sensor.o
    0x200000bc        -       0x00000024   Zero   RW          154    .bss..L_MergedGlobals  app_tof.o
    0x200000e0        -       0x00000001   Zero   RW          371    .bss.COM_ActiveLogPort  custom.o
    0x200000e1   0x0801d7f4   0x00000003   PAD
    0x200000e4        -       0x00000504   Zero   RW          151    .bss.MX_VL53L8CX_SimpleRanging_Process.Result  app_tof.o
    0x200005e8        -       0x00000300   Zero   RW          347    .bss.VL53L8CX_ConfigIT.thresholds  vl53l8cx.o
    0x200008e8        -       0x00000ae0   Zero   RW          136    .bss.VL53L8CX_Probe.VL53L8CXObj  custom_ranging_sensor.o
    0x200013c8        -       0x00000094   Zero   RW          370    .bss.hcom_uart      custom.o
    0x2000145c        -       0x00000004   Zero   RW         1140    .bss.uwTick         stm32h5xx_hal.o
    0x20001460        -       0x00000550   Zero   RW          348    .bss.vl53l8cx_get_result.data  vl53l8cx.o
    0x200019b0        -       0x00004000   Zero   RW            1    STACK               startup_stm32h503xx.o


==============================================================================

Image component sizes


      Code (inc. data)   RO Data    RW Data    ZI Data      Debug   Object Name

      1656        232        364          0       1320       4440   app_tof.o
       338          0          0          4        149       9540   custom.o
       552          0          0          0         88      11409   custom_bus.o
       474          0          0          0       2804       8733   custom_ranging_sensor.o
        92          0          0          0          0       2912   gpio.o
        34          0          0          0          0        665   icache.o
       230          0          0          0          0       3973   main.o
       310          0          0          0          0       3126   platform.o
        40         10        600          0      16384        884   startup_stm32h503xx.o
       324          0          0          8          4      12033   stm32h5xx_hal.o
       344          6          0          0          0      13524   stm32h5xx_hal_cortex.o
       672          0          0          0          0       5305   stm32h5xx_hal_gpio.o
      2294          0          0          0          0      57392   stm32h5xx_hal_i2c.o
       146          0          0          0          0       5837   stm32h5xx_hal_i2c_ex.o
        52          0          0          0          0       4049   stm32h5xx_hal_icache.o
         2          0          0          0          0        387   stm32h5xx_hal_msp.o
      2790         16          0          0          0      12181   stm32h5xx_hal_rcc.o
      4764         78          0          0          0      17349   stm32h5xx_hal_rcc_ex.o
      2664          0         24          0          0      39260   stm32h5xx_hal_uart.o
       334          0         16          0          0      11804   stm32h5xx_hal_uart_ex.o
        20          0          0          0          0       1151   stm32h5xx_it.o
       168          0         24          4          0       5343   system_stm32h5xx.o
      1836          8          0         56       2128      12705   vl53l8cx.o
      8492          0      87868          0          0      31817   vl53l8cx_api.o
      1766         38          0          0          0       7576   vl53l8cx_plugin_detection_thresholds.o

    ----------------------------------------------------------------------
     30508        388      88928         72      22884     283395   Object Totals
         0          0         32          0          0          0   (incl. Generated)
       114          0          0          0          7          0   (incl. Padding)

    ----------------------------------------------------------------------

      Code (inc. data)   RO Data    RW Data    ZI Data      Debug   Library Member Name

         0          0          0          0          0          0   entry.o
         0          0          0          0          0          0   entry10a.o
         0          0          0          0          0          0   entry11a.o
         8          4          0          0          0          0   entry2.o
         4          0          0          0          0          0   entry5.o
         0          0          0          0          0          0   entry7b.o
         0          0          0          0          0          0   entry8b.o
         8          4          0          0          0          0   entry9a.o
        30          0          0          0          0          0   handlers.o
        36          8          0          0          0         68   init.o
        30          0          0          0          0         68   llshl.o
        32          0          0          0          0         68   llushr.o
        64          0          0          0          0         76   memmovea.o
        36          0          0          0          0        108   memseta.o
       866         14          0          0          0        352   printf6.o
        12          6          0          0          0         68   putchar.o
        36          6          0          0          0         80   puts.o
         0          0          0          4          0          0   stdout.o
        44          0          0          0          0         80   uidiv.o
        98          0          0          0          0         92   uldiv.o

    ----------------------------------------------------------------------
      1308         42          0          4          0       1060   Library Totals
         4          0          0          0          0          0   (incl. Padding)

    ----------------------------------------------------------------------

      Code (inc. data)   RO Data    RW Data    ZI Data      Debug   Library Name

      1304         42          0          4          0       1060   mc_w.l

    ----------------------------------------------------------------------
      1308         42          0          4          0       1060   Library Totals

    ----------------------------------------------------------------------

==============================================================================


      Code (inc. data)   RO Data    RW Data    ZI Data      Debug   

     31816        430      88928         76      22884     283679   Grand Totals
     31816        430      88928         76      22884     283679   ELF Image Totals
     31816        430      88928         76          0          0   ROM Totals

==============================================================================

    Total RO  Size (Code + RO Data)               120744 ( 117.91kB)
    Total RW  Size (RW Data + ZI Data)             22960 (  22.42kB)
    Total ROM Size (Code + RO Data + RW Data)     120820 ( 117.99kB)

==============================================================================

